Component: ARM Compiler 5.06 update 6 (build 750) Tool: armlink [4d35ed]

==============================================================================

Section Cross References

    test.o(i.Test_Init) refers to port.o(i.Port_Init) for Port_Init
    test.o(i.Test_task) refers to port.o(i.Port_FlipPin) for Port_FlipPin
    test.o(i.Test_task) refers to noretval__2printf.o(.text) for __2printf
    test.o(i.Test_task) refers to tasks.o(i.vTaskDelay) for vTaskDelay
    port.o(i.Port_DeInit) refers to port_pbcfg.o(.constdata) for PortCfgPtr
    port.o(i.Port_DeInit) refers to port.o(.constdata) for GPIO_X
    port.o(i.Port_FlipPin) refers to port.o(i.Port_ReadPin) for Port_ReadPin
    port.o(i.Port_FlipPin) refers to port.o(.constdata) for GPIO_X
    port.o(i.Port_GetPinIO) refers to port.o(.constdata) for GPIO_X
    port.o(i.Port_Init) refers to port_pbcfg.o(.constdata) for PortCfgPtr
    port.o(i.Port_Init) refers to port.o(.constdata) for GPIO_X
    port.o(i.Port_Read) refers to port.o(.constdata) for GPIO_X
    port.o(i.Port_ReadPin) refers to port.o(.constdata) for GPIO_X
    port.o(i.Port_SetPinFun) refers to port.o(.constdata) for PORT_X
    port.o(i.Port_SetPinIO) refers to port.o(.constdata) for GPIO_X
    port.o(i.Port_Write) refers to port.o(.constdata) for GPIO_X
    port.o(i.Port_WritePin) refers to port.o(.constdata) for GPIO_X
    event_groups.o(i.vEventGroupClearBitsCallback) refers to event_groups.o(i.xEventGroupClearBits) for xEventGroupClearBits
    event_groups.o(i.vEventGroupDelete) refers to tasks.o(i.vTaskSuspendAll) for vTaskSuspendAll
    event_groups.o(i.vEventGroupDelete) refers to tasks.o(i.xTaskRemoveFromUnorderedEventList) for xTaskRemoveFromUnorderedEventList
    event_groups.o(i.vEventGroupDelete) refers to heap_4.o(i.vPortFree) for vPortFree
    event_groups.o(i.vEventGroupDelete) refers to tasks.o(i.xTaskResumeAll) for xTaskResumeAll
    event_groups.o(i.vEventGroupSetBitsCallback) refers to event_groups.o(i.xEventGroupSetBits) for xEventGroupSetBits
    event_groups.o(i.xEventGroupClearBits) refers to port_1.o(i.vPortEnterCritical) for vPortEnterCritical
    event_groups.o(i.xEventGroupClearBits) refers to port_1.o(i.vPortExitCritical) for vPortExitCritical
    event_groups.o(i.xEventGroupCreate) refers to heap_4.o(i.pvPortMalloc) for pvPortMalloc
    event_groups.o(i.xEventGroupCreate) refers to list.o(i.vListInitialise) for vListInitialise
    event_groups.o(i.xEventGroupSetBits) refers to tasks.o(i.vTaskSuspendAll) for vTaskSuspendAll
    event_groups.o(i.xEventGroupSetBits) refers to tasks.o(i.xTaskRemoveFromUnorderedEventList) for xTaskRemoveFromUnorderedEventList
    event_groups.o(i.xEventGroupSetBits) refers to tasks.o(i.xTaskResumeAll) for xTaskResumeAll
    event_groups.o(i.xEventGroupSync) refers to tasks.o(i.xTaskGetSchedulerState) for xTaskGetSchedulerState
    event_groups.o(i.xEventGroupSync) refers to tasks.o(i.vTaskSuspendAll) for vTaskSuspendAll
    event_groups.o(i.xEventGroupSync) refers to event_groups.o(i.xEventGroupSetBits) for xEventGroupSetBits
    event_groups.o(i.xEventGroupSync) refers to tasks.o(i.vTaskPlaceOnUnorderedEventList) for vTaskPlaceOnUnorderedEventList
    event_groups.o(i.xEventGroupSync) refers to tasks.o(i.xTaskResumeAll) for xTaskResumeAll
    event_groups.o(i.xEventGroupSync) refers to tasks.o(i.uxTaskResetEventItemValue) for uxTaskResetEventItemValue
    event_groups.o(i.xEventGroupSync) refers to port_1.o(i.vPortEnterCritical) for vPortEnterCritical
    event_groups.o(i.xEventGroupSync) refers to port_1.o(i.vPortExitCritical) for vPortExitCritical
    event_groups.o(i.xEventGroupWaitBits) refers to tasks.o(i.xTaskGetSchedulerState) for xTaskGetSchedulerState
    event_groups.o(i.xEventGroupWaitBits) refers to tasks.o(i.vTaskSuspendAll) for vTaskSuspendAll
    event_groups.o(i.xEventGroupWaitBits) refers to event_groups.o(i.prvTestWaitCondition) for prvTestWaitCondition
    event_groups.o(i.xEventGroupWaitBits) refers to tasks.o(i.vTaskPlaceOnUnorderedEventList) for vTaskPlaceOnUnorderedEventList
    event_groups.o(i.xEventGroupWaitBits) refers to tasks.o(i.xTaskResumeAll) for xTaskResumeAll
    event_groups.o(i.xEventGroupWaitBits) refers to tasks.o(i.uxTaskResetEventItemValue) for uxTaskResetEventItemValue
    event_groups.o(i.xEventGroupWaitBits) refers to port_1.o(i.vPortEnterCritical) for vPortEnterCritical
    event_groups.o(i.xEventGroupWaitBits) refers to port_1.o(i.vPortExitCritical) for vPortExitCritical
    queue.o(i.pcQueueGetName) refers to queue.o(.bss) for xQueueRegistry
    queue.o(i.prvCopyDataFromQueue) refers to rt_memcpy_v6.o(.text) for __aeabi_memcpy
    queue.o(i.prvCopyDataToQueue) refers to tasks.o(i.xTaskPriorityDisinherit) for xTaskPriorityDisinherit
    queue.o(i.prvCopyDataToQueue) refers to rt_memcpy_v6.o(.text) for __aeabi_memcpy
    queue.o(i.prvInitialiseMutex) refers to queue.o(i.xQueueGenericSend) for xQueueGenericSend
[...]
    .text                                    0x0000090c   Section        0  initio.o(.text)
    .text                                    0x00000a44   Section       78  rt_memclr_w.o(.text)
    .text                                    0x00000a92   Section        0  sys_io.o(.text)
    .text                                    0x00000af8   Section        0  h1_free.o(.text)
    .text                                    0x00000b46   Section        0  flsbuf.o(.text)
    .text                                    0x00000d1c   Section        0  setvbuf.o(.text)
    .text                                    0x00000d64   Section        0  fopen.o(.text)
    _freopen_locked                          0x00000d65   Thumb Code     0  fopen.o(.text)
    .text                                    0x00000e50   Section        0  fclose.o(.text)
    .text                                    0x00000e9c   Section        0  exit.o(.text)
    .text                                    0x00000eae   Section        0  defsig_rtred_outer.o(.text)
    .text                                    0x00000ebc   Section        2  use_no_semi.o(.text)
    .text                                    0x00000ebe   Section        0  indicate_semi.o(.text)
    .text                                    0x00000ec0   Section        8  rt_heap_descriptor_intlibspace.o(.text)
    .text                                    0x00000ec8   Section        0  hguard.o(.text)
    .text                                    0x00000ecc   Section        0  init_alloc.o(.text)
    .text                                    0x00000f56   Section        0  h1_alloc.o(.text)
    .text                                    0x00000fb4   Section        0  fseek.o(.text)
    .text                                    0x000010ac   Section        0  stdio.o(.text)
    .text                                    0x0000119c   Section        0  defsig_exit.o(.text)
    .text                                    0x000011a8   Section        0  defsig_rtred_inner.o(.text)
    .text                                    0x000011dc   Section        0  strlen.o(.text)
    .text                                    0x0000121c   Section        0  sys_exit.o(.text)
    .text                                    0x00001228   Section        0  h1_init.o(.text)
    .text                                    0x00001236   Section        0  h1_extend.o(.text)
    .text                                    0x0000126a   Section        0  ftell.o(.text)
    .text                                    0x000012ac   Section        0  defsig_general.o(.text)
    .text                                    0x000012de   Section        0  defsig_rtmem_outer.o(.text)
    .text                                    0x000012ec   Section        0  sys_wrch.o(.text)
    .text                                    0x000012fc   Section        8  rt_errno_addr_intlibspace.o(.text)
    .text                                    0x00001304   Section        0  defsig_rtmem_inner.o(.text)
    i.AppTaskCreate                          0x00001354   Section        0  main.o(i.AppTaskCreate)
    AppTaskCreate                            0x00001355   Thumb Code   118  main.o(i.AppTaskCreate)
    i.App_Task1                              0x00001428   Section        0  main.o(i.App_Task1)
    i.App_Task2                              0x00001440   Section        0  main.o(i.App_Task2)
    i.Bsp_Init                               0x00001458   Section        0  main.o(i.Bsp_Init)
    i.Port_FlipPin                           0x00001490   Section        0  port.o(i.Port_FlipPin)
    i.Port_Init                              0x000014c8   Section        0  port.o(i.Port_Init)
    i.Port_ReadPin                           0x00001544   Section        0  port.o(i.Port_ReadPin)
    i.SysTick_Handler                        0x0000157c   Section        0  port_1.o(i.SysTick_Handler)
    i.SystemInit                             0x000015b0   Section        0  system_s32k144.o(i.SystemInit)
    i.Test_Init                              0x000015f0   Section        0  test.o(i.Test_Init)
    i.Test_task                              0x000015f8   Section        0  test.o(i.Test_task)
    i.WDOG_disable                           0x00001620   Section        0  main.o(i.WDOG_disable)
    i.fputc                                  0x0000163c   Section        0  fputc.o(i.fputc)
    i.init_data_bss                          0x00001658   Section        0  startup.o(i.init_data_bss)
    i.main                                   0x000016ac   Section        0  main.o(i.main)
    i.prvAddCurrentTaskToDelayedList         0x00001718   Section        0  tasks.o(i.prvAddCurrentTaskToDelayedList)
    prvAddCurrentTaskToDelayedList           0x00001719   Thumb Code   124  tasks.o(i.prvAddCurrentTaskToDelayedList)
    i.prvAddNewTaskToReadyList               0x000017b0   Section        0  tasks.o(i.prvAddNewTaskToReadyList)
    prvAddNewTaskToReadyList                 0x000017b1   Thumb Code   156  tasks.o(i.prvAddNewTaskToReadyList)
    i.prvCheckForValidListAndQueue           0x00001868   Section        0  timers.o(i.prvCheckForValidListAndQueue)
    prvCheckForValidListAndQueue             0x00001869   Thumb Code    72  timers.o(i.prvCheckForValidListAndQueue)
    i.prvCheckTasksWaitingTermination        0x000018cc   Section        0  tasks.o(i.prvCheckTasksWaitingTermination)
    prvCheckTasksWaitingTermination          0x000018cd   Thumb Code    86  tasks.o(i.prvCheckTasksWaitingTermination)
    i.prvCopyDataFromQueue                   0x00001930   Section        0  queue.o(i.prvCopyDataFromQueue)
    prvCopyDataFromQueue                     0x00001931   Thumb Code    42  queue.o(i.prvCopyDataFromQueue)
    i.prvCopyDataToQueue                     0x0000195a   Section        0  queue.o(i.prvCopyDataToQueue)
    prvCopyDataToQueue                       0x0000195b   Thumb Code   124  queue.o(i.prvCopyDataToQueue)
    i.prvDeleteTCB                           0x000019d6   Section        0  tasks.o(i.prvDeleteTCB)
    prvDeleteTCB                             0x000019d7   Thumb Code    18  tasks.o(i.prvDeleteTCB)
    i.prvGetNextExpireTime                   0x000019e8   Section        0  timers.o(i.prvGetNextExpireTime)
    prvGetNextExpireTime                     0x000019e9   Thumb Code    36  timers.o(i.prvGetNextExpireTime)
    i.prvHeapInit                            0x00001a10   Section        0  heap_4.o(i.prvHeapInit)
    prvHeapInit                              0x00001a11   Thumb Code    98  heap_4.o(i.prvHeapInit)
    i.prvIdleTask                            0x00001a8c   Section        0  tasks.o(i.prvIdleTask)
    prvIdleTask                              0x00001a8d   Thumb Code    36  tasks.o(i.prvIdleTask)
    i.prvInitialiseNewQueue                  0x00001ab8   Section        0  queue.o(i.prvInitialiseNewQueue)
    prvInitialiseNewQueue                    0x00001ab9   Thumb Code    42  queue.o(i.prvInitialiseNewQueue)
    i.prvInitialiseNewTask                   0x00001ae2   Section        0  tasks.o(i.prvInitialiseNewTask)
    prvInitialiseNewTask                     0x00001ae3   Thumb Code   180  tasks.o(i.prvInitialiseNewTask)
    i.prvInitialiseTaskLists                 0x00001b98   Section        0  tasks.o(i.prvInitialiseTaskLists)
    prvInitialiseTaskLists                   0x00001b99   Thumb Code    70  tasks.o(i.prvInitialiseTaskLists)
    i.prvInsertBlockIntoFreeList             0x00001c00   Section        0  heap_4.o(i.prvInsertBlockIntoFreeList)
    prvInsertBlockIntoFreeList               0x00001c01   Thumb Code    96  heap_4.o(i.prvInsertBlockIntoFreeList)
    i.prvInsertTimerInActiveList             0x00001c68   Section        0  timers.o(i.prvInsertTimerInActiveList)
    prvInsertTimerInActiveList               0x00001c69   Thumb Code    80  timers.o(i.prvInsertTimerInActiveList)
    i.prvIsQueueEmpty                        0x00001cc0   Section        0  queue.o(i.prvIsQueueEmpty)
    prvIsQueueEmpty                          0x00001cc1   Thumb Code    26  queue.o(i.prvIsQueueEmpty)
    i.prvIsQueueFull                         0x00001cda   Section        0  queue.o(i.prvIsQueueFull)
    prvIsQueueFull                           0x00001cdb   Thumb Code    30  queue.o(i.prvIsQueueFull)
    i.prvProcessExpiredTimer                 0x00001cf8   Section        0  timers.o(i.prvProcessExpiredTimer)
    prvProcessExpiredTimer                   0x00001cf9   Thumb Code    94  timers.o(i.prvProcessExpiredTimer)
    i.prvProcessReceivedCommands             0x00001d5c   Section        0  timers.o(i.prvProcessReceivedCommands)
    prvProcessReceivedCommands               0x00001d5d   Thumb Code   242  timers.o(i.prvProcessReceivedCommands)
    i.prvProcessTimerOrBlockTask             0x00001e54   Section        0  timers.o(i.prvProcessTimerOrBlockTask)
    prvProcessTimerOrBlockTask               0x00001e55   Thumb Code   102  timers.o(i.prvProcessTimerOrBlockTask)
    i.prvResetNextTaskUnblockTime            0x00001ec8   Section        0  tasks.o(i.prvResetNextTaskUnblockTime)
    prvResetNextTaskUnblockTime              0x00001ec9   Thumb Code    42  tasks.o(i.prvResetNextTaskUnblockTime)
    i.prvSampleTimeNow                       0x00001efc   Section        0  timers.o(i.prvSampleTimeNow)
    prvSampleTimeNow                         0x00001efd   Thumb Code    40  timers.o(i.prvSampleTimeNow)
    i.prvSwitchTimerLists                    0x00001f28   Section        0  timers.o(i.prvSwitchTimerLists)
    prvSwitchTimerLists                      0x00001f29   Thumb Code   150  timers.o(i.prvSwitchTimerLists)
    i.prvTaskExitError                       0x00001fc8   Section        0  port_1.o(i.prvTaskExitError)
    prvTaskExitError                         0x00001fc9   Thumb Code    60  port_1.o(i.prvTaskExitError)
    i.prvTimerTask                           0x00002008   Section        0  timers.o(i.prvTimerTask)
    prvTimerTask                             0x00002009   Thumb Code    26  timers.o(i.prvTimerTask)
    i.prvUnlockQueue                         0x00002022   Section        0  queue.o(i.prvUnlockQueue)
    prvUnlockQueue                           0x00002023   Thumb Code   126  queue.o(i.prvUnlockQueue)
    i.pvPortMalloc                           0x000020a0   Section        0  heap_4.o(i.pvPortMalloc)
    i.pvTaskIncrementMutexHeldCount          0x000021e8   Section        0  tasks.o(i.pvTaskIncrementMutexHeldCount)
    i.pxPortInitialiseStack                  0x00002208   Section        0  port_1.o(i.pxPortInitialiseStack)
    i.uxListRemove                           0x00002234   Section        0  list.o(i.uxListRemove)
    i.vApplicationIdleHook                   0x0000225c   Section        0  main.o(i.vApplicationIdleHook)
    i.vApplicationMallocFailedHook           0x0000225e   Section        0  main.o(i.vApplicationMallocFailedHook)
    i.vApplicationStackOverflowHook          0x00002260   Section        0  main.o(i.vApplicationStackOverflowHook)
    i.vApplicationTickHook                   0x00002262   Section        0  main.o(i.vApplicationTickHook)
    i.vListInitialise                        0x00002264   Section        0  list.o(i.vListInitialise)
    i.vListInitialiseItem                    0x0000227e   Section        0  list.o(i.vListInitialiseItem)
    i.vListInsert                            0x00002284   Section        0  list.o(i.vListInsert)
    i.vListInsertEnd                         0x000022b8   Section        0  list.o(i.vListInsertEnd)
    i.vPortEnterCritical                     0x000022d0   Section        0  port_1.o(i.vPortEnterCritical)
    i.vPortExitCritical                      0x00002324   Section        0  port_1.o(i.vPortExitCritical)
    i.vPortFree                              0x00002360   Section        0  heap_4.o(i.vPortFree)
    i.vPortSetupTimerInterrupt               0x000023f4   Section        0  port_1.o(i.vPortSetupTimerInterrupt)
    i.vPortValidateInterruptPriority         0x00002404   Section        0  port_1.o(i.vPortValidateInterruptPriority)
    i.vQueueAddToRegistry                    0x0000247c   Section        0  queue.o(i.vQueueAddToRegistry)
    i.vQueueWaitForMessageRestricted         0x000024a8   Section        0  queue.o(i.vQueueWaitForMessageRestricted)
    i.vTaskDelay                             0x000024f4   Section        0  tasks.o(i.vTaskDelay)
    i.vTaskDelete                            0x00002550   Section        0  tasks.o(i.vTaskDelete)
    i.vTaskMissedYield                       0x00002644   Section        0  tasks.o(i.vTaskMissedYield)
    i.vTaskPlaceOnEventList                  0x00002650   Section        0  tasks.o(i.vTaskPlaceOnEventList)
    i.vTaskPlaceOnEventListRestricted        0x00002688   Section        0  tasks.o(i.vTaskPlaceOnEventListRestricted)
    i.vTaskPriorityInherit                   0x000026c8   Section        0  tasks.o(i.vTaskPriorityInherit)
    i.vTaskSetTimeOutState                   0x00002778   Section        0  tasks.o(i.vTaskSetTimeOutState)
    i.vTaskStartScheduler                    0x000027a8   Section        0  tasks.o(i.vTaskStartScheduler)
    i.vTaskSuspendAll                        0x0000283c   Section        0  tasks.o(i.vTaskSuspendAll)
    i.vTaskSwitchContext                     0x0000284c   Section        0  tasks.o(i.vTaskSwitchContext)
    i.xPortStartScheduler                    0x00002910   Section        0  port_1.o(i.xPortStartScheduler)
    i.xQueueGenericCreate                    0x00002a4c   Section        0  queue.o(i.xQueueGenericCreate)
    i.xQueueGenericReceive                   0x00002aa4   Section        0  queue.o(i.xQueueGenericReceive)
    i.xQueueGenericReset                     0x00002c68   Section        0  queue.o(i.xQueueGenericReset)
    i.xQueueGenericSend                      0x00002d00   Section        0  queue.o(i.xQueueGenericSend)
    i.xQueueGenericSendFromISR               0x00002ea8   Section        0  queue.o(i.xQueueGenericSendFromISR)
    i.xTaskCheckForTimeOut                   0x00002fa0   Section        0  tasks.o(i.xTaskCheckForTimeOut)
    i.xTaskCreate                            0x0000302c   Section        0  tasks.o(i.xTaskCreate)
    i.xTaskGetSchedulerState                 0x0000308c   Section        0  tasks.o(i.xTaskGetSchedulerState)
    i.xTaskGetTickCount                      0x000030ac   Section        0  tasks.o(i.xTaskGetTickCount)
    i.xTaskIncrementTick                     0x000030b8   Section        0  tasks.o(i.xTaskIncrementTick)
    i.xTaskPriorityDisinherit                0x0000320c   Section        0  tasks.o(i.xTaskPriorityDisinherit)
    i.xTaskRemoveFromEventList               0x000032d4   Section        0  tasks.o(i.xTaskRemoveFromEventList)
    i.xTaskResumeAll                         0x0000336c   Section        0  tasks.o(i.xTaskResumeAll)
    i.xTimerCreateTimerTask                  0x00003470   Section        0  timers.o(i.xTimerCreateTimerTask)
    i.xTimerGenericCommand                   0x000034c8   Section        0  timers.o(i.xTimerGenericCommand)
    x$fpl$fpinit                             0x0000354c   Section       10  fpinit.o(x$fpl$fpinit)
    $v0                                      0x0000354c   Number         0  fpinit.o(x$fpl$fpinit)
    .constdata                               0x00003558   Section      416  port_pbcfg.o(.constdata)
    PortGpioCfg                              0x00003558   Data          80  port_pbcfg.o(.constdata)
    PortPpcrCfg                              0x000035a8   Data         320  port_pbcfg.o(.constdata)
    PortConfig                               0x000036e8   Data          12  port_pbcfg.o(.constdata)
    .constdata                               0x000036f8   Section       40  port.o(.constdata)
    GPIO_X                                   0x000036f8   Data          20  port.o(.constdata)
    PORT_X                                   0x0000370c   Data          20  port.o(.constdata)
    .constdata                               0x00003720   Section        4  startup.o(.constdata)
    .constdata                               0x00003724   Section        4  sys_io.o(.constdata)
    .constdata                               0x00003728   Section        4  sys_io.o(.constdata)
    .constdata                               0x0000372c   Section        4  sys_io.o(.constdata)
    .bss                                     0x1fff8000   Section    31744  heap_4.o(.bss)
    ucHeap                                   0x1fff8000   Data       31744  heap_4.o(.bss)
    .data                                    0x20000000   Section       60  tasks.o(.data)
    pxDelayedTaskList                        0x20000004   Data           4  tasks.o(.data)
    pxOverflowDelayedTaskList                0x20000008   Data           4  tasks.o(.data)
    uxDeletedTasksWaitingCleanUp             0x2000000c   Data           4  tasks.o(.data)
    uxCurrentNumberOfTasks                   0x20000010   Data           4  tasks.o(.data)
    xTickCount                               0x20000014   Data           4  tasks.o(.data)
    uxTopReadyPriority                       0x20000018   Data           4  tasks.o(.data)
    xSchedulerRunning                        0x2000001c   Data           4  tasks.o(.data)
    uxPendedTicks                            0x20000020   Data           4  tasks.o(.data)
    xYieldPending                            0x20000024   Data           4  tasks.o(.data)
    xNumOfOverflows                          0x20000028   Data           4  tasks.o(.data)
    uxTaskNumber                             0x2000002c   Data           4  tasks.o(.data)
    xNextTaskUnblockTime                     0x20000030   Data           4  tasks.o(.data)
    xIdleTaskHandle                          0x20000034   Data           4  tasks.o(.data)
    uxSchedulerSuspended                     0x20000038   Data           4  tasks.o(.data)
    .data                                    0x2000003c   Section       20  timers.o(.data)
    pxCurrentTimerList                       0x2000003c   Data           4  timers.o(.data)
    pxOverflowTimerList                      0x20000040   Data           4  timers.o(.data)
    xTimerQueue                              0x20000044   Data           4  timers.o(.data)
    xTimerTaskHandle                         0x20000048   Data           4  timers.o(.data)
    xLastTime                                0x2000004c   Data           4  timers.o(.data)
    .data                                    0x20000050   Section       24  heap_4.o(.data)
    xStart                                   0x20000050   Data           8  heap_4.o(.data)
    pxEnd                                    0x20000058   Data           4  heap_4.o(.data)
    xFreeBytesRemaining                      0x2000005c   Data           4  heap_4.o(.data)
    xMinimumEverFreeBytesRemaining           0x20000060   Data           4  heap_4.o(.data)
    xBlockAllocatedBit                       0x20000064   Data           4  heap_4.o(.data)
    .data                                    0x20000068   Section       12  port_1.o(.data)
    uxCriticalNesting                        0x20000068   Data           4  port_1.o(.data)
    ucMaxSysCallPriority                     0x2000006c   Data           1  port_1.o(.data)
    ulMaxPRIGROUPValue                       0x20000070   Data           4  port_1.o(.data)
    .data                                    0x20000074   Section       16  main.o(.data)
    .data                                    0x20000084   Section        4  stdio_streams.o(.data)
    .data                                    0x20000088   Section        4  stdio_streams.o(.data)
    .data                                    0x2000008c   Section        4  stdio_streams.o(.data)
    .bss                                     0x20000090   Section       64  queue.o(.bss)
    .bss                                     0x200000d0   Section      200  tasks.o(.bss)
    pxReadyTasksLists                        0x200000d0   Data         100  tasks.o(.bss)
    xDelayedTaskList1                        0x20000134   Data          20  tasks.o(.bss)
    xDelayedTaskList2                        0x20000148   Data          20  tasks.o(.bss)
    xPendingReadyList                        0x2000015c   Data          20  tasks.o(.bss)
    xTasksWaitingTermination                 0x20000170   Data          20  tasks.o(.bss)
    xSuspendedTaskList                       0x20000184   Data          20  tasks.o(.bss)
    .bss                                     0x20000198   Section       40  timers.o(.bss)
    xActiveTimerList1                        0x20000198   Data          20  timers.o(.bss)
    xActiveTimerList2                        0x200001ac   Data          20  timers.o(.bss)
    .bss                                     0x200001c0   Section       84  stdio_streams.o(.bss)
    .bss                                     0x20000214   Section       84  stdio_streams.o(.bss)
    .bss                                     0x20000268   Section       84  stdio_streams.o(.bss)
    .bss                                     0x200002bc   Section       96  libspace.o(.bss)

    Global Symbols

    Symbol Name                              Value     Ov Type        Size  Object(Section)

    BuildAttributes$$THM_ISAv4$E$P$D$K$B$S$7EM$VFPi3$EXTD16$VFPS$VFMA$PE$A:L22UL41UL21$X:L11$S22US41US21$IEEE1$IW$USESV6$~STKCKD$USESV7$~SHL$OTIME$ROPI$EBA8$UX$STANDARDLIB$REQ8$PRES8$EABIv2 0x00000000   Number         0  anon$$obj.o ABSOLUTE
    Image$$VECTOR_RAM$$Base                  0x00000000   Number         0  anon$$obj.o ABSOLUTE
    Image$$VECTOR_ROM$$Base                  0x00000000   Number         0  anon$$obj.o ABSOLUTE
    __ARM_use_no_argv                        0x00000000   Number         0  main.o ABSOLUTE
    __Vectors                                0x00000000   Data           4  startup_s32k144.o(RESET)
    Image$$ZI$$Limit                          - Undefined Weak Reference
    __ARM_exceptions_init                     - Undefined Weak Reference
    __alloca_initialize                       - Undefined Weak Reference
    __arm_preinit_                            - Undefined Weak Reference
    __cpp_initialize__aeabi_                  - Undefined Weak Reference
    __cxa_finalize                            - Undefined Weak Reference
    __rt_locale                               - Undefined Weak Reference
    __sigvec_lookup                           - Undefined Weak Reference
    __user_heap_extent                        - Undefined Weak Reference
    _atexit_init                              - Undefined Weak Reference
    _call_atexit_fns                          - Undefined Weak Reference
    _clock_init                               - Undefined Weak Reference
    _fp_trap_init                             - Undefined Weak Reference
    _fp_trap_shutdown                         - Undefined Weak Reference
    _get_lc_collate                           - Undefined Weak Reference
    _get_lc_ctype                             - Undefined Weak Reference
    _get_lc_monetary                          - Undefined Weak Reference
    _get_lc_numeric                           - Undefined Weak Reference
    _get_lc_time                              - Undefined Weak Reference
    _getenv_init                              - Undefined Weak Reference
    _handle_redirection                       - Undefined Weak Reference
    _mutex_acquire                            - Undefined Weak Reference
    _mutex_free                               - Undefined Weak Reference
    _mutex_release                            - Undefined Weak Reference
    _printf_post_padding                      - Undefined Weak Reference
    _printf_pre_padding                       - Undefined Weak Reference
    _printf_truncate_signed                   - Undefined Weak Reference
    _printf_truncate_unsigned                 - Undefined Weak Reference
    _rand_init                                - Undefined Weak Reference
    _signal_finish                            - Undefined Weak Reference
    _signal_init                              - Undefined Weak Reference
    __Vectors_End                            0x00000400   Data           0  startup_s32k144.o(RESET)
    __Vectors_Size                           0x00000400   Number         0  startup_s32k144.o ABSOLUTE
    __main                                   0x00000411   Thumb Code     8  __main.o(!!!main)
    __scatterload                            0x00000419   Thumb Code     0  __scatter.o(!!!scatter)
    __scatterload_rt2                        0x00000419   Thumb Code    44  __scatter.o(!!!scatter)
    __scatterload_rt2_thumb_only             0x00000419   Thumb Code     0  __scatter.o(!!!scatter)
    __scatterload_null                       0x00000427   Thumb Code     0  __scatter.o(!!!scatter)
    __scatterload_copy                       0x0000044d   Thumb Code    26  __scatter_copy.o(!!handler_copy)
    __scatterload_zeroinit                   0x00000469   Thumb Code    28  __scatter_zi.o(!!handler_zi)
    _printf_d                                0x00000485   Thumb Code     0  _printf_d.o(.ARM.Collect$$_printf_percent$$00000009)
    _printf_percent                          0x00000485   Thumb Code     0  _printf_percent.o(.ARM.Collect$$_printf_percent$$00000000)
    _printf_percent_end                      0x0000048b   Thumb Code     0  _printf_percent_end.o(.ARM.Collect$$_printf_percent$$00000017)
    __rt_lib_init                            0x0000048f   Thumb Code     0  libinit.o(.ARM.Collect$$libinit$$00000000)
    __rt_lib_init_fp_1                       0x00000491   Thumb Code     0  libinit2.o(.ARM.Collect$$libinit$$00000001)
    __rt_lib_init_heap_2                     0x00000495   Thumb Code     0  libinit5.o(.ARM.Collect$$libinit$$00000008)
    __rt_lib_init_preinit_1                  0x00000495   Thumb Code     0  libinit2.o(.ARM.Collect$$libinit$$00000004)
    __rt_lib_init_atexit_1                   0x0000049d   Thumb Code     0  libinit2.o(.ARM.Collect$$libinit$$0000001B)
    __rt_lib_init_clock_1                    0x0000049d   Thumb Code     0  libinit2.o(.ARM.Collect$$libinit$$00000021)
    __rt_lib_init_fp_trap_1                  0x0000049d   Thumb Code     0  libinit2.o(.ARM.Collect$$libinit$$0000001F)
    __rt_lib_init_getenv_1                   0x0000049d   Thumb Code     0  libinit2.o(.ARM.Collect$$libinit$$00000023)
    __rt_lib_init_heap_1                     0x0000049d   Thumb Code     0  libinit2.o(.ARM.Collect$$libinit$$0000000A)
    __rt_lib_init_lc_collate_1               0x0000049d   Thumb Code     0  libinit2.o(.ARM.Collect$$libinit$$00000011)
    __rt_lib_init_lc_ctype_1                 0x0000049d   Thumb Code     0  libinit2.o(.ARM.Collect$$libinit$$00000013)
    __rt_lib_init_lc_monetary_1              0x0000049d   Thumb Code     0  libinit2.o(.ARM.Collect$$libinit$$00000015)
    __rt_lib_init_lc_numeric_1               0x0000049d   Thumb Code     0  libinit2.o(.ARM.Collect$$libinit$$00000017)
    __rt_lib_init_lc_time_1                  0x0000049d   Thumb Code     0  libinit2.o(.ARM.Collect$$libinit$$00000019)
    __rt_lib_init_rand_1                     0x0000049d   Thumb Code     0  libinit2.o(.ARM.Collect$$libinit$$0000000E)
    __rt_lib_init_signal_1                   0x0000049d   Thumb Code     0  libinit2.o(.ARM.Collect$$libinit$$0000001D)
    __rt_lib_init_stdio_2                    0x0000049d   Thumb Code     0  libinit2.o(.ARM.Collect$$libinit$$00000024)
    __rt_lib_init_user_alloc_1               0x0000049d   Thumb Code     0  libinit2.o(.ARM.Collect$$libinit$$0000000C)
    __rt_lib_init_alloca_1                   0x000004a1   Thumb Code     0  libinit2.o(.ARM.Collect$$libinit$$0000002E)
    __rt_lib_init_argv_1                     0x000004a1   Thumb Code     0  libinit2.o(.ARM.Collect$$libinit$$0000002C)
    __rt_lib_init_cpp_1                      0x000004a1   Thumb Code     0  libinit2.o(.ARM.Collect$$libinit$$00000032)
    __rt_lib_init_exceptions_1               0x000004a1   Thumb Code     0  libinit2.o(.ARM.Collect$$libinit$$00000030)
    __rt_lib_init_return                     0x000004a1   Thumb Code     0  libinit2.o(.ARM.Collect$$libinit$$00000033)
    __rt_lib_init_stdio_1                    0x000004a1   Thumb Code     0  libinit2.o(.ARM.Collect$$libinit$$00000025)
    __rt_lib_shutdown                        0x000004ad   Thumb Code     0  libshutdown.o(.ARM.Collect$$libshutdown$$00000000)
    __rt_lib_shutdown_cpp_1                  0x000004af   Thumb Code     0  libshutdown2.o(.ARM.Collect$$libshutdown$$00000002)
    __rt_lib_shutdown_stdio_2                0x000004af   Thumb Code     0  libshutdown2.o(.ARM.Collect$$libshutdown$$00000003)
    __rt_lib_shutdown_fp_trap_1              0x000004b3   Thumb Code     0  libshutdown2.o(.ARM.Collect$$libshutdown$$00000007)
    __rt_lib_shutdown_heap_1                 0x000004b3   Thumb Code     0  libshutdown2.o(.ARM.Collect$$libshutdown$$0000000F)
    __rt_lib_shutdown_return                 0x000004b3   Thumb Code     0  libshutdown2.o(.ARM.Collect$$libshutdown$$00000010)
    __rt_lib_shutdown_signal_1               0x000004b3   Thumb Code     0  libshutdown2.o(.ARM.Collect$$libshutdown$$0000000A)
    __rt_lib_shutdown_stdio_1                0x000004b3   Thumb Code     0  libshutdown2.o(.ARM.Collect$$libshutdown$$00000004)
    __rt_lib_shutdown_user_alloc_1           0x000004b3   Thumb Code     0  libshutdown2.o(.ARM.Collect$$libshutdown$$0000000C)
    __rt_entry                               0x000004b5   Thumb Code     0  __rtentry.o(.ARM.Collect$$rtentry$$00000000)
    __rt_entry_presh_1                       0x000004b5   Thumb Code     0  __rtentry2.o(.ARM.Collect$$rtentry$$00000002)
    __rt_entry_sh                            0x000004b5   Thumb Code     0  __rtentry7.o(.ARM.Collect$$rtentry$$00000007)
    __rt_entry_li                            0x000004b9   Thumb Code     0  __rtentry2.o(.ARM.Collect$$rtentry$$0000000A)
    __rt_entry_postsh_1                      0x000004b9   Thumb Code     0  __rtentry2.o(.ARM.Collect$$rtentry$$00000009)
    __rt_entry_main                          0x000004bd   Thumb Code     0  __rtentry2.o(.ARM.Collect$$rtentry$$0000000D)
    __rt_entry_postli_1                      0x000004bd   Thumb Code     0  __rtentry2.o(.ARM.Collect$$rtentry$$0000000C)
    __rt_exit                                0x000004c9   Thumb Code     0  rtexit.o(.ARM.Collect$$rtexit$$00000000)
    __rt_exit_ls                             0x000004cb   Thumb Code     0  rtexit2.o(.ARM.Collect$$rtexit$$00000003)
    __rt_exit_prels_1                        0x000004cb   Thumb Code     0  rtexit2.o(.ARM.Collect$$rtexit$$00000002)
    __rt_exit_exit                           0x000004cf   Thumb Code     0  rtexit2.o(.ARM.Collect$$rtexit$$00000004)
    SVC_Handler                              0x000004d5   Thumb Code    28  port_1.o(.emb_text)
    __asm___6_port_c_39a90d8d__prvStartFirstTask 0x000004f5   Thumb Code    28  port_1.o(.emb_text)
    __asm___6_port_c_39a90d8d__prvEnableVFP  0x00000515   Thumb Code    16  port_1.o(.emb_text)
    PendSV_Handler                           0x00000529   Thumb Code    88  port_1.o(.emb_text)
    vPortGetIPSR                             0x00000585   Thumb Code     6  port_1.o(.emb_text)
    Reset_Handler                            0x0000058d   Thumb Code    18  startup_s32k144.o(.text)
    _maybe_terminate_alloc                   0x0000058d   Thumb Code     0  maybetermalloc1.o(.emb_text)
    NMI_Handler                              0x0000059f   Thumb Code     2  startup_s32k144.o(.text)
    HardFault_Handler                        0x000005a1   Thumb Code     2  startup_s32k144.o(.text)
    MemManage_Handler                        0x000005a3   Thumb Code     2  startup_s32k144.o(.text)
    BusFault_Handler                         0x000005a5   Thumb Code     2  startup_s32k144.o(.text)
    UsageFault_Handler                       0x000005a7   Thumb Code     2  startup_s32k144.o(.text)
    DebugMon_Handler                         0x000005ab   Thumb Code     2  startup_s32k144.o(.text)
    ADC0_IRQHandler                          0x000005b1   Thumb Code     0  startup_s32k144.o(.text)
    ADC1_IRQHandler                          0x000005b1   Thumb Code     0  startup_s32k144.o(.text)
    CAN0_Error_IRQHandler                    0x000005b1   Thumb Code     0  startup_s32k144.o(.text)
    CAN0_ORed_0_15_MB_IRQHandler             0x000005b1   Thumb Code     0  startup_s32k144.o(.text)
    CAN0_ORed_16_31_MB_IRQHandler            0x000005b1   Thumb Code     0  startup_s32k144.o(.text)
    CAN0_ORed_IRQHandler                     0x000005b1   Thumb Code     0  startup_s32k144.o(.text)
    CAN0_Wake_Up_IRQHandler                  0x000005b1   Thumb Code     0  startup_s32k144.o(.text)
    CAN1_Error_IRQHandler                    0x000005b1   Thumb Code     0  startup_s32k144.o(.text)
    CAN1_ORed_0_15_MB_IRQHandler             0x000005b1   Thumb Code     0  startup_s32k144.o(.text)
    CAN1_ORed_IRQHandler                     0x000005b1   Thumb Code     0  startup_s32k144.o(.text)
    CAN2_Error_IRQHandler                    0x000005b1   Thumb Code     0  startup_s32k144.o(.text)
    CAN2_ORed_0_15_MB_IRQHandler             0x000005b1   Thumb Code     0  startup_s32k144.o(.text)
    CAN2_ORed_IRQHandler                     0x000005b1   Thumb Code     0  startup_s32k144.o(.text)
    CMP0_IRQHandler                          0x000005b1   Thumb Code     0  startup_s32k144.o(.text)
    DMA0_IRQHandler                          0x000005b1   Thumb Code     0  startup_s32k144.o(.text)
    DMA10_IRQHandler                         0x000005b1   Thumb Code     0  startup_s32k144.o(.text)
    DMA11_IRQHandler                         0x000005b1   Thumb Code     0  startup_s32k144.o(.text)
    DMA12_IRQHandler                         0x000005b1   Thumb Code     0  startup_s32k144.o(.text)
    DMA13_IRQHandler                         0x000005b1   Thumb Code     0  startup_s32k144.o(.text)
    DMA14_IRQHandler                         0x000005b1   Thumb Code     0  startup_s32k144.o(.text)
    DMA15_IRQHandler                         0x000005b1   Thumb Code     0  startup_s32k144.o(.text)
    DMA1_IRQHandler                          0x000005b1   Thumb Code     0  startup_s32k144.o(.text)
    DMA2_IRQHandler                          0x000005b1   Thumb Code     0  startup_s32k144.o(.text)
    DMA3_IRQHandler                          0x000005b1   Thumb Code     0  startup_s32k144.o(.text)
    DMA4_IRQHandler                          0x000005b1   Thumb Code     0  startup_s32k144.o(.text)
    DMA5_IRQHandler                          0x000005b1   Thumb Code     0  startup_s32k144.o(.text)
    DMA6_IRQHandler                          0x000005b1   Thumb Code     0  startup_s32k144.o(.text)
    DMA7_IRQHandler                          0x000005b1   Thumb Code     0  startup_s32k144.o(.text)
    DMA8_IRQHandler                          0x000005b1   Thumb Code     0  startup_s32k144.o(.text)
    DMA9_IRQHandler                          0x000005b1   Thumb Code     0  startup_s32k144.o(.text)
    DMA_Error_IRQHandler                     0x000005b1   Thumb Code     0  startup_s32k144.o(.text)
    DefaultISR                               0x000005b1   Thumb Code     0  startup_s32k144.o(.text)
    ERM_double_fault_IRQHandler              0x000005b1   Thumb Code     0  startup_s32k144.o(.text)
    ERM_single_fault_IRQHandler              0x000005b1   Thumb Code     0  startup_s32k144.o(.text)
    FLEXIO_IRQHandler                        0x000005b1   Thumb Code     0  startup_s32k144.o(.text)
    FTFC_Fault_IRQHandler                    0x000005b1   Thumb Code     0  startup_s32k144.o(.text)
    FTFC_IRQHandler                          0x000005b1   Thumb Code     0  startup_s32k144.o(.text)
    FTM0_Ch0_Ch1_IRQHandler                  0x000005b1   Thumb Code     0  startup_s32k144.o(.text)
    FTM0_Ch2_Ch3_IRQHandler                  0x000005b1   Thumb Code     0  startup_s32k144.o(.text)
    FTM0_Ch4_Ch5_IRQHandler                  0x000005b1   Thumb Code     0  startup_s32k144.o(.text)
    FTM0_Ch6_Ch7_IRQHandler                  0x000005b1   Thumb Code     0  startup_s32k144.o(.text)
    FTM0_Fault_IRQHandler                    0x000005b1   Thumb Code     0  startup_s32k144.o(.text)
    FTM0_Ovf_Reload_IRQHandler               0x000005b1   Thumb Code     0  startup_s32k144.o(.text)
    FTM1_Ch0_Ch1_IRQHandler                  0x000005b1   Thumb Code     0  startup_s32k144.o(.text)
    FTM1_Ch2_Ch3_IRQHandler                  0x000005b1   Thumb Code     0  startup_s32k144.o(.text)
    FTM1_Ch4_Ch5_IRQHandler                  0x000005b1   Thumb Code     0  startup_s32k144.o(.text)
    FTM1_Ch6_Ch7_IRQHandler                  0x000005b1   Thumb Code     0  startup_s32k144.o(.text)
    FTM1_Fault_IRQHandler                    0x000005b1   Thumb Code     0  startup_s32k144.o(.text)
    FTM1_Ovf_Reload_IRQHandler               0x000005b1   Thumb Code     0  startup_s32k144.o(.text)
    FTM2_Ch0_Ch1_IRQHandler                  0x000005b1   Thumb Code     0  startup_s32k144.o(.text)
    FTM2_Ch2_Ch3_IRQHandler                  0x000005b1   Thumb Code     0  startup_s32k144.o(.text)
    FTM2_Ch4_Ch5_IRQHandler                  0x000005b1   Thumb Code     0  startup_s32k144.o(.text)
    FTM2_Ch6_Ch7_IRQHandler                  0x000005b1   Thumb Code     0  startup_s32k144.o(.text)
    FTM2_Fault_IRQHandler                    0x000005b1   Thumb Code     0  startup_s32k144.o(.text)
    FTM2_Ovf_Reload_IRQHandler               0x000005b1   Thumb Code     0  startup_s32k144.o(.text)
    FTM3_Ch0_Ch1_IRQHandler                  0x000005b1   Thumb Code     0  startup_s32k144.o(.text)
    FTM3_Ch2_Ch3_IRQHandler                  0x000005b1   Thumb Code     0  startup_s32k144.o(.text)
    FTM3_Ch4_Ch5_IRQHandler                  0x000005b1   Thumb Code     0  startup_s32k144.o(.text)
    FTM3_Ch6_Ch7_IRQHandler                  0x000005b1   Thumb Code     0  startup_s32k144.o(.text)
    FTM3_Fault_IRQHandler                    0x000005b1   Thumb Code     0  startup_s32k144.o(.text)
    FTM3_Ovf_Reload_IRQHandler               0x000005b1   Thumb Code     0  startup_s32k144.o(.text)
    LPI2C0_Master_IRQHandler                 0x000005b1   Thumb Code     0  startup_s32k144.o(.text)
    LPI2C0_Slave_IRQHandler                  0x000005b1   Thumb Code     0  startup_s32k144.o(.text)
    LPIT0_Ch0_IRQHandler                     0x000005b1   Thumb Code     0  startup_s32k144.o(.text)
    LPIT0_Ch1_IRQHandler                     0x000005b1   Thumb Code     0  startup_s32k144.o(.text)
    LPIT0_Ch2_IRQHandler                     0x000005b1   Thumb Code     0  startup_s32k144.o(.text)
    LPIT0_Ch3_IRQHandler                     0x000005b1   Thumb Code     0  startup_s32k144.o(.text)
    LPSPI0_IRQHandler                        0x000005b1   Thumb Code     0  startup_s32k144.o(.text)
    LPSPI1_IRQHandler                        0x000005b1   Thumb Code     0  startup_s32k144.o(.text)
    LPSPI2_IRQHandler                        0x000005b1   Thumb Code     0  startup_s32k144.o(.text)
    LPTMR0_IRQHandler                        0x000005b1   Thumb Code     0  startup_s32k144.o(.text)
    LPUART0_RxTx_IRQHandler                  0x000005b1   Thumb Code     0  startup_s32k144.o(.text)
    LPUART1_RxTx_IRQHandler                  0x000005b1   Thumb Code     0  startup_s32k144.o(.text)
    LPUART2_RxTx_IRQHandler                  0x000005b1   Thumb Code     0  startup_s32k144.o(.text)
    LVD_LVW_IRQHandler                       0x000005b1   Thumb Code     0  startup_s32k144.o(.text)
    MCM_IRQHandler                           0x000005b1   Thumb Code     0  startup_s32k144.o(.text)
    PDB0_IRQHandler                          0x000005b1   Thumb Code     0  startup_s32k144.o(.text)
    PDB1_IRQHandler                          0x000005b1   Thumb Code     0  startup_s32k144.o(.text)
    PORTA_IRQHandler                         0x000005b1   Thumb Code     0  startup_s32k144.o(.text)
    PORTB_IRQHandler                         0x000005b1   Thumb Code     0  startup_s32k144.o(.text)
    PORTC_IRQHandler                         0x000005b1   Thumb Code     0  startup_s32k144.o(.text)
    PORTD_IRQHandler                         0x000005b1   Thumb Code     0  startup_s32k144.o(.text)
    PORTE_IRQHandler                         0x000005b1   Thumb Code     0  startup_s32k144.o(.text)
    RCM_IRQHandler                           0x000005b1   Thumb Code     0  startup_s32k144.o(.text)
    RTC_IRQHandler                           0x000005b1   Thumb Code     0  startup_s32k144.o(.text)
    RTC_Seconds_IRQHandler                   0x000005b1   Thumb Code     0  startup_s32k144.o(.text)
    Read_Collision_IRQHandler                0x000005b1   Thumb Code     0  startup_s32k144.o(.text)
    Reserved100_IRQHandler                   0x000005b1   Thumb Code     0  startup_s32k144.o(.text)
    Reserved103_IRQHandler                   0x000005b1   Thumb Code     0  startup_s32k144.o(.text)
    Reserved105_IRQHandler                   0x000005b1   Thumb Code     0  startup_s32k144.o(.text)
    Reserved106_IRQHandler                   0x000005b1   Thumb Code     0  startup_s32k144.o(.text)
    Reserved107_IRQHandler                   0x000005b1   Thumb Code     0  startup_s32k144.o(.text)
    Reserved110_IRQHandler                   0x000005b1   Thumb Code     0  startup_s32k144.o(.text)
    Reserved112_IRQHandler                   0x000005b1   Thumb Code     0  startup_s32k144.o(.text)
    Reserved113_IRQHandler                   0x000005b1   Thumb Code     0  startup_s32k144.o(.text)
    Reserved114_IRQHandler                   0x000005b1   Thumb Code     0  startup_s32k144.o(.text)
    Reserved45_IRQHandler                    0x000005b1   Thumb Code     0  startup_s32k144.o(.text)
    Reserved46_IRQHandler                    0x000005b1   Thumb Code     0  startup_s32k144.o(.text)
    Reserved48_IRQHandler                    0x000005b1   Thumb Code     0  startup_s32k144.o(.text)
    Reserved50_IRQHandler                    0x000005b1   Thumb Code     0  startup_s32k144.o(.text)
    Reserved52_IRQHandler                    0x000005b1   Thumb Code     0  startup_s32k144.o(.text)
    Reserved53_IRQHandler                    0x000005b1   Thumb Code     0  startup_s32k144.o(.text)
    Reserved54_IRQHandler                    0x000005b1   Thumb Code     0  startup_s32k144.o(.text)
    Reserved58_IRQHandler                    0x000005b1   Thumb Code     0  startup_s32k144.o(.text)
    Reserved59_IRQHandler                    0x000005b1   Thumb Code     0  startup_s32k144.o(.text)
    Reserved69_IRQHandler                    0x000005b1   Thumb Code     0  startup_s32k144.o(.text)
    Reserved70_IRQHandler                    0x000005b1   Thumb Code     0  startup_s32k144.o(.text)
    Reserved71_IRQHandler                    0x000005b1   Thumb Code     0  startup_s32k144.o(.text)
    Reserved72_IRQHandler                    0x000005b1   Thumb Code     0  startup_s32k144.o(.text)
    Reserved81_IRQHandler                    0x000005b1   Thumb Code     0  startup_s32k144.o(.text)
    Reserved82_IRQHandler                    0x000005b1   Thumb Code     0  startup_s32k144.o(.text)
    Reserved83_IRQHandler                    0x000005b1   Thumb Code     0  startup_s32k144.o(.text)
    Reserved86_IRQHandler                    0x000005b1   Thumb Code     0  startup_s32k144.o(.text)
    Reserved87_IRQHandler                    0x000005b1   Thumb Code     0  startup_s32k144.o(.text)
    Reserved88_IRQHandler                    0x000005b1   Thumb Code     0  startup_s32k144.o(.text)
    Reserved89_IRQHandler                    0x000005b1   Thumb Code     0  startup_s32k144.o(.text)
    Reserved90_IRQHandler                    0x000005b1   Thumb Code     0  startup_s32k144.o(.text)
    Reserved91_IRQHandler                    0x000005b1   Thumb Code     0  startup_s32k144.o(.text)
    Reserved92_IRQHandler                    0x000005b1   Thumb Code     0  startup_s32k144.o(.text)
    Reserved93_IRQHandler                    0x000005b1   Thumb Code     0  startup_s32k144.o(.text)
    Reserved99_IRQHandler                    0x000005b1   Thumb Code     0  startup_s32k144.o(.text)
    SCG_IRQHandler                           0x000005b1   Thumb Code     0  startup_s32k144.o(.text)
    SWI_IRQHandler                           0x000005b1   Thumb Code     0  startup_s32k144.o(.text)
    WDOG_EWM_IRQHandler                      0x000005b1   Thumb Code     0  startup_s32k144.o(.text)
    __2printf                                0x000005c5   Thumb Code    20  noretval__2printf.o(.text)
    __printf                                 0x000005dd   Thumb Code   104  __printf.o(.text)
    _printf_int_dec                          0x00000645   Thumb Code   104  _printf_dec.o(.text)
    __aeabi_memcpy                           0x000006bd   Thumb Code     0  rt_memcpy_v6.o(.text)
    __rt_memcpy                              0x000006bd   Thumb Code   138  rt_memcpy_v6.o(.text)
    _memcpy_lastbytes                        0x00000723   Thumb Code     0  rt_memcpy_v6.o(.text)
    __aeabi_memset                           0x00000747   Thumb Code    16  aeabi_memset.o(.text)
    _printf_int_common                       0x00000757   Thumb Code   178  _printf_intcommon.o(.text)
    _printf_char_file                        0x00000809   Thumb Code    32  _printf_char_file.o(.text)
    __aeabi_memcpy4                          0x0000082d   Thumb Code     0  rt_memcpy_w.o(.text)
    __aeabi_memcpy8                          0x0000082d   Thumb Code     0  rt_memcpy_w.o(.text)
    __rt_memcpy_w                            0x0000082d   Thumb Code   100  rt_memcpy_w.o(.text)
    _memcpy_lastbytes_aligned                0x00000875   Thumb Code     0  rt_memcpy_w.o(.text)
    __aeabi_memclr                           0x00000891   Thumb Code     0  rt_memclr.o(.text)
    __rt_memclr                              0x00000891   Thumb Code    68  rt_memclr.o(.text)
    _memset                                  0x00000895   Thumb Code     0  rt_memclr.o(.text)
    _printf_char_common                      0x000008df   Thumb Code    32  _printf_char_common.o(.text)
    ferror                                   0x00000905   Thumb Code     8  ferror.o(.text)
    _initio                                  0x0000090d   Thumb Code   210  initio.o(.text)
    _terminateio                             0x000009df   Thumb Code    56  initio.o(.text)
    __aeabi_memclr4                          0x00000a45   Thumb Code     0  rt_memclr_w.o(.text)
    __aeabi_memclr8                          0x00000a45   Thumb Code     0  rt_memclr_w.o(.text)
    __rt_memclr_w                            0x00000a45   Thumb Code    78  rt_memclr_w.o(.text)
    _memset_w                                0x00000a49   Thumb Code     0  rt_memclr_w.o(.text)
    _sys_open                                0x00000a93   Thumb Code    20  sys_io.o(.text)
    _sys_close                               0x00000aa7   Thumb Code    12  sys_io.o(.text)
    _sys_write                               0x00000ab3   Thumb Code    16  sys_io.o(.text)
    _sys_read                                0x00000ac3   Thumb Code    14  sys_io.o(.text)
    _sys_istty                               0x00000ad1   Thumb Code    12  sys_io.o(.text)
    _sys_seek                                0x00000add   Thumb Code    14  sys_io.o(.text)
    _sys_ensure                              0x00000aeb   Thumb Code     2  sys_io.o(.text)
    _sys_flen                                0x00000aed   Thumb Code    12  sys_io.o(.text)
    free                                     0x00000af9   Thumb Code    78  h1_free.o(.text)
    __flsbuf                                 0x00000b47   Thumb Code   470  flsbuf.o(.text)
    __flsbuf_byte                            0x00000b47   Thumb Code     0  flsbuf.o(.text)
    __flsbuf_wide                            0x00000b47   Thumb Code     0  flsbuf.o(.text)
    setvbuf                                  0x00000d1d   Thumb Code    70  setvbuf.o(.text)
    freopen                                  0x00000d65   Thumb Code   158  fopen.o(.text)
    fopen                                    0x00000e03   Thumb Code    74  fopen.o(.text)
    _fclose_internal                         0x00000e51   Thumb Code    76  fclose.o(.text)
    fclose                                   0x00000e51   Thumb Code     0  fclose.o(.text)
    exit                                     0x00000e9d   Thumb Code    18  exit.o(.text)
    __rt_SIGRTRED                            0x00000eaf   Thumb Code    14  defsig_rtred_outer.o(.text)
    __I$use$semihosting                      0x00000ebd   Thumb Code     0  use_no_semi.o(.text)
    __use_no_semihosting_swi                 0x00000ebd   Thumb Code     2  use_no_semi.o(.text)
    __semihosting_library_function           0x00000ebf   Thumb Code     0  indicate_semi.o(.text)
    __rt_heap_descriptor                     0x00000ec1   Thumb Code     8  rt_heap_descriptor_intlibspace.o(.text)
    __use_no_heap                            0x00000ec9   Thumb Code     2  hguard.o(.text)
    __heap$guard                             0x00000ecb   Thumb Code     2  hguard.o(.text)
    _terminate_user_alloc                    0x00000ecd   Thumb Code     2  init_alloc.o(.text)
    _init_user_alloc                         0x00000ecf   Thumb Code     2  init_alloc.o(.text)
    __Heap_Full                              0x00000ed1   Thumb Code    34  init_alloc.o(.text)
    __Heap_Broken                            0x00000ef3   Thumb Code     6  init_alloc.o(.text)
    _init_alloc                              0x00000ef9   Thumb Code    94  init_alloc.o(.text)
    malloc                                   0x00000f57   Thumb Code    94  h1_alloc.o(.text)
    _fseek                                   0x00000fb5   Thumb Code   242  fseek.o(.text)
    fseek                                    0x00000fb5   Thumb Code     0  fseek.o(.text)
    _seterr                                  0x000010ad   Thumb Code    20  stdio.o(.text)
    _writebuf                                0x000010c1   Thumb Code    84  stdio.o(.text)
    _fflush                                  0x00001115   Thumb Code    70  stdio.o(.text)
    _deferredlazyseek                        0x0000115b   Thumb Code    60  stdio.o(.text)
    __sig_exit                               0x0000119d   Thumb Code    10  defsig_exit.o(.text)
    __rt_SIGRTRED_inner                      0x000011a9   Thumb Code    14  defsig_rtred_inner.o(.text)
    strlen                                   0x000011dd   Thumb Code    62  strlen.o(.text)
    _sys_exit                                0x0000121d   Thumb Code     8  sys_exit.o(.text)
    __Heap_Initialize                        0x00001229   Thumb Code    10  h1_init.o(.text)
    __Heap_DescSize                          0x00001233   Thumb Code     4  h1_init.o(.text)
    __Heap_ProvideMemory                     0x00001237   Thumb Code    52  h1_extend.o(.text)
    _ftell_internal                          0x0000126b   Thumb Code    66  ftell.o(.text)
    ftell                                    0x0000126b   Thumb Code     0  ftell.o(.text)
    __default_signal_display                 0x000012ad   Thumb Code    50  defsig_general.o(.text)
    __rt_SIGRTMEM                            0x000012df   Thumb Code    14  defsig_rtmem_outer.o(.text)
    _ttywrch                                 0x000012ed   Thumb Code    14  sys_wrch.o(.text)
    __aeabi_errno_addr                       0x000012fd   Thumb Code     8  rt_errno_addr_intlibspace.o(.text)
    __errno$intlibspace                      0x000012fd   Thumb Code     0  rt_errno_addr_intlibspace.o(.text)
    __rt_errno_addr$intlibspace              0x000012fd   Thumb Code     0  rt_errno_addr_intlibspace.o(.text)
    __rt_SIGRTMEM_inner                      0x00001305   Thumb Code    22  defsig_rtmem_inner.o(.text)
    App_Task1                                0x00001429   Thumb Code    16  main.o(i.App_Task1)
    App_Task2                                0x00001441   Thumb Code    16  main.o(i.App_Task2)
    Bsp_Init                                 0x00001459   Thumb Code    40  main.o(i.Bsp_Init)
    Port_FlipPin                             0x00001491   Thumb Code    50  port.o(i.Port_FlipPin)
    Port_Init                                0x000014c9   Thumb Code   106  port.o(i.Port_Init)
    Port_ReadPin                             0x00001545   Thumb Code    50  port.o(i.Port_ReadPin)
    SysTick_Handler                          0x0000157d   Thumb Code    46  port_1.o(i.SysTick_Handler)
    SystemInit                               0x000015b1   Thumb Code    48  system_s32k144.o(i.SystemInit)
    Test_Init                                0x000015f1   Thumb Code     8  test.o(i.Test_Init)
    Test_task                                0x000015f9   Thumb Code    22  test.o(i.Test_task)
    WDOG_disable                             0x00001621   Thumb Code    20  main.o(i.WDOG_disable)
    fputc                                    0x0000163d   Thumb Code    26  fputc.o(i.fputc)
    init_data_bss                            0x00001659   Thumb Code    68  startup.o(i.init_data_bss)
    main                                     0x000016ad   Thumb Code    56  main.o(i.main)
    pvPortMalloc                             0x000020a1   Thumb Code   306  heap_4.o(i.pvPortMalloc)
    pvTaskIncrementMutexHeldCount            0x000021e9   Thumb Code    26  tasks.o(i.pvTaskIncrementMutexHeldCount)
    pxPortInitialiseStack                    0x00002209   Thumb Code    38  port_1.o(i.pxPortInitialiseStack)
    uxListRemove                             0x00002235   Thumb Code    40  list.o(i.uxListRemove)
    vApplicationIdleHook                     0x0000225d   Thumb Code     2  main.o(i.vApplicationIdleHook)
    vApplicationMallocFailedHook             0x0000225f   Thumb Code     2  main.o(i.vApplicationMallocFailedHook)
    vApplicationStackOverflowHook            0x00002261   Thumb Code     2  main.o(i.vApplicationStackOverflowHook)
    vApplicationTickHook                     0x00002263   Thumb Code     2  main.o(i.vApplicationTickHook)
    vListInitialise                          0x00002265   Thumb Code    26  list.o(i.vListInitialise)
    vListInitialiseItem                      0x0000227f   Thumb Code     6  list.o(i.vListInitialiseItem)
    vListInsert                              0x00002285   Thumb Code    52  list.o(i.vListInsert)
    vListInsertEnd                           0x000022b9   Thumb Code    24  list.o(i.vListInsertEnd)
    vPortEnterCritical                       0x000022d1   Thumb Code    76  port_1.o(i.vPortEnterCritical)
    vPortExitCritical                        0x00002325   Thumb Code    56  port_1.o(i.vPortExitCritical)
    vPortFree                                0x00002361   Thumb Code   140  heap_4.o(i.vPortFree)
    vPortSetupTimerInterrupt                 0x000023f5   Thumb Code    16  port_1.o(i.vPortSetupTimerInterrupt)
    vPortValidateInterruptPriority           0x00002405   Thumb Code   106  port_1.o(i.vPortValidateInterruptPriority)
    vQueueAddToRegistry                      0x0000247d   Thumb Code    38  queue.o(i.vQueueAddToRegistry)
    vQueueWaitForMessageRestricted           0x000024a9   Thumb Code    74  queue.o(i.vQueueWaitForMessageRestricted)
    vTaskDelay                               0x000024f5   Thumb Code    82  tasks.o(i.vTaskDelay)
    vTaskDelete                              0x00002551   Thumb Code   202  tasks.o(i.vTaskDelete)
    vTaskMissedYield                         0x00002645   Thumb Code     8  tasks.o(i.vTaskMissedYield)
    vTaskPlaceOnEventList                    0x00002651   Thumb Code    52  tasks.o(i.vTaskPlaceOnEventList)
    vTaskPlaceOnEventListRestricted          0x00002689   Thumb Code    60  tasks.o(i.vTaskPlaceOnEventListRestricted)
    vTaskPriorityInherit                     0x000026c9   Thumb Code   164  tasks.o(i.vTaskPriorityInherit)
    vTaskSetTimeOutState                     0x00002779   Thumb Code    38  tasks.o(i.vTaskSetTimeOutState)
    vTaskStartScheduler                      0x000027a9   Thumb Code   118  tasks.o(i.vTaskStartScheduler)
    vTaskSuspendAll                          0x0000283d   Thumb Code    12  tasks.o(i.vTaskSuspendAll)
    vTaskSwitchContext                       0x0000284d   Thumb Code   174  tasks.o(i.vTaskSwitchContext)
    xPortStartScheduler                      0x00002911   Thumb Code   288  port_1.o(i.xPortStartScheduler)
    xQueueGenericCreate                      0x00002a4d   Thumb Code    88  queue.o(i.xQueueGenericCreate)
    xQueueGenericReceive                     0x00002aa5   Thumb Code   446  queue.o(i.xQueueGenericReceive)
    xQueueGenericReset                       0x00002c69   Thumb Code   146  queue.o(i.xQueueGenericReset)
    xQueueGenericSend                        0x00002d01   Thumb Code   420  queue.o(i.xQueueGenericSend)
    xQueueGenericSendFromISR                 0x00002ea9   Thumb Code   248  queue.o(i.xQueueGenericSendFromISR)
    xTaskCheckForTimeOut                     0x00002fa1   Thumb Code   132  tasks.o(i.xTaskCheckForTimeOut)
    xTaskCreate                              0x0000302d   Thumb Code    96  tasks.o(i.xTaskCreate)
    xTaskGetSchedulerState                   0x0000308d   Thumb Code    24  tasks.o(i.xTaskGetSchedulerState)
    xTaskGetTickCount                        0x000030ad   Thumb Code     6  tasks.o(i.xTaskGetTickCount)
    xTaskIncrementTick                       0x000030b9   Thumb Code   296  tasks.o(i.xTaskIncrementTick)
    xTaskPriorityDisinherit                  0x0000320d   Thumb Code   188  tasks.o(i.xTaskPriorityDisinherit)
    xTaskRemoveFromEventList                 0x000032d5   Thumb Code   128  tasks.o(i.xTaskRemoveFromEventList)
    xTaskResumeAll                           0x0000336d   Thumb Code   224  tasks.o(i.xTaskResumeAll)
    xTimerCreateTimerTask                    0x00003471   Thumb Code    66  timers.o(i.xTimerCreateTimerTask)
    xTimerGenericCommand                     0x000034c9   Thumb Code   126  timers.o(i.xTimerGenericCommand)
    _fp_init                                 0x0000354d   Thumb Code    10  fpinit.o(x$fpl$fpinit)
    __fplib_config_fpu_vfp                   0x00003555   Thumb Code     0  fpinit.o(x$fpl$fpinit)
    __fplib_config_pureend_doubles           0x00003555   Thumb Code     0  fpinit.o(x$fpl$fpinit)
    PortCfgPtr                               0x000036f4   Data           4  port_pbcfg.o(.constdata)
    __stdin_name                             0x00003724   Data           4  sys_io.o(.constdata)
    __stdout_name                            0x00003728   Data           4  sys_io.o(.constdata)
    __stderr_name                            0x0000372c   Data           4  sys_io.o(.constdata)
    Region$$Table$$Base                      0x00003730   Number         0  anon$$obj.o(Region$$Table)
    Region$$Table$$Limit                     0x00003760   Number         0  anon$$obj.o(Region$$Table)
    Image$$RW_m_data$$Base                   0x1fff8000   Number         0  anon$$obj.o ABSOLUTE
    pxCurrentTCB                             0x20000000   Data           4  tasks.o(.data)
    AppTaskCreate_Handle                     0x20000074   Data           4  main.o(.data)
    Task1_Handle                             0x20000078   Data           4  main.o(.data)
    Task2_Handle                             0x2000007c   Data           4  main.o(.data)
    Test_Task_Handle                         0x20000080   Data           4  main.o(.data)
    __aeabi_stdin                            0x20000084   Data           4  stdio_streams.o(.data)
    __aeabi_stdout                           0x20000088   Data           4  stdio_streams.o(.data)
    __aeabi_stderr                           0x2000008c   Data           4  stdio_streams.o(.data)
    xQueueRegistry                           0x20000090   Data          64  queue.o(.bss)
    __stdin                                  0x200001c0   Data          84  stdio_streams.o(.bss)
    __stdout                                 0x20000214   Data          84  stdio_streams.o(.bss)
    __stderr                                 0x20000268   Data          84  stdio_streams.o(.bss)
    __libspace_start                         0x200002bc   Data          96  libspace.o(.bss)
    Image$$ARM_LIB_HEAP$$ZI$$Base            0x2000031c   Number         0  anon$$obj.o ABSOLUTE
    __temporary_stack_top$libspace           0x2000031c   Data           0  libspace.o(.bss)
    Image$$ARM_LIB_HEAP$$ZI$$Limit           0x2000071c   Number         0  anon$$obj.o ABSOLUTE
    Image$$ARM_LIB_STACK$$ZI$$Limit          0x20007000   Number         0  anon$$obj.o ABSOLUTE



==============================================================================

Memory Map of the image

  Image Entry point : 0x00000411

  Load Region LR_m_text (Base: 0x00000410, Size: 0x000033e0, Max: 0x0007fbf0, ABSOLUTE)

    Execution Region ER_m_text (Exec base: 0x00000410, Load base: 0x00000410, Size: 0x00003350, Max: 0x0007fbf0, ABSOLUTE)

    Exec Addr    Load Addr    Size         Type   Attr      Idx    E Section Name        Object

    0x00000410   0x00000410   0x00000008   Code   RO         1367  * !!!main             c_w.l(__main.o)
    0x00000418   0x00000418   0x00000034   Code   RO         1731    !!!scatter          c_w.l(__scatter.o)
    0x0000044c   0x0000044c   0x0000001a   Code   RO         1733    !!handler_copy      c_w.l(__scatter_copy.o)
    0x00000466   0x00000466   0x00000002   PAD
    0x00000468   0x00000468   0x0000001c   Code   RO         1735    !!handler_zi        c_w.l(__scatter_zi.o)
    0x00000484   0x00000484   0x00000000   Code   RO         1362    .ARM.Collect$$_printf_percent$$00000000  c_w.l(_printf_percent.o)
    0x00000484   0x00000484   0x00000006   Code   RO         1361    .ARM.Collect$$_printf_percent$$00000009  c_w.l(_printf_d.o)
    0x0000048a   0x0000048a   0x00000004   Code   RO         1374    .ARM.Collect$$_printf_percent$$00000017  c_w.l(_printf_percent_end.o)
    0x0000048e   0x0000048e   0x00000002   Code   RO         1514    .ARM.Collect$$libinit$$00000000  c_w.l(libinit.o)
    0x00000490   0x00000490   0x00000004   Code   RO         1515    .ARM.Collect$$libinit$$00000001  c_w.l(libinit2.o)
    0x00000494   0x00000494   0x00000000   Code   RO         1518    .ARM.Collect$$libinit$$00000004  c_w.l(libinit2.o)
    0x00000494   0x00000494   0x00000008   Code   RO         1637    .ARM.Collect$$libinit$$00000008  c_w.l(libinit5.o)
    0x0000049c   0x0000049c   0x00000000   Code   RO         1521    .ARM.Collect$$libinit$$0000000A  c_w.l(libinit2.o)
    0x0000049c   0x0000049c   0x00000000   Code   RO         1523    .ARM.Collect$$libinit$$0000000C  c_w.l(libinit2.o)
    0x0000049c   0x0000049c   0x00000000   Code   RO         1525    .ARM.Collect$$libinit$$0000000E  c_w.l(libinit2.o)
    0x0000049c   0x0000049c   0x00000000   Code   RO         1528    .ARM.Collect$$libinit$$00000011  c_w.l(libinit2.o)
    0x0000049c   0x0000049c   0x00000000   Code   RO         1530    .ARM.Collect$$libinit$$00000013  c_w.l(libinit2.o)
    0x0000049c   0x0000049c   0x00000000   Code   RO         1532    .ARM.Collect$$libinit$$00000015  c_w.l(libinit2.o)
    0x0000049c   0x0000049c   0x00000000   Code   RO         1534    .ARM.Collect$$libinit$$00000017  c_w.l(libinit2.o)
    0x0000049c   0x0000049c   0x00000000   Code   RO         1536    .ARM.Collect$$libinit$$00000019  c_w.l(libinit2.o)
    0x0000049c   0x0000049c   0x00000000   Code   RO         1538    .ARM.Collect$$libinit$$0000001B  c_w.l(libinit2.o)
    0x0000049c   0x0000049c   0x00000000   Code   RO         1540    .ARM.Collect$$libinit$$0000001D  c_w.l(libinit2.o)
    0x0000049c   0x0000049c   0x00000000   Code   RO         1542    .ARM.Collect$$libinit$$0000001F  c_w.l(libinit2.o)
    0x0000049c   0x0000049c   0x00000000   Code   RO         1544    .ARM.Collect$$libinit$$00000021  c_w.l(libinit2.o)
    0x0000049c   0x0000049c   0x00000000   Code   RO         1546    .ARM.Collect$$libinit$$00000023  c_w.l(libinit2.o)
    0x0000049c   0x0000049c   0x00000004   Code   RO         1547    .ARM.Collect$$libinit$$00000024  c_w.l(libinit2.o)
    0x000004a0   0x000004a0   0x00000000   Code   RO         1548    .ARM.Collect$$libinit$$00000025  c_w.l(libinit2.o)
    0x000004a0   0x000004a0   0x00000000   Code   RO         1552    .ARM.Collect$$libinit$$0000002C  c_w.l(libinit2.o)
    0x000004a0   0x000004a0   0x00000000   Code   RO         1554    .ARM.Collect$$libinit$$0000002E  c_w.l(libinit2.o)
    0x000004a0   0x000004a0   0x00000000   Code   RO         1556    .ARM.Collect$$libinit$$00000030  c_w.l(libinit2.o)
    0x000004a0   0x000004a0   0x00000000   Code   RO         1558    .ARM.Collect$$libinit$$00000032  c_w.l(libinit2.o)
    0x000004a0   0x000004a0   0x00000002   Code   RO         1559    .ARM.Collect$$libinit$$00000033  c_w.l(libinit2.o)
    0x000004a2   0x000004a2   0x00000002   PAD
    0x000004a4   0x000004a4   0x00000008   Code   RO         1638    .ARM.Collect$$libinit$$00002719  c_w.l(libinit5.o)
    0x000004ac   0x000004ac   0x00000002   Code   RO         1710    .ARM.Collect$$libshutdown$$00000000  c_w.l(libshutdown.o)
    0x000004ae   0x000004ae   0x00000000   Code   RO         1561    .ARM.Collect$$libshutdown$$00000002  c_w.l(libshutdown2.o)
    0x000004ae   0x000004ae   0x00000004   Code   RO         1562    .ARM.Collect$$libshutdown$$00000003  c_w.l(libshutdown2.o)
    0x000004b2   0x000004b2   0x00000000   Code   RO         1563    .ARM.Collect$$libshutdown$$00000004  c_w.l(libshutdown2.o)
    0x000004b2   0x000004b2   0x00000000   Code   RO         1566    .ARM.Collect$$libshutdown$$00000007  c_w.l(libshutdown2.o)
    0x000004b2   0x000004b2   0x00000000   Code   RO         1569    .ARM.Collect$$libshutdown$$0000000A  c_w.l(libshutdown2.o)
    0x000004b2   0x000004b2   0x00000000   Code   RO         1571    .ARM.Collect$$libshutdown$$0000000C  c_w.l(libshutdown2.o)
    0x000004b2   0x000004b2   0x00000000   Code   RO         1574    .ARM.Collect$$libshutdown$$0000000F  c_w.l(libshutdown2.o)
    0x000004b2   0x000004b2   0x00000002   Code   RO         1575    .ARM.Collect$$libshutdown$$00000010  c_w.l(libshutdown2.o)
    0x000004b4   0x000004b4   0x00000000   Code   RO         1369    .ARM.Collect$$rtentry$$00000000  c_w.l(__rtentry.o)
    0x000004b4   0x000004b4   0x00000000   Code   RO         1386    .ARM.Collect$$rtentry$$00000002  c_w.l(__rtentry2.o)
    0x000004b4   0x000004b4   0x00000004   Code   RO         1400    .ARM.Collect$$rtentry$$00000007  c_w.l(__rtentry7.o)
    0x000004b8   0x000004b8   0x00000000   Code   RO         1388    .ARM.Collect$$rtentry$$00000009  c_w.l(__rtentry2.o)
    0x000004b8   0x000004b8   0x00000004   Code   RO         1389    .ARM.Collect$$rtentry$$0000000A  c_w.l(__rtentry2.o)
    0x000004bc   0x000004bc   0x00000000   Code   RO         1391    .ARM.Collect$$rtentry$$0000000C  c_w.l(__rtentry2.o)
    0x000004bc   0x000004bc   0x00000008   Code   RO         1392    .ARM.Collect$$rtentry$$0000000D  c_w.l(__rtentry2.o)
    0x000004c4   0x000004c4   0x00000004   Code   RO         1401    .ARM.Collect$$rtentry$$00002718  c_w.l(__rtentry7.o)
    0x000004c8   0x000004c8   0x00000002   Code   RO         1586    .ARM.Collect$$rtexit$$00000000  c_w.l(rtexit.o)
    0x000004ca   0x000004ca   0x00000000   Code   RO         1646    .ARM.Collect$$rtexit$$00000002  c_w.l(rtexit2.o)
    0x000004ca   0x000004ca   0x00000004   Code   RO         1647    .ARM.Collect$$rtexit$$00000003  c_w.l(rtexit2.o)
    0x000004ce   0x000004ce   0x00000006   Code   RO         1648    .ARM.Collect$$rtexit$$00000004  c_w.l(rtexit2.o)
    0x000004d4   0x000004d4   0x000000b6   Code   RO         1050    .emb_text           port_1.o
    0x0000058a   0x0000058a   0x00000002   PAD
    0x0000058c   0x0000058c   0x00000000   Code   RO         1652    .emb_text           c_w.l(maybetermalloc1.o)
    0x0000058c   0x0000058c   0x00000038   Code   RO         1327    .text               startup_s32k144.o
    0x000005c4   0x000005c4   0x00000018   Code   RO         1335    .text               c_w.l(noretval__2printf.o)
    0x000005dc   0x000005dc   0x00000068   Code   RO         1337    .text               c_w.l(__printf.o)
    0x00000644   0x00000644   0x00000078   Code   RO         1339    .text               c_w.l(_printf_dec.o)
    0x000006bc   0x000006bc   0x0000008a   Code   RO         1363    .text               c_w.l(rt_memcpy_v6.o)
    0x00000746   0x00000746   0x00000010   Code   RO         1365    .text               c_w.l(aeabi_memset.o)
    0x00000756   0x00000756   0x000000b2   Code   RO         1370    .text               c_w.l(_printf_intcommon.o)
    0x00000808   0x00000808   0x00000024   Code   RO         1372    .text               c_w.l(_printf_char_file.o)
    0x0000082c   0x0000082c   0x00000064   Code   RO         1381    .text               c_w.l(rt_memcpy_w.o)
    0x00000890   0x00000890   0x00000044   Code   RO         1383    .text               c_w.l(rt_memclr.o)
    0x000008d4   0x000008d4   0x00000030   Code   RO         1405    .text               c_w.l(_printf_char_common.o)
    0x00000904   0x00000904   0x00000008   Code   RO         1407    .text               c_w.l(ferror.o)
    0x0000090c   0x0000090c   0x00000138   Code   RO         1413    .text               c_w.l(initio.o)
    0x00000a44   0x00000a44   0x0000004e   Code   RO         1421    .text               c_w.l(rt_memclr_w.o)
    0x00000a92   0x00000a92   0x00000066   Code   RO         1423    .text               c_w.l(sys_io.o)
    0x00000af8   0x00000af8   0x0000004e   Code   RO         1434    .text               c_w.l(h1_free.o)
    0x00000b46   0x00000b46   0x000001d6   Code   RO         1490    .text               c_w.l(flsbuf.o)
    0x00000d1c   0x00000d1c   0x00000046   Code   RO         1492    .text               c_w.l(setvbuf.o)
    0x00000d62   0x00000d62   0x00000002   PAD
    0x00000d64   0x00000d64   0x000000ec   Code   RO         1495    .text               c_w.l(fopen.o)
    0x00000e50   0x00000e50   0x0000004c   Code   RO         1497    .text               c_w.l(fclose.o)
    0x00000e9c   0x00000e9c   0x00000012   Code   RO         1503    .text               c_w.l(exit.o)
    0x00000eae   0x00000eae   0x0000000e   Code   RO         1505    .text               c_w.l(defsig_rtred_outer.o)
    0x00000ebc   0x00000ebc   0x00000002   Code   RO         1581    .text               c_w.l(use_no_semi.o)
    0x00000ebe   0x00000ebe   0x00000000   Code   RO         1583    .text               c_w.l(indicate_semi.o)
    0x00000ebe   0x00000ebe   0x00000002   PAD
    0x00000ec0   0x00000ec0   0x00000008   Code   RO         1593    .text               c_w.l(rt_heap_descriptor_intlibspace.o)
    0x00000ec8   0x00000ec8   0x00000004   Code   RO         1595    .text               c_w.l(hguard.o)
    0x00000ecc   0x00000ecc   0x0000008a   Code   RO         1597    .text               c_w.l(init_alloc.o)
    0x00000f56   0x00000f56   0x0000005e   Code   RO         1603    .text               c_w.l(h1_alloc.o)
    0x00000fb4   0x00000fb4   0x000000f8   Code   RO         1619    .text               c_w.l(fseek.o)
    0x000010ac   0x000010ac   0x000000f0   Code   RO         1621    .text               c_w.l(stdio.o)
    0x0000119c   0x0000119c   0x0000000a   Code   RO         1627    .text               c_w.l(defsig_exit.o)
    0x000011a6   0x000011a6   0x00000002   PAD
    0x000011a8   0x000011a8   0x00000034   Code   RO         1629    .text               c_w.l(defsig_rtred_inner.o)
    0x000011dc   0x000011dc   0x0000003e   Code   RO         1633    .text               c_w.l(strlen.o)
    0x0000121a   0x0000121a   0x00000002   PAD
    0x0000121c   0x0000121c   0x0000000c   Code   RO         1643    .text               c_w.l(sys_exit.o)
    0x00001228   0x00001228   0x0000000e   Code   RO         1654    .text               c_w.l(h1_init.o)
    0x00001236   0x00001236   0x00000034   Code   RO         1656    .text               c_w.l(h1_extend.o)
    0x0000126a   0x0000126a   0x00000042   Code   RO         1666    .text               c_w.l(ftell.o)
    0x000012ac   0x000012ac   0x00000032   Code   RO         1674    .text               c_w.l(defsig_general.o)
    0x000012de   0x000012de   0x0000000e   Code   RO         1676    .text               c_w.l(defsig_rtmem_outer.o)
    0x000012ec   0x000012ec   0x0000000e   Code   RO         1691    .text               c_w.l(sys_wrch.o)
    0x000012fa   0x000012fa   0x00000002   PAD
    0x000012fc   0x000012fc   0x00000008   Code   RO         1698    .text               c_w.l(rt_errno_addr_intlibspace.o)
    0x00001304   0x00001304   0x00000050   Code   RO         1704    .text               c_w.l(defsig_rtmem_inner.o)
    0x00001354   0x00001354   0x000000d4   Code   RO         1129    i.AppTaskCreate     main.o
    0x00001428   0x00001428   0x00000018   Code   RO         1130    i.App_Task1         main.o
    0x00001440   0x00001440   0x00000018   Code   RO         1131    i.App_Task2         main.o
    0x00001458   0x00001458   0x00000038   Code   RO         1132    i.Bsp_Init          main.o
    0x00001490   0x00001490   0x00000038   Code   RO           88    i.Port_FlipPin      port.o
    0x000014c8   0x000014c8   0x0000007c   Code   RO           90    i.Port_Init         port.o
    0x00001544   0x00001544   0x00000038   Code   RO           92    i.Port_ReadPin      port.o
    0x0000157c   0x0000157c   0x00000034   Code   RO         1051    i.SysTick_Handler   port_1.o
    0x000015b0   0x000015b0   0x00000040   Code   RO         1270    i.SystemInit        system_s32k144.o
    0x000015f0   0x000015f0   0x00000008   Code   RO            4    i.Test_Init         test.o
    0x000015f8   0x000015f8   0x00000028   Code   RO            5    i.Test_task         test.o
    0x00001620   0x00001620   0x0000001c   Code   RO         1133    i.WDOG_disable      main.o
    0x0000163c   0x0000163c   0x0000001a   Code   RO         1410    i.fputc             c_w.l(fputc.o)
    0x00001656   0x00001656   0x00000002   PAD
    0x00001658   0x00001658   0x00000054   Code   RO         1222    i.init_data_bss     startup.o
    0x000016ac   0x000016ac   0x0000006c   Code   RO         1134    i.main              main.o
    0x00001718   0x00001718   0x00000098   Code   RO          534    i.prvAddCurrentTaskToDelayedList  tasks.o
    0x000017b0   0x000017b0   0x000000b8   Code   RO          535    i.prvAddNewTaskToReadyList  tasks.o
    0x00001868   0x00001868   0x00000064   Code   RO          871    i.prvCheckForValidListAndQueue  timers.o
    0x000018cc   0x000018cc   0x00000064   Code   RO          536    i.prvCheckTasksWaitingTermination  tasks.o
    0x00001930   0x00001930   0x0000002a   Code   RO          333    i.prvCopyDataFromQueue  queue.o
    0x0000195a   0x0000195a   0x0000007c   Code   RO          334    i.prvCopyDataToQueue  queue.o
    0x000019d6   0x000019d6   0x00000012   Code   RO          537    i.prvDeleteTCB      tasks.o
    0x000019e8   0x000019e8   0x00000028   Code   RO          872    i.prvGetNextExpireTime  timers.o
    0x00001a10   0x00001a10   0x0000007c   Code   RO         1001    i.prvHeapInit       heap_4.o
    0x00001a8c   0x00001a8c   0x0000002c   Code   RO          538    i.prvIdleTask       tasks.o
    0x00001ab8   0x00001ab8   0x0000002a   Code   RO          336    i.prvInitialiseNewQueue  queue.o
    0x00001ae2   0x00001ae2   0x000000b4   Code   RO          539    i.prvInitialiseNewTask  tasks.o
    0x00001b96   0x00001b96   0x00000002   PAD
    0x00001b98   0x00001b98   0x00000068   Code   RO          540    i.prvInitialiseTaskLists  tasks.o
    0x00001c00   0x00001c00   0x00000068   Code   RO         1002    i.prvInsertBlockIntoFreeList  heap_4.o
    0x00001c68   0x00001c68   0x00000058   Code   RO          874    i.prvInsertTimerInActiveList  timers.o
    0x00001cc0   0x00001cc0   0x0000001a   Code   RO          337    i.prvIsQueueEmpty   queue.o
    0x00001cda   0x00001cda   0x0000001e   Code   RO          338    i.prvIsQueueFull    queue.o
    0x00001cf8   0x00001cf8   0x00000064   Code   RO          875    i.prvProcessExpiredTimer  timers.o
    0x00001d5c   0x00001d5c   0x000000f8   Code   RO          876    i.prvProcessReceivedCommands  timers.o
    0x00001e54   0x00001e54   0x00000074   Code   RO          877    i.prvProcessTimerOrBlockTask  timers.o
    0x00001ec8   0x00001ec8   0x00000034   Code   RO          542    i.prvResetNextTaskUnblockTime  tasks.o
    0x00001efc   0x00001efc   0x0000002c   Code   RO          878    i.prvSampleTimeNow  timers.o
    0x00001f28   0x00001f28   0x000000a0   Code   RO          879    i.prvSwitchTimerLists  timers.o
    0x00001fc8   0x00001fc8   0x00000040   Code   RO         1052    i.prvTaskExitError  port_1.o
    0x00002008   0x00002008   0x0000001a   Code   RO          880    i.prvTimerTask      timers.o
    0x00002022   0x00002022   0x0000007e   Code   RO          339    i.prvUnlockQueue    queue.o
    0x000020a0   0x000020a0   0x00000148   Code   RO         1003    i.pvPortMalloc      heap_4.o
    0x000021e8   0x000021e8   0x00000020   Code   RO          545    i.pvTaskIncrementMutexHeldCount  tasks.o
    0x00002208   0x00002208   0x0000002c   Code   RO         1053    i.pxPortInitialiseStack  port_1.o
    0x00002234   0x00002234   0x00000028   Code   RO          296    i.uxListRemove      list.o
    0x0000225c   0x0000225c   0x00000002   Code   RO         1135    i.vApplicationIdleHook  main.o
    0x0000225e   0x0000225e   0x00000002   Code   RO         1136    i.vApplicationMallocFailedHook  main.o
    0x00002260   0x00002260   0x00000002   Code   RO         1137    i.vApplicationStackOverflowHook  main.o
    0x00002262   0x00002262   0x00000002   Code   RO         1138    i.vApplicationTickHook  main.o
    0x00002264   0x00002264   0x0000001a   Code   RO          297    i.vListInitialise   list.o
    0x0000227e   0x0000227e   0x00000006   Code   RO          298    i.vListInitialiseItem  list.o
    0x00002284   0x00002284   0x00000034   Code   RO          299    i.vListInsert       list.o
    0x000022b8   0x000022b8   0x00000018   Code   RO          300    i.vListInsertEnd    list.o
    0x000022d0   0x000022d0   0x00000054   Code   RO         1055    i.vPortEnterCritical  port_1.o
    0x00002324   0x00002324   0x0000003c   Code   RO         1056    i.vPortExitCritical  port_1.o
    0x00002360   0x00002360   0x00000094   Code   RO         1004    i.vPortFree         heap_4.o
    0x000023f4   0x000023f4   0x00000010   Code   RO         1057    i.vPortSetupTimerInterrupt  port_1.o
    0x00002404   0x00002404   0x00000078   Code   RO         1058    i.vPortValidateInterruptPriority  port_1.o
    0x0000247c   0x0000247c   0x0000002c   Code   RO          345    i.vQueueAddToRegistry  queue.o
    0x000024a8   0x000024a8   0x0000004a   Code   RO          349    i.vQueueWaitForMessageRestricted  queue.o
    0x000024f2   0x000024f2   0x00000002   PAD
    0x000024f4   0x000024f4   0x0000005c   Code   RO          553    i.vTaskDelay        tasks.o
    0x00002550   0x00002550   0x000000f4   Code   RO          555    i.vTaskDelete       tasks.o
    0x00002644   0x00002644   0x0000000c   Code   RO          558    i.vTaskMissedYield  tasks.o
    0x00002650   0x00002650   0x00000038   Code   RO          560    i.vTaskPlaceOnEventList  tasks.o
    0x00002688   0x00002688   0x00000040   Code   RO          561    i.vTaskPlaceOnEventListRestricted  tasks.o
    0x000026c8   0x000026c8   0x000000b0   Code   RO          563    i.vTaskPriorityInherit  tasks.o
    0x00002778   0x00002778   0x00000030   Code   RO          567    i.vTaskSetTimeOutState  tasks.o
    0x000027a8   0x000027a8   0x00000094   Code   RO          568    i.vTaskStartScheduler  tasks.o
    0x0000283c   0x0000283c   0x00000010   Code   RO          570    i.vTaskSuspendAll   tasks.o
    0x0000284c   0x0000284c   0x000000c4   Code   RO          571    i.vTaskSwitchContext  tasks.o
    0x00002910   0x00002910   0x0000013c   Code   RO         1059    i.xPortStartScheduler  port_1.o
    0x00002a4c   0x00002a4c   0x00000058   Code   RO          352    i.xQueueGenericCreate  queue.o
    0x00002aa4   0x00002aa4   0x000001c4   Code   RO          353    i.xQueueGenericReceive  queue.o
    0x00002c68   0x00002c68   0x00000098   Code   RO          354    i.xQueueGenericReset  queue.o
    0x00002d00   0x00002d00   0x000001a8   Code   RO          355    i.xQueueGenericSend  queue.o
    0x00002ea8   0x00002ea8   0x000000f8   Code   RO          356    i.xQueueGenericSendFromISR  queue.o
    0x00002fa0   0x00002fa0   0x0000008c   Code   RO          572    i.xTaskCheckForTimeOut  tasks.o
    0x0000302c   0x0000302c   0x00000060   Code   RO          573    i.xTaskCreate       tasks.o
    0x0000308c   0x0000308c   0x00000020   Code   RO          577    i.xTaskGetSchedulerState  tasks.o
    0x000030ac   0x000030ac   0x0000000c   Code   RO          578    i.xTaskGetTickCount  tasks.o
    0x000030b8   0x000030b8   0x00000154   Code   RO          580    i.xTaskIncrementTick  tasks.o
    0x0000320c   0x0000320c   0x000000c8   Code   RO          583    i.xTaskPriorityDisinherit  tasks.o
    0x000032d4   0x000032d4   0x00000098   Code   RO          584    i.xTaskRemoveFromEventList  tasks.o
    0x0000336c   0x0000336c   0x00000104   Code   RO          586    i.xTaskResumeAll    tasks.o
    0x00003470   0x00003470   0x00000058   Code   RO          884    i.xTimerCreateTimerTask  timers.o
    0x000034c8   0x000034c8   0x00000084   Code   RO          885    i.xTimerGenericCommand  timers.o
    0x0000354c   0x0000354c   0x0000000a   Code   RO         1641    x$fpl$fpinit        fz_wm.l(fpinit.o)
    0x00003556   0x00003556   0x00000002   PAD
    0x00003558   0x00003558   0x000001a0   Data   RO           73    .constdata          port_pbcfg.o
    0x000036f8   0x000036f8   0x00000028   Data   RO           97    .constdata          port.o
    0x00003720   0x00003720   0x00000004   Data   RO         1223    .constdata          startup.o
    0x00003724   0x00003724   0x00000004   Data   RO         1424    .constdata          c_w.l(sys_io.o)
    0x00003728   0x00003728   0x00000004   Data   RO         1425    .constdata          c_w.l(sys_io.o)
    0x0000372c   0x0000372c   0x00000004   Data   RO         1426    .constdata          c_w.l(sys_io.o)
    0x00003730   0x00003730   0x00000030   Data   RO         1729    Region$$Table       anon$$obj.o


    Execution Region RW_m_data (Exec base: 0x1fff8000, Load base: 0x00003760, Size: 0x00007c00, Max: 0x00008000, ABSOLUTE)

    Exec Addr    Load Addr    Size         Type   Attr      Idx    E Section Name        Object

    0x1fff8000        -       0x00007c00   Zero   RW         1008    .bss                heap_4.o


    Execution Region RW_m_data_2 (Exec base: 0x20000000, Load base: 0x00003760, Size: 0x0000031c, Max: 0x00006800, ABSOLUTE)

    Exec Addr    Load Addr    Size         Type   Attr      Idx    E Section Name        Object

    0x20000000   0x00003760   0x0000003c   Data   RW          589    .data               tasks.o
    0x2000003c   0x0000379c   0x00000014   Data   RW          891    .data               timers.o
    0x20000050   0x000037b0   0x00000018   Data   RW         1009    .data               heap_4.o
    0x20000068   0x000037c8   0x0000000c   Data   RW         1060    .data               port_1.o
    0x20000074   0x000037d4   0x00000010   Data   RW         1139    .data               main.o
    0x20000084   0x000037e4   0x00000004   Data   RW         1378    .data               c_w.l(stdio_streams.o)
    0x20000088   0x000037e8   0x00000004   Data   RW         1379    .data               c_w.l(stdio_streams.o)
    0x2000008c   0x000037ec   0x00000004   Data   RW         1380    .data               c_w.l(stdio_streams.o)
    0x20000090        -       0x00000040   Zero   RW          364    .bss                queue.o
    0x200000d0        -       0x000000c8   Zero   RW          588    .bss                tasks.o
    0x20000198        -       0x00000028   Zero   RW          890    .bss                timers.o
    0x200001c0        -       0x00000054   Zero   RW         1375    .bss                c_w.l(stdio_streams.o)
    0x20000214        -       0x00000054   Zero   RW         1376    .bss                c_w.l(stdio_streams.o)
    0x20000268        -       0x00000054   Zero   RW         1377    .bss                c_w.l(stdio_streams.o)
    0x200002bc        -       0x00000060   Zero   RW         1579    .bss                c_w.l(libspace.o)


    Execution Region ARM_LIB_HEAP (Exec base: 0x2000031c, Load base: 0x000037f0, Size: 0x00000400, Max: 0x00000400, ABSOLUTE)

    Exec Addr    Load Addr    Size         Type   Attr      Idx    E Section Name        Object

    0x2000031c        -       0x00000400   Zero   RW            1    ARM_LIB_HEAP.bss    anon$$obj.o


    Execution Region ARM_LIB_STACK (Exec base: 0x20006c00, Load base: 0x000037f0, Size: 0x00000400, Max: 0x00000400, ABSOLUTE)

    Exec Addr    Load Addr    Size         Type   Attr      Idx    E Section Name        Object

    0x20006c00        -       0x00000400   Zero   RW            2    ARM_LIB_STACK.bss   anon$$obj.o



  Load Region LR_m_interrupts (Base: 0x00000000, Size: 0x00000400, Max: 0x00000400, ABSOLUTE)

    Execution Region VECTOR_RAM (Exec base: 0x00000000, Load base: 0x00000000, Size: 0x00000000, Max: 0x00000000, ABSOLUTE)

    Exec Addr    Load Addr    Size         Type   Attr      Idx    E Section Name        Object

    0x00000000        -       0x00000000   Zero   RW            3    VECTOR_RAM.bss      anon$$obj.o


    Execution Region VECTOR_ROM (Exec base: 0x00000000, Load base: 0x00000000, Size: 0x00000400, Max: 0x00000400, ABSOLUTE)

    Exec Addr    Load Addr    Size         Type   Attr      Idx    E Section Name        Object

    0x00000000   0x00000000   0x00000400   Data   RO         1325    RESET               startup_s32k144.o



  Load Region LR_m_flash_config (Base: 0x00000400, Size: 0x00000010, Max: 0x00000010, ABSOLUTE)

    Execution Region ER_m_flash_config (Exec base: 0x00000400, Load base: 0x00000400, Size: 0x00000010, Max: 0x00000010, ABSOLUTE)

    Exec Addr    Load Addr    Size         Type   Attr      Idx    E Section Name        Object

    0x00000400   0x00000400   0x00000010   Data   RO         1326    FlashConfig         startup_s32k144.o


==============================================================================

Image component sizes


      Code (inc. data)   RO Data    RW Data    ZI Data      Debug   Object Name

         0          0          0          0          0      11844   event_groups.o
       704         64          0         24      31744       4559   heap_4.o
       148          0          0          0          0       3422   list.o
       460        186          0         16          0       5268   main.o
       236         30         40          0          0     432463   port.o
       938         86          0         12          0      11481   port_1.o
         0          0        416          0          0       1305   port_pbcfg.o
      1872         22          0          0         64      16341   queue.o
        84         16          4          0          0       1685   startup.o
        56         18       1040          0          0        876   startup_s32k144.o
        64         16          0          0          0        533   system_s32k144.o
      3150        408          0         60        200      23879   tasks.o
        48         18          0          0          0      16700   test.o
      1142        118          0         20         40      17671   timers.o

    ----------------------------------------------------------------------
      8908        982       1548        132      34096     548027   Object Totals
         0          0         48          0       2048          0   (incl. Generated)
         6          0          0          0          0          0   (incl. Padding)

    ----------------------------------------------------------------------

      Code (inc. data)   RO Data    RW Data    ZI Data      Debug   Library Member Name

         8          0          0          0          0         68   __main.o
       104          0          0          0          0         84   __printf.o
         0          0          0          0          0          0   __rtentry.o
        12          0          0          0          0          0   __rtentry2.o
         8          4          0          0          0          0   __rtentry7.o
        52          8          0          0          0          0   __scatter.o
        26          0          0          0          0          0   __scatter_copy.o
        28          0          0          0          0          0   __scatter_zi.o
        48          6          0          0          0         96   _printf_char_common.o
        36          4          0          0          0         80   _printf_char_file.o
         6          0          0          0          0          0   _printf_d.o
       120         16          0          0          0         92   _printf_dec.o
       178          0          0          0          0         88   _printf_intcommon.o
         0          0          0          0          0          0   _printf_percent.o
         4          0          0          0          0          0   _printf_percent_end.o
        16          0          0          0          0         68   aeabi_memset.o
        10          0          0          0          0         68   defsig_exit.o
        50          0          0          0          0         88   defsig_general.o
        80         58          0          0          0         76   defsig_rtmem_inner.o
        14          0          0          0          0         80   defsig_rtmem_outer.o
        52         38          0          0          0         76   defsig_rtred_inner.o
        14          0          0          0          0         80   defsig_rtred_outer.o
        18          0          0          0          0         80   exit.o
        76          0          0          0          0         88   fclose.o
         8          0          0          0          0         68   ferror.o
       470          0          0          0          0         88   flsbuf.o
       236          4          0          0          0        128   fopen.o
        26          0          0          0          0         68   fputc.o
       248          6          0          0          0         84   fseek.o
        66          0          0          0          0         76   ftell.o
        94          0          0          0          0         80   h1_alloc.o
        52          0          0          0          0         68   h1_extend.o
        78          0          0          0          0         80   h1_free.o
        14          0          0          0          0         84   h1_init.o
         4          0          0          0          0        136   hguard.o
         0          0          0          0          0          0   indicate_semi.o
       138          0          0          0          0        168   init_alloc.o
       312         46          0          0          0        112   initio.o
         2          0          0          0          0          0   libinit.o
        10          0          0          0          0          0   libinit2.o
        16          8          0          0          0          0   libinit5.o
         2          0          0          0          0          0   libshutdown.o
         6          0          0          0          0          0   libshutdown2.o
         0          0          0          0         96          0   libspace.o
         0          0          0          0          0          0   maybetermalloc1.o
        24          4          0          0          0         84   noretval__2printf.o
         8          4          0          0          0         68   rt_errno_addr_intlibspace.o
         8          4          0          0          0         68   rt_heap_descriptor_intlibspace.o
        68          0          0          0          0         68   rt_memclr.o
        78          0          0          0          0         80   rt_memclr_w.o
       138          0          0          0          0         68   rt_memcpy_v6.o
       100          0          0          0          0         80   rt_memcpy_w.o
         2          0          0          0          0          0   rtexit.o
        10          0          0          0          0          0   rtexit2.o
        70          0          0          0          0         80   setvbuf.o
       240          6          0          0          0        156   stdio.o
         0          0          0         12        252          0   stdio_streams.o
        62          0          0          0          0         76   strlen.o
        12          4          0          0          0         68   sys_exit.o
       102          0         12          0          0        240   sys_io.o
        14          0          0          0          0         76   sys_wrch.o
         2          0          0          0          0         68   use_no_semi.o
        10          0          0          0          0        116   fpinit.o

    ----------------------------------------------------------------------
      3708        220         12         12        348       3848   Library Totals
        18          0          0          0          0          0   (incl. Padding)

    ----------------------------------------------------------------------

      Code (inc. data)   RO Data    RW Data    ZI Data      Debug   Library Name

      3680        220         12         12        348       3732   c_w.l
        10          0          0          0          0        116   fz_wm.l

    ----------------------------------------------------------------------
      3708        220         12         12        348       3848   Library Totals

    ----------------------------------------------------------------------

==============================================================================


      Code (inc. data)   RO Data    RW Data    ZI Data      Debug   

     12616       1202       1560        144      34444     541799   Grand Totals
     12616       1202       1560        144      34444     541799   ELF Image Totals
     12616       1202       1560        144          0          0   ROM Totals

==============================================================================

    Total RO  Size (Code + RO Data)                14176 (  13.84kB)
    Total RW  Size (RW Data + ZI Data)             34588 (  33.78kB)
    Total ROM Size (Code + RO Data + RW Data)      14320 (  13.98kB)

==============================================================================

