Component: ARM Compiler 5.06 update 6 (build 750) Tool: armlink [4d35ed]

==============================================================================

Section Cross References

    test.o(i.Flexcan_Test) refers to flexcan.o(i.FLEXCAN0_Task) for FLEXCAN0_Task
    test.o(i.Lpit_Test) refers to test.o(.data) for test
    test.o(i.Port_Test) refers to port.o(i.Port_FlipPin) for Port_FlipPin
    test.o(i.Test_Init) refers to mcu.o(i.Clock_init) for Clock_init
    test.o(i.Test_Init) refers to port.o(i.Port_Init) for Port_Init
    test.o(i.Test_Init) refers to lpit.o(i.LPIT0_init) for LPIT0_init
    test.o(i.Test_Init) refers to lpuart.o(i.Lpuart2_init) for Lpuart2_init
    test.o(i.Test_Init) refers to lpuart.o(i.Lpuart2_transmit_string) for Lpuart2_transmit_string
    test.o(i.Test_Init) refers to dbgif.o(i.Dbgif_printf) for Dbgif_printf
    test.o(i.Test_Init) refers to flexcan.o(i.FLEXCAN0_init) for FLEXCAN0_init
    test.o(i.Test_task) refers to test.o(i.ADC_Test) for ADC_Test
    test.o(i.Test_task) refers to lpit.o(i.LPIT0_Test) for LPIT0_Test
    test.o(i.Test_task) refers to test.o(i.Lpuart_Test) for Lpuart_Test
    test.o(i.Test_task) refers to test.o(i.Flexcan_Test) for Flexcan_Test
    test.o(i.Test_task) refers to tasks.o(i.vTaskDelay) for vTaskDelay
    dbgif.o(i.Dbgif_printf) refers to rt_memclr_w.o(.text) for __aeabi_memclr4
    dbgif.o(i.Dbgif_printf) refers to vsnprintf.o(.text) for vsnprintf
    dbgif.o(i.Dbgif_printf) refers to lpuart.o(i.Lpuart2_transmit_n_size) for Lpuart2_transmit_n_size
    port.o(i.Port_DeInit) refers to port_pbcfg.o(.constdata) for PortCfgPtr
    port.o(i.Port_DeInit) refers to port.o(.constdata) for GPIO_X
    port.o(i.Port_FlipPin) refers to port.o(i.Port_ReadPin) for Port_ReadPin
    port.o(i.Port_FlipPin) refers to port.o(.constdata) for GPIO_X
    port.o(i.Port_GetPinIO) refers to port.o(.constdata) for GPIO_X
    port.o(i.Port_Init) refers to port_pbcfg.o(.constdata) for PortCfgPtr
    port.o(i.Port_Init) refers to port.o(.constdata) for GPIO_X
    port.o(i.Port_Read) refers to port.o(.constdata) for GPIO_X
    port.o(i.Port_ReadPin) refers to port.o(.constdata) for GPIO_X
    port.o(i.Port_SetPinFun) refers to port.o(.constdata) for PORT_X
    port.o(i.Port_SetPinIO) refers to port.o(.constdata) for GPIO_X
    port.o(i.Port_Write) refers to port.o(.constdata) for GPIO_X
    port.o(i.Port_WritePin) refers to port.o(.constdata) for GPIO_X
    mcu.o(i.Clock_init) refers to mcu.o(i.SOSC_Init_8MHz) for SOSC_Init_8MHz
    mcu.o(i.Clock_init) refers to mcu.o(i.SPLL_Init_160MHz) for SPLL_Init_160MHz
    mcu.o(i.Clock_init) refers to mcu.o(i.NormalRUNMode_80MHz) for NormalRUNMode_80MHz
    lpit.o(i.LPIT0_Ch0_IRQHandler) refers to test.o(i.Lpit_Test) for Lpit_Test
    lpit.o(i.LPIT0_init) refers to lpit.o(i.NVIC_init_IRQs) for NVIC_init_IRQs
    dma.o(i.DMA_TCD_Transmit) refers to dma.o(i.DMA_init) for DMA_init
    dma.o(i.DMA_TCD_Transmit) refers to dma.o(i.DMA_TCD_init) for DMA_TCD_init
    dma.o(i.DMA_TCD_init) refers to dma.o(.data) for TCD0_Source
    lpuart.o(i.Lpuart2_init) refers to lpuart.o(i.UART2_NVIC_init_IRQs) for UART2_NVIC_init_IRQs
    lpuart.o(i.Lpuart2_receive_and_echo_char) refers to lpuart.o(i.Lpuart2_receive_char) for Lpuart2_receive_char
    lpuart.o(i.Lpuart2_receive_and_echo_char) refers to lpuart.o(i.Lpuart2_transmit_char) for Lpuart2_transmit_char
    lpuart.o(i.Lpuart2_receive_and_echo_char) refers to lpuart.o(i.Lpuart2_transmit_string) for Lpuart2_transmit_string
    lpuart.o(i.Lpuart2_transmit_n_size) refers to lpuart.o(i.Lpuart2_transmit_char) for Lpuart2_transmit_char
    lpuart.o(i.Lpuart2_transmit_string) refers to lpuart.o(i.Lpuart2_transmit_char) for Lpuart2_transmit_char
    flexcan.o(i.CAN0_ORed_0_15_MB_IRQHandler) refers to flexcan.o(i.FLEXCAN0_transmit_msg) for FLEXCAN0_transmit_msg
    flexcan.o(i.CAN0_ORed_0_15_MB_IRQHandler) refers to flexcan.o(.data) for RxCODE
    flexcan.o(i.FLEXCAN0_Task) refers to flexcan.o(i.FLEXCAN0_transmit_msg) for FLEXCAN0_transmit_msg
    flexcan.o(i.FLEXCAN0_init) refers to flexcan.o(i.CAN0_NVIC_init_IRQs) for CAN0_NVIC_init_IRQs
    event_groups.o(i.vEventGroupClearBitsCallback) refers to event_groups.o(i.xEventGroupClearBits) for xEventGroupClearBits
    event_groups.o(i.vEventGroupDelete) refers to tasks.o(i.vTaskSuspendAll) for vTaskSuspendAll
    event_groups.o(i.vEventGroupDelete) refers to tasks.o(i.xTaskRemoveFromUnorderedEventList) for xTaskRemoveFromUnorderedEventList
    event_groups.o(i.vEventGroupDelete) refers to heap_4.o(i.vPortFree) for vPortFree
    event_groups.o(i.vEventGroupDelete) refers to tasks.o(i.xTaskResumeAll) for xTaskResumeAll
    event_groups.o(i.vEventGroupSetBitsCallback) refers to event_groups.o(i.xEventGroupSetBits) for xEventGroupSetBits
    event_groups.o(i.xEventGroupClearBits) refers to port_1.o(i.vPortEnterCritical) for vPortEnterCritical
    event_groups.o(i.xEventGroupClearBits) refers to port_1.o(i.vPortExitCritical) for vPortExitCritical
[...]
    i.xTimerCreateTimerTask                  0x0000469c   Section        0  timers.o(i.xTimerCreateTimerTask)
    i.xTimerGenericCommand                   0x000046f4   Section        0  timers.o(i.xTimerGenericCommand)
    locale$$code                             0x00004778   Section       44  lc_numeric_c.o(locale$$code)
    locale$$code                             0x000047a4   Section       44  lc_ctype_c.o(locale$$code)
    x$fpl$fpinit                             0x000047d0   Section       10  fpinit.o(x$fpl$fpinit)
    $v0                                      0x000047d0   Number         0  fpinit.o(x$fpl$fpinit)
    x$fpl$printf1                            0x000047da   Section        4  printf1.o(x$fpl$printf1)
    $v0                                      0x000047da   Number         0  printf1.o(x$fpl$printf1)
    x$fpl$printf2                            0x000047de   Section        4  printf2.o(x$fpl$printf2)
    $v0                                      0x000047de   Number         0  printf2.o(x$fpl$printf2)
    x$fpl$usenofp                            0x000047e2   Section        0  usenofp.o(x$fpl$usenofp)
    .constdata                               0x000047e4   Section      416  port_pbcfg.o(.constdata)
    PortGpioCfg                              0x000047e4   Data          80  port_pbcfg.o(.constdata)
    PortPpcrCfg                              0x00004834   Data         320  port_pbcfg.o(.constdata)
    PortConfig                               0x00004974   Data          12  port_pbcfg.o(.constdata)
    .constdata                               0x00004984   Section       40  port.o(.constdata)
    GPIO_X                                   0x00004984   Data          20  port.o(.constdata)
    PORT_X                                   0x00004998   Data          20  port.o(.constdata)
    .constdata                               0x000049ac   Section        4  startup.o(.constdata)
    .constdata                               0x000049b0   Section        8  _printf_wctomb.o(.constdata)
    initial_mbstate                          0x000049b0   Data           8  _printf_wctomb.o(.constdata)
    .constdata                               0x000049b8   Section       40  _printf_hex_int_ll_ptr.o(.constdata)
    uc_hextab                                0x000049b8   Data          20  _printf_hex_int_ll_ptr.o(.constdata)
    lc_hextab                                0x000049cc   Data          20  _printf_hex_int_ll_ptr.o(.constdata)
    .constdata                               0x000049e0   Section       17  __printf_flags_ss_wp.o(.constdata)
    maptable                                 0x000049e0   Data          17  __printf_flags_ss_wp.o(.constdata)
    .constdata                               0x000049f1   Section       38  _printf_fp_hex.o(.constdata)
    lc_hextab                                0x000049f1   Data          19  _printf_fp_hex.o(.constdata)
    uc_hextab                                0x00004a04   Data          19  _printf_fp_hex.o(.constdata)
    .constdata                               0x00004a18   Section      148  bigflt0.o(.constdata)
    tenpwrs_x                                0x00004a18   Data          60  bigflt0.o(.constdata)
    tenpwrs_i                                0x00004a54   Data          64  bigflt0.o(.constdata)
    locale$$data                             0x00004adc   Section       28  lc_numeric_c.o(locale$$data)
    __lcnum_c_name                           0x00004ae0   Data           2  lc_numeric_c.o(locale$$data)
    __lcnum_c_start                          0x00004ae8   Data           0  lc_numeric_c.o(locale$$data)
    __lcnum_c_point                          0x00004af4   Data           0  lc_numeric_c.o(locale$$data)
    __lcnum_c_thousands                      0x00004af6   Data           0  lc_numeric_c.o(locale$$data)
    __lcnum_c_grouping                       0x00004af7   Data           0  lc_numeric_c.o(locale$$data)
    locale$$data                             0x00004af8   Section      272  lc_ctype_c.o(locale$$data)
    __lcnum_c_end                            0x00004af8   Data           0  lc_numeric_c.o(locale$$data)
    __lcctype_c_name                         0x00004afc   Data           2  lc_ctype_c.o(locale$$data)
    __lcctype_c_start                        0x00004b04   Data           0  lc_ctype_c.o(locale$$data)
    __lcctype_c_end                          0x00004c08   Data           0  lc_ctype_c.o(locale$$data)
    .bss                                     0x1fff8000   Section    31744  heap_4.o(.bss)
    ucHeap                                   0x1fff8000   Data       31744  heap_4.o(.bss)
    .data                                    0x20000000   Section        8  test.o(.data)
    test                                     0x20000004   Data           4  test.o(.data)
    .data                                    0x20000008   Section       24  flexcan.o(.data)
    .data                                    0x20000020   Section       60  tasks.o(.data)
    pxDelayedTaskList                        0x20000024   Data           4  tasks.o(.data)
    pxOverflowDelayedTaskList                0x20000028   Data           4  tasks.o(.data)
    uxDeletedTasksWaitingCleanUp             0x2000002c   Data           4  tasks.o(.data)
    uxCurrentNumberOfTasks                   0x20000030   Data           4  tasks.o(.data)
    xTickCount                               0x20000034   Data           4  tasks.o(.data)
    uxTopReadyPriority                       0x20000038   Data           4  tasks.o(.data)
    xSchedulerRunning                        0x2000003c   Data           4  tasks.o(.data)
    uxPendedTicks                            0x20000040   Data           4  tasks.o(.data)
    xYieldPending                            0x20000044   Data           4  tasks.o(.data)
    xNumOfOverflows                          0x20000048   Data           4  tasks.o(.data)
    uxTaskNumber                             0x2000004c   Data           4  tasks.o(.data)
    xNextTaskUnblockTime                     0x20000050   Data           4  tasks.o(.data)
    xIdleTaskHandle                          0x20000054   Data           4  tasks.o(.data)
    uxSchedulerSuspended                     0x20000058   Data           4  tasks.o(.data)
    .data                                    0x2000005c   Section       20  timers.o(.data)
    pxCurrentTimerList                       0x2000005c   Data           4  timers.o(.data)
    pxOverflowTimerList                      0x20000060   Data           4  timers.o(.data)
    xTimerQueue                              0x20000064   Data           4  timers.o(.data)
    xTimerTaskHandle                         0x20000068   Data           4  timers.o(.data)
    xLastTime                                0x2000006c   Data           4  timers.o(.data)
    .data                                    0x20000070   Section       24  heap_4.o(.data)
    xStart                                   0x20000070   Data           8  heap_4.o(.data)
    pxEnd                                    0x20000078   Data           4  heap_4.o(.data)
    xFreeBytesRemaining                      0x2000007c   Data           4  heap_4.o(.data)
    xMinimumEverFreeBytesRemaining           0x20000080   Data           4  heap_4.o(.data)
    xBlockAllocatedBit                       0x20000084   Data           4  heap_4.o(.data)
    .data                                    0x20000088   Section       12  port_1.o(.data)
    uxCriticalNesting                        0x20000088   Data           4  port_1.o(.data)
    ucMaxSysCallPriority                     0x2000008c   Data           1  port_1.o(.data)
    ulMaxPRIGROUPValue                       0x20000090   Data           4  port_1.o(.data)
    .data                                    0x20000094   Section       16  main.o(.data)
    .bss                                     0x200000a4   Section       64  queue.o(.bss)
    .bss                                     0x200000e4   Section      200  tasks.o(.bss)
    pxReadyTasksLists                        0x200000e4   Data         100  tasks.o(.bss)
    xDelayedTaskList1                        0x20000148   Data          20  tasks.o(.bss)
    xDelayedTaskList2                        0x2000015c   Data          20  tasks.o(.bss)
    xPendingReadyList                        0x20000170   Data          20  tasks.o(.bss)
    xTasksWaitingTermination                 0x20000184   Data          20  tasks.o(.bss)
    xSuspendedTaskList                       0x20000198   Data          20  tasks.o(.bss)
    .bss                                     0x200001ac   Section       40  timers.o(.bss)
    xActiveTimerList1                        0x200001ac   Data          20  timers.o(.bss)
    xActiveTimerList2                        0x200001c0   Data          20  timers.o(.bss)
    .bss                                     0x200001d4   Section       96  libspace.o(.bss)

    Global Symbols

    Symbol Name                              Value     Ov Type        Size  Object(Section)

    BuildAttributes$$THM_ISAv4$E$P$D$K$B$S$7EM$VFPi3$EXTD16$VFPS$VFMA$PE$A:L22UL41UL21$X:L11$S22US41US21$IEEE1$IW$USESV6$~STKCKD$USESV7$~SHL$OTIME$ROPI$IEEEJ$EBA8$UX$STANDARDLIB$REQ8$PRES8$EABIv2 0x00000000   Number         0  anon$$obj.o ABSOLUTE
    Image$$VECTOR_RAM$$Base                  0x00000000   Number         0  anon$$obj.o ABSOLUTE
    Image$$VECTOR_ROM$$Base                  0x00000000   Number         0  anon$$obj.o ABSOLUTE
    __ARM_use_no_argv                        0x00000000   Number         0  main.o ABSOLUTE
    __Vectors                                0x00000000   Data           4  startup_s32k144.o(RESET)
    _printf_flags                            0x00000000   Number         0  printf_stubs.o ABSOLUTE
    _printf_return_value                     0x00000000   Number         0  printf_stubs.o ABSOLUTE
    _printf_sizespec                         0x00000000   Number         0  printf_stubs.o ABSOLUTE
    _printf_widthprec                        0x00000000   Number         0  printf_stubs.o ABSOLUTE
    Image$$ZI$$Limit                          - Undefined Weak Reference
    __ARM_exceptions_init                     - Undefined Weak Reference
    __alloca_initialize                       - Undefined Weak Reference
    __arm_preinit_                            - Undefined Weak Reference
    __cpp_initialize__aeabi_                  - Undefined Weak Reference
    __cxa_finalize                            - Undefined Weak Reference
    __sigvec_lookup                           - Undefined Weak Reference
    _atexit_init                              - Undefined Weak Reference
    _call_atexit_fns                          - Undefined Weak Reference
    _clock_init                               - Undefined Weak Reference
    _fp_trap_init                             - Undefined Weak Reference
    _fp_trap_shutdown                         - Undefined Weak Reference
    _get_lc_collate                           - Undefined Weak Reference
    _get_lc_monetary                          - Undefined Weak Reference
    _get_lc_time                              - Undefined Weak Reference
    _getenv_init                              - Undefined Weak Reference
    _handle_redirection                       - Undefined Weak Reference
    _init_alloc                               - Undefined Weak Reference
    _init_user_alloc                          - Undefined Weak Reference
    _initio                                   - Undefined Weak Reference
    _printf_mbtowc                            - Undefined Weak Reference
    _printf_wc                                - Undefined Weak Reference
    _rand_init                                - Undefined Weak Reference
    _signal_finish                            - Undefined Weak Reference
    _signal_init                              - Undefined Weak Reference
    _terminate_alloc                          - Undefined Weak Reference
    _terminate_user_alloc                     - Undefined Weak Reference
    _terminateio                              - Undefined Weak Reference
    __Vectors_End                            0x00000400   Data           0  startup_s32k144.o(RESET)
    __Vectors_Size                           0x00000400   Number         0  startup_s32k144.o ABSOLUTE
    __main                                   0x00000411   Thumb Code     8  __main.o(!!!main)
    __scatterload                            0x00000419   Thumb Code     0  __scatter.o(!!!scatter)
    __scatterload_rt2                        0x00000419   Thumb Code    44  __scatter.o(!!!scatter)
    __scatterload_rt2_thumb_only             0x00000419   Thumb Code     0  __scatter.o(!!!scatter)
    __scatterload_null                       0x00000427   Thumb Code     0  __scatter.o(!!!scatter)
    __scatterload_copy                       0x0000044d   Thumb Code    26  __scatter_copy.o(!!handler_copy)
    __scatterload_zeroinit                   0x00000469   Thumb Code    28  __scatter_zi.o(!!handler_zi)
    _printf_n                                0x00000485   Thumb Code     0  _printf_n.o(.ARM.Collect$$_printf_percent$$00000001)
    _printf_percent                          0x00000485   Thumb Code     0  _printf_percent.o(.ARM.Collect$$_printf_percent$$00000000)
    _printf_p                                0x0000048b   Thumb Code     0  _printf_p.o(.ARM.Collect$$_printf_percent$$00000002)
    _printf_f                                0x00000491   Thumb Code     0  _printf_f.o(.ARM.Collect$$_printf_percent$$00000003)
    _printf_e                                0x00000497   Thumb Code     0  _printf_e.o(.ARM.Collect$$_printf_percent$$00000004)
    _printf_g                                0x0000049d   Thumb Code     0  _printf_g.o(.ARM.Collect$$_printf_percent$$00000005)
    _printf_a                                0x000004a3   Thumb Code     0  _printf_a.o(.ARM.Collect$$_printf_percent$$00000006)
    _printf_ll                               0x000004a9   Thumb Code     0  _printf_ll.o(.ARM.Collect$$_printf_percent$$00000007)
    _printf_i                                0x000004b3   Thumb Code     0  _printf_i.o(.ARM.Collect$$_printf_percent$$00000008)
    _printf_d                                0x000004b9   Thumb Code     0  _printf_d.o(.ARM.Collect$$_printf_percent$$00000009)
    _printf_u                                0x000004bf   Thumb Code     0  _printf_u.o(.ARM.Collect$$_printf_percent$$0000000A)
    _printf_o                                0x000004c5   Thumb Code     0  _printf_o.o(.ARM.Collect$$_printf_percent$$0000000B)
    _printf_x                                0x000004cb   Thumb Code     0  _printf_x.o(.ARM.Collect$$_printf_percent$$0000000C)
    _printf_lli                              0x000004d1   Thumb Code     0  _printf_lli.o(.ARM.Collect$$_printf_percent$$0000000D)
    _printf_lld                              0x000004d7   Thumb Code     0  _printf_lld.o(.ARM.Collect$$_printf_percent$$0000000E)
    _printf_llu                              0x000004dd   Thumb Code     0  _printf_llu.o(.ARM.Collect$$_printf_percent$$0000000F)
    _printf_llo                              0x000004e3   Thumb Code     0  _printf_llo.o(.ARM.Collect$$_printf_percent$$00000010)
    _printf_llx                              0x000004e9   Thumb Code     0  _printf_llx.o(.ARM.Collect$$_printf_percent$$00000011)
    _printf_l                                0x000004ef   Thumb Code     0  _printf_l.o(.ARM.Collect$$_printf_percent$$00000012)
    _printf_c                                0x000004f9   Thumb Code     0  _printf_c.o(.ARM.Collect$$_printf_percent$$00000013)
    _printf_s                                0x000004ff   Thumb Code     0  _printf_s.o(.ARM.Collect$$_printf_percent$$00000014)
    _printf_lc                               0x00000505   Thumb Code     0  _printf_lc.o(.ARM.Collect$$_printf_percent$$00000015)
    _printf_ls                               0x0000050b   Thumb Code     0  _printf_ls.o(.ARM.Collect$$_printf_percent$$00000016)
    _printf_percent_end                      0x00000511   Thumb Code     0  _printf_percent_end.o(.ARM.Collect$$_printf_percent$$00000017)
    __rt_lib_init                            0x00000515   Thumb Code     0  libinit.o(.ARM.Collect$$libinit$$00000000)
    __rt_lib_init_fp_1                       0x00000517   Thumb Code     0  libinit2.o(.ARM.Collect$$libinit$$00000001)
    __rt_lib_init_heap_1                     0x0000051b   Thumb Code     0  libinit2.o(.ARM.Collect$$libinit$$0000000A)
    __rt_lib_init_lc_common                  0x0000051b   Thumb Code     0  libinit2.o(.ARM.Collect$$libinit$$0000000F)
    __rt_lib_init_preinit_1                  0x0000051b   Thumb Code     0  libinit2.o(.ARM.Collect$$libinit$$00000004)
    __rt_lib_init_rand_1                     0x0000051b   Thumb Code     0  libinit2.o(.ARM.Collect$$libinit$$0000000E)
    __rt_lib_init_user_alloc_1               0x0000051b   Thumb Code     0  libinit2.o(.ARM.Collect$$libinit$$0000000C)
    __rt_lib_init_lc_collate_1               0x00000521   Thumb Code     0  libinit2.o(.ARM.Collect$$libinit$$00000011)
    __rt_lib_init_lc_ctype_2                 0x00000521   Thumb Code     0  libinit2.o(.ARM.Collect$$libinit$$00000012)
    __rt_lib_init_lc_ctype_1                 0x0000052d   Thumb Code     0  libinit2.o(.ARM.Collect$$libinit$$00000013)
    __rt_lib_init_lc_monetary_1              0x0000052d   Thumb Code     0  libinit2.o(.ARM.Collect$$libinit$$00000015)
    __rt_lib_init_lc_numeric_2               0x0000052d   Thumb Code     0  libinit2.o(.ARM.Collect$$libinit$$00000016)
    __rt_lib_init_alloca_1                   0x00000537   Thumb Code     0  libinit2.o(.ARM.Collect$$libinit$$0000002E)
    __rt_lib_init_argv_1                     0x00000537   Thumb Code     0  libinit2.o(.ARM.Collect$$libinit$$0000002C)
    __rt_lib_init_atexit_1                   0x00000537   Thumb Code     0  libinit2.o(.ARM.Collect$$libinit$$0000001B)
    __rt_lib_init_clock_1                    0x00000537   Thumb Code     0  libinit2.o(.ARM.Collect$$libinit$$00000021)
    __rt_lib_init_cpp_1                      0x00000537   Thumb Code     0  libinit2.o(.ARM.Collect$$libinit$$00000032)
    __rt_lib_init_exceptions_1               0x00000537   Thumb Code     0  libinit2.o(.ARM.Collect$$libinit$$00000030)
    __rt_lib_init_fp_trap_1                  0x00000537   Thumb Code     0  libinit2.o(.ARM.Collect$$libinit$$0000001F)
    __rt_lib_init_getenv_1                   0x00000537   Thumb Code     0  libinit2.o(.ARM.Collect$$libinit$$00000023)
    __rt_lib_init_lc_numeric_1               0x00000537   Thumb Code     0  libinit2.o(.ARM.Collect$$libinit$$00000017)
    __rt_lib_init_lc_time_1                  0x00000537   Thumb Code     0  libinit2.o(.ARM.Collect$$libinit$$00000019)
    __rt_lib_init_return                     0x00000537   Thumb Code     0  libinit2.o(.ARM.Collect$$libinit$$00000033)
    __rt_lib_init_signal_1                   0x00000537   Thumb Code     0  libinit2.o(.ARM.Collect$$libinit$$0000001D)
    __rt_lib_init_stdio_1                    0x00000537   Thumb Code     0  libinit2.o(.ARM.Collect$$libinit$$00000025)
    __rt_lib_shutdown                        0x00000539   Thumb Code     0  libshutdown.o(.ARM.Collect$$libshutdown$$00000000)
    __rt_lib_shutdown_cpp_1                  0x0000053b   Thumb Code     0  libshutdown2.o(.ARM.Collect$$libshutdown$$00000002)
    __rt_lib_shutdown_fp_trap_1              0x0000053b   Thumb Code     0  libshutdown2.o(.ARM.Collect$$libshutdown$$00000007)
    __rt_lib_shutdown_heap_1                 0x0000053b   Thumb Code     0  libshutdown2.o(.ARM.Collect$$libshutdown$$0000000F)
    __rt_lib_shutdown_return                 0x0000053b   Thumb Code     0  libshutdown2.o(.ARM.Collect$$libshutdown$$00000010)
    __rt_lib_shutdown_signal_1               0x0000053b   Thumb Code     0  libshutdown2.o(.ARM.Collect$$libshutdown$$0000000A)
    __rt_lib_shutdown_stdio_1                0x0000053b   Thumb Code     0  libshutdown2.o(.ARM.Collect$$libshutdown$$00000004)
    __rt_lib_shutdown_user_alloc_1           0x0000053b   Thumb Code     0  libshutdown2.o(.ARM.Collect$$libshutdown$$0000000C)
    __rt_entry                               0x0000053d   Thumb Code     0  __rtentry.o(.ARM.Collect$$rtentry$$00000000)
    __rt_entry_presh_1                       0x0000053d   Thumb Code     0  __rtentry2.o(.ARM.Collect$$rtentry$$00000002)
    __rt_entry_sh                            0x0000053d   Thumb Code     0  __rtentry7.o(.ARM.Collect$$rtentry$$00000007)
    __rt_entry_li                            0x00000541   Thumb Code     0  __rtentry2.o(.ARM.Collect$$rtentry$$0000000A)
    __rt_entry_postsh_1                      0x00000541   Thumb Code     0  __rtentry2.o(.ARM.Collect$$rtentry$$00000009)
    __rt_entry_main                          0x00000545   Thumb Code     0  __rtentry2.o(.ARM.Collect$$rtentry$$0000000D)
    __rt_entry_postli_1                      0x00000545   Thumb Code     0  __rtentry2.o(.ARM.Collect$$rtentry$$0000000C)
    __rt_exit                                0x00000551   Thumb Code     0  rtexit.o(.ARM.Collect$$rtexit$$00000000)
    __rt_exit_ls                             0x00000553   Thumb Code     0  rtexit2.o(.ARM.Collect$$rtexit$$00000003)
    __rt_exit_prels_1                        0x00000553   Thumb Code     0  rtexit2.o(.ARM.Collect$$rtexit$$00000002)
    __rt_exit_exit                           0x00000557   Thumb Code     0  rtexit2.o(.ARM.Collect$$rtexit$$00000004)
    SVC_Handler                              0x0000055d   Thumb Code    28  port_1.o(.emb_text)
    __asm___6_port_c_39a90d8d__prvStartFirstTask 0x0000057d   Thumb Code    28  port_1.o(.emb_text)
    __asm___6_port_c_39a90d8d__prvEnableVFP  0x0000059d   Thumb Code    16  port_1.o(.emb_text)
    PendSV_Handler                           0x000005b1   Thumb Code    88  port_1.o(.emb_text)
    vPortGetIPSR                             0x0000060d   Thumb Code     6  port_1.o(.emb_text)
    Reset_Handler                            0x00000615   Thumb Code    18  startup_s32k144.o(.text)
    NMI_Handler                              0x00000627   Thumb Code     2  startup_s32k144.o(.text)
    HardFault_Handler                        0x00000629   Thumb Code     2  startup_s32k144.o(.text)
    MemManage_Handler                        0x0000062b   Thumb Code     2  startup_s32k144.o(.text)
    BusFault_Handler                         0x0000062d   Thumb Code     2  startup_s32k144.o(.text)
    UsageFault_Handler                       0x0000062f   Thumb Code     2  startup_s32k144.o(.text)
    DebugMon_Handler                         0x00000633   Thumb Code     2  startup_s32k144.o(.text)
    ADC0_IRQHandler                          0x00000639   Thumb Code     0  startup_s32k144.o(.text)
    ADC1_IRQHandler                          0x00000639   Thumb Code     0  startup_s32k144.o(.text)
    CAN0_Error_IRQHandler                    0x00000639   Thumb Code     0  startup_s32k144.o(.text)
    CAN0_ORed_16_31_MB_IRQHandler            0x00000639   Thumb Code     0  startup_s32k144.o(.text)
    CAN0_ORed_IRQHandler                     0x00000639   Thumb Code     0  startup_s32k144.o(.text)
    CAN0_Wake_Up_IRQHandler                  0x00000639   Thumb Code     0  startup_s32k144.o(.text)
    CAN1_Error_IRQHandler                    0x00000639   Thumb Code     0  startup_s32k144.o(.text)
    CAN1_ORed_0_15_MB_IRQHandler             0x00000639   Thumb Code     0  startup_s32k144.o(.text)
    CAN1_ORed_IRQHandler                     0x00000639   Thumb Code     0  startup_s32k144.o(.text)
    CAN2_Error_IRQHandler                    0x00000639   Thumb Code     0  startup_s32k144.o(.text)
    CAN2_ORed_0_15_MB_IRQHandler             0x00000639   Thumb Code     0  startup_s32k144.o(.text)
    CAN2_ORed_IRQHandler                     0x00000639   Thumb Code     0  startup_s32k144.o(.text)
    CMP0_IRQHandler                          0x00000639   Thumb Code     0  startup_s32k144.o(.text)
    DMA0_IRQHandler                          0x00000639   Thumb Code     0  startup_s32k144.o(.text)
    DMA10_IRQHandler                         0x00000639   Thumb Code     0  startup_s32k144.o(.text)
    DMA11_IRQHandler                         0x00000639   Thumb Code     0  startup_s32k144.o(.text)
    DMA12_IRQHandler                         0x00000639   Thumb Code     0  startup_s32k144.o(.text)
    DMA13_IRQHandler                         0x00000639   Thumb Code     0  startup_s32k144.o(.text)
    DMA14_IRQHandler                         0x00000639   Thumb Code     0  startup_s32k144.o(.text)
    DMA15_IRQHandler                         0x00000639   Thumb Code     0  startup_s32k144.o(.text)
    DMA1_IRQHandler                          0x00000639   Thumb Code     0  startup_s32k144.o(.text)
    DMA2_IRQHandler                          0x00000639   Thumb Code     0  startup_s32k144.o(.text)
    DMA3_IRQHandler                          0x00000639   Thumb Code     0  startup_s32k144.o(.text)
    DMA4_IRQHandler                          0x00000639   Thumb Code     0  startup_s32k144.o(.text)
    DMA5_IRQHandler                          0x00000639   Thumb Code     0  startup_s32k144.o(.text)
    DMA6_IRQHandler                          0x00000639   Thumb Code     0  startup_s32k144.o(.text)
    DMA7_IRQHandler                          0x00000639   Thumb Code     0  startup_s32k144.o(.text)
    DMA8_IRQHandler                          0x00000639   Thumb Code     0  startup_s32k144.o(.text)
    DMA9_IRQHandler                          0x00000639   Thumb Code     0  startup_s32k144.o(.text)
    DMA_Error_IRQHandler                     0x00000639   Thumb Code     0  startup_s32k144.o(.text)
    DefaultISR                               0x00000639   Thumb Code     0  startup_s32k144.o(.text)
    ERM_double_fault_IRQHandler              0x00000639   Thumb Code     0  startup_s32k144.o(.text)
    ERM_single_fault_IRQHandler              0x00000639   Thumb Code     0  startup_s32k144.o(.text)
    FLEXIO_IRQHandler                        0x00000639   Thumb Code     0  startup_s32k144.o(.text)
    FTFC_Fault_IRQHandler                    0x00000639   Thumb Code     0  startup_s32k144.o(.text)
    FTFC_IRQHandler                          0x00000639   Thumb Code     0  startup_s32k144.o(.text)
    FTM0_Ch0_Ch1_IRQHandler                  0x00000639   Thumb Code     0  startup_s32k144.o(.text)
    FTM0_Ch2_Ch3_IRQHandler                  0x00000639   Thumb Code     0  startup_s32k144.o(.text)
    FTM0_Ch4_Ch5_IRQHandler                  0x00000639   Thumb Code     0  startup_s32k144.o(.text)
    FTM0_Ch6_Ch7_IRQHandler                  0x00000639   Thumb Code     0  startup_s32k144.o(.text)
    FTM0_Fault_IRQHandler                    0x00000639   Thumb Code     0  startup_s32k144.o(.text)
    FTM0_Ovf_Reload_IRQHandler               0x00000639   Thumb Code     0  startup_s32k144.o(.text)
    FTM1_Ch0_Ch1_IRQHandler                  0x00000639   Thumb Code     0  startup_s32k144.o(.text)
    FTM1_Ch2_Ch3_IRQHandler                  0x00000639   Thumb Code     0  startup_s32k144.o(.text)
    FTM1_Ch4_Ch5_IRQHandler                  0x00000639   Thumb Code     0  startup_s32k144.o(.text)
    FTM1_Ch6_Ch7_IRQHandler                  0x00000639   Thumb Code     0  startup_s32k144.o(.text)
    FTM1_Fault_IRQHandler                    0x00000639   Thumb Code     0  startup_s32k144.o(.text)
    FTM1_Ovf_Reload_IRQHandler               0x00000639   Thumb Code     0  startup_s32k144.o(.text)
    FTM2_Ch0_Ch1_IRQHandler                  0x00000639   Thumb Code     0  startup_s32k144.o(.text)
    FTM2_Ch2_Ch3_IRQHandler                  0x00000639   Thumb Code     0  startup_s32k144.o(.text)
    FTM2_Ch4_Ch5_IRQHandler                  0x00000639   Thumb Code     0  startup_s32k144.o(.text)
    FTM2_Ch6_Ch7_IRQHandler                  0x00000639   Thumb Code     0  startup_s32k144.o(.text)
    FTM2_Fault_IRQHandler                    0x00000639   Thumb Code     0  startup_s32k144.o(.text)
    FTM2_Ovf_Reload_IRQHandler               0x00000639   Thumb Code     0  startup_s32k144.o(.text)
    FTM3_Ch0_Ch1_IRQHandler                  0x00000639   Thumb Code     0  startup_s32k144.o(.text)
    FTM3_Ch2_Ch3_IRQHandler                  0x00000639   Thumb Code     0  startup_s32k144.o(.text)
    FTM3_Ch4_Ch5_IRQHandler                  0x00000639   Thumb Code     0  startup_s32k144.o(.text)
    FTM3_Ch6_Ch7_IRQHandler                  0x00000639   Thumb Code     0  startup_s32k144.o(.text)
    FTM3_Fault_IRQHandler                    0x00000639   Thumb Code     0  startup_s32k144.o(.text)
    FTM3_Ovf_Reload_IRQHandler               0x00000639   Thumb Code     0  startup_s32k144.o(.text)
    LPI2C0_Master_IRQHandler                 0x00000639   Thumb Code     0  startup_s32k144.o(.text)
    LPI2C0_Slave_IRQHandler                  0x00000639   Thumb Code     0  startup_s32k144.o(.text)
    LPIT0_Ch1_IRQHandler                     0x00000639   Thumb Code     0  startup_s32k144.o(.text)
    LPIT0_Ch2_IRQHandler                     0x00000639   Thumb Code     0  startup_s32k144.o(.text)
    LPIT0_Ch3_IRQHandler                     0x00000639   Thumb Code     0  startup_s32k144.o(.text)
    LPSPI0_IRQHandler                        0x00000639   Thumb Code     0  startup_s32k144.o(.text)
    LPSPI1_IRQHandler                        0x00000639   Thumb Code     0  startup_s32k144.o(.text)
    LPSPI2_IRQHandler                        0x00000639   Thumb Code     0  startup_s32k144.o(.text)
    LPTMR0_IRQHandler                        0x00000639   Thumb Code     0  startup_s32k144.o(.text)
    LPUART0_RxTx_IRQHandler                  0x00000639   Thumb Code     0  startup_s32k144.o(.text)
    LPUART1_RxTx_IRQHandler                  0x00000639   Thumb Code     0  startup_s32k144.o(.text)
    LVD_LVW_IRQHandler                       0x00000639   Thumb Code     0  startup_s32k144.o(.text)
    MCM_IRQHandler                           0x00000639   Thumb Code     0  startup_s32k144.o(.text)
    PDB0_IRQHandler                          0x00000639   Thumb Code     0  startup_s32k144.o(.text)
    PDB1_IRQHandler                          0x00000639   Thumb Code     0  startup_s32k144.o(.text)
    PORTA_IRQHandler                         0x00000639   Thumb Code     0  startup_s32k144.o(.text)
    PORTB_IRQHandler                         0x00000639   Thumb Code     0  startup_s32k144.o(.text)
    PORTC_IRQHandler                         0x00000639   Thumb Code     0  startup_s32k144.o(.text)
    PORTD_IRQHandler                         0x00000639   Thumb Code     0  startup_s32k144.o(.text)
    PORTE_IRQHandler                         0x00000639   Thumb Code     0  startup_s32k144.o(.text)
    RCM_IRQHandler                           0x00000639   Thumb Code     0  startup_s32k144.o(.text)
    RTC_IRQHandler                           0x00000639   Thumb Code     0  startup_s32k144.o(.text)
    RTC_Seconds_IRQHandler                   0x00000639   Thumb Code     0  startup_s32k144.o(.text)
    Read_Collision_IRQHandler                0x00000639   Thumb Code     0  startup_s32k144.o(.text)
    Reserved100_IRQHandler                   0x00000639   Thumb Code     0  startup_s32k144.o(.text)
    Reserved103_IRQHandler                   0x00000639   Thumb Code     0  startup_s32k144.o(.text)
    Reserved105_IRQHandler                   0x00000639   Thumb Code     0  startup_s32k144.o(.text)
    Reserved106_IRQHandler                   0x00000639   Thumb Code     0  startup_s32k144.o(.text)
    Reserved107_IRQHandler                   0x00000639   Thumb Code     0  startup_s32k144.o(.text)
    Reserved110_IRQHandler                   0x00000639   Thumb Code     0  startup_s32k144.o(.text)
    Reserved112_IRQHandler                   0x00000639   Thumb Code     0  startup_s32k144.o(.text)
    Reserved113_IRQHandler                   0x00000639   Thumb Code     0  startup_s32k144.o(.text)
    Reserved114_IRQHandler                   0x00000639   Thumb Code     0  startup_s32k144.o(.text)
    Reserved45_IRQHandler                    0x00000639   Thumb Code     0  startup_s32k144.o(.text)
    Reserved46_IRQHandler                    0x00000639   Thumb Code     0  startup_s32k144.o(.text)
    Reserved48_IRQHandler                    0x00000639   Thumb Code     0  startup_s32k144.o(.text)
    Reserved50_IRQHandler                    0x00000639   Thumb Code     0  startup_s32k144.o(.text)
    Reserved52_IRQHandler                    0x00000639   Thumb Code     0  startup_s32k144.o(.text)
    Reserved53_IRQHandler                    0x00000639   Thumb Code     0  startup_s32k144.o(.text)
    Reserved54_IRQHandler                    0x00000639   Thumb Code     0  startup_s32k144.o(.text)
    Reserved58_IRQHandler                    0x00000639   Thumb Code     0  startup_s32k144.o(.text)
    Reserved59_IRQHandler                    0x00000639   Thumb Code     0  startup_s32k144.o(.text)
    Reserved69_IRQHandler                    0x00000639   Thumb Code     0  startup_s32k144.o(.text)
    Reserved70_IRQHandler                    0x00000639   Thumb Code     0  startup_s32k144.o(.text)
    Reserved71_IRQHandler                    0x00000639   Thumb Code     0  startup_s32k144.o(.text)
    Reserved72_IRQHandler                    0x00000639   Thumb Code     0  startup_s32k144.o(.text)
    Reserved81_IRQHandler                    0x00000639   Thumb Code     0  startup_s32k144.o(.text)
    Reserved82_IRQHandler                    0x00000639   Thumb Code     0  startup_s32k144.o(.text)
    Reserved83_IRQHandler                    0x00000639   Thumb Code     0  startup_s32k144.o(.text)
    Reserved86_IRQHandler                    0x00000639   Thumb Code     0  startup_s32k144.o(.text)
    Reserved87_IRQHandler                    0x00000639   Thumb Code     0  startup_s32k144.o(.text)
    Reserved88_IRQHandler                    0x00000639   Thumb Code     0  startup_s32k144.o(.text)
    Reserved89_IRQHandler                    0x00000639   Thumb Code     0  startup_s32k144.o(.text)
    Reserved90_IRQHandler                    0x00000639   Thumb Code     0  startup_s32k144.o(.text)
    Reserved91_IRQHandler                    0x00000639   Thumb Code     0  startup_s32k144.o(.text)
    Reserved92_IRQHandler                    0x00000639   Thumb Code     0  startup_s32k144.o(.text)
    Reserved93_IRQHandler                    0x00000639   Thumb Code     0  startup_s32k144.o(.text)
    Reserved99_IRQHandler                    0x00000639   Thumb Code     0  startup_s32k144.o(.text)
    SCG_IRQHandler                           0x00000639   Thumb Code     0  startup_s32k144.o(.text)
    SWI_IRQHandler                           0x00000639   Thumb Code     0  startup_s32k144.o(.text)
    WDOG_EWM_IRQHandler                      0x00000639   Thumb Code     0  startup_s32k144.o(.text)
    vsnprintf                                0x0000064d   Thumb Code    48  vsnprintf.o(.text)
    __aeabi_memcpy                           0x00000681   Thumb Code     0  rt_memcpy_v6.o(.text)
    __rt_memcpy                              0x00000681   Thumb Code   138  rt_memcpy_v6.o(.text)
    _memcpy_lastbytes                        0x000006e7   Thumb Code     0  rt_memcpy_v6.o(.text)
    __aeabi_memset                           0x0000070b   Thumb Code    16  aeabi_memset.o(.text)
    __aeabi_memclr4                          0x0000071b   Thumb Code     0  rt_memclr_w.o(.text)
    __aeabi_memclr8                          0x0000071b   Thumb Code     0  rt_memclr_w.o(.text)
    __rt_memclr_w                            0x0000071b   Thumb Code    78  rt_memclr_w.o(.text)
    _memset_w                                0x0000071f   Thumb Code     0  rt_memclr_w.o(.text)
    _printf_pre_padding                      0x00000769   Thumb Code    44  _printf_pad.o(.text)
    _printf_post_padding                     0x00000795   Thumb Code    34  _printf_pad.o(.text)
    _printf_truncate_signed                  0x000007b7   Thumb Code    18  _printf_truncate.o(.text)
    _printf_truncate_unsigned                0x000007c9   Thumb Code    18  _printf_truncate.o(.text)
    _printf_str                              0x000007db   Thumb Code    82  _printf_str.o(.text)
    _printf_int_dec                          0x0000082d   Thumb Code   104  _printf_dec.o(.text)
    _printf_charcount                        0x000008a5   Thumb Code    40  _printf_charcount.o(.text)
    _printf_char_common                      0x000008d7   Thumb Code    32  _printf_char_common.o(.text)
    _sputc                                   0x000008fd   Thumb Code    10  _sputc.o(.text)
    _snputc                                  0x00000907   Thumb Code    16  _snputc.o(.text)
    _printf_wctomb                           0x00000919   Thumb Code   182  _printf_wctomb.o(.text)
    _printf_longlong_dec                     0x000009d5   Thumb Code   108  _printf_longlong_dec.o(.text)
    _printf_longlong_oct                     0x00000a51   Thumb Code    66  _printf_oct_int_ll.o(.text)
    _printf_int_oct                          0x00000a93   Thumb Code    24  _printf_oct_int_ll.o(.text)
    _printf_ll_oct                           0x00000aab   Thumb Code    12  _printf_oct_int_ll.o(.text)
    _printf_longlong_hex                     0x00000ac1   Thumb Code    86  _printf_hex_int_ll_ptr.o(.text)
    _printf_int_hex                          0x00000b17   Thumb Code    28  _printf_hex_int_ll_ptr.o(.text)
    _printf_ll_hex                           0x00000b33   Thumb Code    12  _printf_hex_int_ll_ptr.o(.text)
    _printf_hex_ptr                          0x00000b3f   Thumb Code    18  _printf_hex_int_ll_ptr.o(.text)
    __printf                                 0x00000b55   Thumb Code   388  __printf_flags_ss_wp.o(.text)
    __aeabi_memcpy4                          0x00000cdd   Thumb Code     0  rt_memcpy_w.o(.text)
    __aeabi_memcpy8                          0x00000cdd   Thumb Code     0  rt_memcpy_w.o(.text)
    __rt_memcpy_w                            0x00000cdd   Thumb Code   100  rt_memcpy_w.o(.text)
    _memcpy_lastbytes_aligned                0x00000d25   Thumb Code     0  rt_memcpy_w.o(.text)
    __aeabi_memclr                           0x00000d41   Thumb Code     0  rt_memclr.o(.text)
    __rt_memclr                              0x00000d41   Thumb Code    68  rt_memclr.o(.text)
    _memset                                  0x00000d45   Thumb Code     0  rt_memclr.o(.text)
    _ll_udiv10                               0x00000d85   Thumb Code   138  lludiv10.o(.text)
    _printf_int_common                       0x00000e0f   Thumb Code   178  _printf_intcommon.o(.text)
    __lib_sel_fp_printf                      0x00000ec1   Thumb Code     2  _printf_fp_dec.o(.text)
    _printf_fp_dec_real                      0x00001073   Thumb Code   620  _printf_fp_dec.o(.text)
    _printf_fp_hex_real                      0x000012e1   Thumb Code   756  _printf_fp_hex.o(.text)
    _printf_cs_common                        0x000015dd   Thumb Code    20  _printf_char.o(.text)
    _printf_char                             0x000015f1   Thumb Code    16  _printf_char.o(.text)
    _printf_string                           0x00001601   Thumb Code     8  _printf_char.o(.text)
    _printf_lcs_common                       0x00001609   Thumb Code    20  _printf_wchar.o(.text)
    _printf_wchar                            0x0000161d   Thumb Code    16  _printf_wchar.o(.text)
    _printf_wstring                          0x0000162d   Thumb Code     8  _printf_wchar.o(.text)
    _wcrtomb                                 0x00001635   Thumb Code    64  _wcrtomb.o(.text)
    __rt_ctype_table                         0x00001675   Thumb Code    16  rt_ctype_table.o(.text)
    __rt_locale                              0x00001685   Thumb Code     8  rt_locale_intlibspace.o(.text)
    _printf_fp_infnan                        0x0000168d   Thumb Code   112  _printf_fp_infnan.o(.text)
    _btod_etento                             0x0000170d   Thumb Code   224  bigflt0.o(.text)
    exit                                     0x000017f1   Thumb Code    18  exit.o(.text)
    strcmp                                   0x00001805   Thumb Code   128  strcmpv7m.o(.text)
    __I$use$semihosting                      0x00001885   Thumb Code     0  use_no_semi.o(.text)
    __use_no_semihosting_swi                 0x00001885   Thumb Code     2  use_no_semi.o(.text)
    __semihosting_library_function           0x00001887   Thumb Code     0  indicate_semi.o(.text)
    _sys_exit                                0x00001889   Thumb Code     8  sys_exit.o(.text)
    _btod_d2e                                0x00001895   Thumb Code    62  btod.o(CL$$btod_d2e)
    _d2e_denorm_low                          0x000018d3   Thumb Code    70  btod.o(CL$$btod_d2e_denorm_low)
    _d2e_norm_op1                            0x00001919   Thumb Code    96  btod.o(CL$$btod_d2e_norm_op1)
    __btod_div_common                        0x00001979   Thumb Code   696  btod.o(CL$$btod_div_common)
    _e2e                                     0x00001cb1   Thumb Code   220  btod.o(CL$$btod_e2e)
    _btod_ediv                               0x00001d8d   Thumb Code    42  btod.o(CL$$btod_ediv)
    _btod_emul                               0x00001db7   Thumb Code    42  btod.o(CL$$btod_emul)
    __btod_mult_common                       0x00001de1   Thumb Code   580  btod.o(CL$$btod_mult_common)
    ADC_Test                                 0x00002025   Thumb Code     2  test.o(i.ADC_Test)
    App_Task1                                0x000021c9   Thumb Code    10  main.o(i.App_Task1)
    App_Task2                                0x000021d3   Thumb Code    10  main.o(i.App_Task2)
    Bsp_Init                                 0x000021dd   Thumb Code    40  main.o(i.Bsp_Init)
    CAN0_NVIC_init_IRQs                      0x00002215   Thumb Code    26  flexcan.o(i.CAN0_NVIC_init_IRQs)
    CAN0_ORed_0_15_MB_IRQHandler             0x00002239   Thumb Code   130  flexcan.o(i.CAN0_ORed_0_15_MB_IRQHandler)
    Clock_init                               0x000022dd   Thumb Code    16  mcu.o(i.Clock_init)
    Dbgif_printf                             0x000022ed   Thumb Code    70  dbgif.o(i.Dbgif_printf)
    FLEXCAN0_Task                            0x00002333   Thumb Code     8  flexcan.o(i.FLEXCAN0_Task)
    FLEXCAN0_init                            0x0000233d   Thumb Code   194  flexcan.o(i.FLEXCAN0_init)
    FLEXCAN0_transmit_msg                    0x00002419   Thumb Code    38  flexcan.o(i.FLEXCAN0_transmit_msg)
    Flexcan_Test                             0x00002455   Thumb Code     8  test.o(i.Flexcan_Test)
    LPIT0_Ch0_IRQHandler                     0x0000245d   Thumb Code    20  lpit.o(i.LPIT0_Ch0_IRQHandler)
    LPIT0_Test                               0x00002475   Thumb Code     2  lpit.o(i.LPIT0_Test)
    LPIT0_init                               0x00002479   Thumb Code    48  lpit.o(i.LPIT0_init)
    LPUART2_RxTx_IRQHandler                  0x000024b5   Thumb Code    32  lpuart.o(i.LPUART2_RxTx_IRQHandler)
    Lpit_Test                                0x000024d9   Thumb Code    12  test.o(i.Lpit_Test)
    Lpuart2_init                             0x000024e9   Thumb Code    62  lpuart.o(i.Lpuart2_init)
    Lpuart2_transmit_char                    0x00002539   Thumb Code    20  lpuart.o(i.Lpuart2_transmit_char)
    Lpuart2_transmit_n_size                  0x00002551   Thumb Code    26  lpuart.o(i.Lpuart2_transmit_n_size)
    Lpuart2_transmit_string                  0x0000256b   Thumb Code    24  lpuart.o(i.Lpuart2_transmit_string)
    Lpuart_Test                              0x00002583   Thumb Code     2  test.o(i.Lpuart_Test)
    NVIC_init_IRQs                           0x00002585   Thumb Code    26  lpit.o(i.NVIC_init_IRQs)
    NormalRUNMode_80MHz                      0x000025a9   Thumb Code    34  mcu.o(i.NormalRUNMode_80MHz)
    Port_Init                                0x000025d9   Thumb Code   106  port.o(i.Port_Init)
    SOSC_Init_8MHz                           0x00002655   Thumb Code    58  mcu.o(i.SOSC_Init_8MHz)
    SPLL_Init_160MHz                         0x00002699   Thumb Code    70  mcu.o(i.SPLL_Init_160MHz)
    SysTick_Handler                          0x000026e5   Thumb Code    46  port_1.o(i.SysTick_Handler)
    SystemInit                               0x00002719   Thumb Code    48  system_s32k144.o(i.SystemInit)
    Test_Init                                0x00002759   Thumb Code    42  test.o(i.Test_Init)
    Test_task                                0x000027ad   Thumb Code    26  test.o(i.Test_task)
    UART2_NVIC_init_IRQs                     0x000027c9   Thumb Code    24  lpuart.o(i.UART2_NVIC_init_IRQs)
    WDOG_disable                             0x000027e9   Thumb Code    20  main.o(i.WDOG_disable)
    __ARM_fpclassify                         0x00002805   Thumb Code    48  fpclassify.o(i.__ARM_fpclassify)
    _is_digit                                0x00002835   Thumb Code    14  __printf_wp.o(i._is_digit)
    init_data_bss                            0x00002845   Thumb Code    68  startup.o(i.init_data_bss)
    main                                     0x00002899   Thumb Code    62  main.o(i.main)
    pvPortMalloc                             0x000032c9   Thumb Code   306  heap_4.o(i.pvPortMalloc)
    pvTaskIncrementMutexHeldCount            0x00003411   Thumb Code    26  tasks.o(i.pvTaskIncrementMutexHeldCount)
    pxPortInitialiseStack                    0x00003431   Thumb Code    38  port_1.o(i.pxPortInitialiseStack)
    uxListRemove                             0x0000345d   Thumb Code    40  list.o(i.uxListRemove)
    vApplicationIdleHook                     0x00003485   Thumb Code     2  main.o(i.vApplicationIdleHook)
    vApplicationMallocFailedHook             0x00003487   Thumb Code     2  main.o(i.vApplicationMallocFailedHook)
    vApplicationStackOverflowHook            0x00003489   Thumb Code     2  main.o(i.vApplicationStackOverflowHook)
    vApplicationTickHook                     0x0000348b   Thumb Code     2  main.o(i.vApplicationTickHook)
    vListInitialise                          0x0000348d   Thumb Code    26  list.o(i.vListInitialise)
    vListInitialiseItem                      0x000034a7   Thumb Code     6  list.o(i.vListInitialiseItem)
    vListInsert                              0x000034ad   Thumb Code    52  list.o(i.vListInsert)
    vListInsertEnd                           0x000034e1   Thumb Code    24  list.o(i.vListInsertEnd)
    vPortEnterCritical                       0x000034f9   Thumb Code    76  port_1.o(i.vPortEnterCritical)
    vPortExitCritical                        0x0000354d   Thumb Code    56  port_1.o(i.vPortExitCritical)
    vPortFree                                0x00003589   Thumb Code   140  heap_4.o(i.vPortFree)
    vPortSetupTimerInterrupt                 0x0000361d   Thumb Code    14  port_1.o(i.vPortSetupTimerInterrupt)
    vPortValidateInterruptPriority           0x00003631   Thumb Code   106  port_1.o(i.vPortValidateInterruptPriority)
    vQueueAddToRegistry                      0x000036a9   Thumb Code    38  queue.o(i.vQueueAddToRegistry)
    vQueueWaitForMessageRestricted           0x000036d5   Thumb Code    74  queue.o(i.vQueueWaitForMessageRestricted)
    vTaskDelay                               0x00003721   Thumb Code    82  tasks.o(i.vTaskDelay)
    vTaskDelete                              0x0000377d   Thumb Code   202  tasks.o(i.vTaskDelete)
    vTaskMissedYield                         0x00003871   Thumb Code     8  tasks.o(i.vTaskMissedYield)
    vTaskPlaceOnEventList                    0x0000387d   Thumb Code    52  tasks.o(i.vTaskPlaceOnEventList)
    vTaskPlaceOnEventListRestricted          0x000038b5   Thumb Code    60  tasks.o(i.vTaskPlaceOnEventListRestricted)
    vTaskPriorityInherit                     0x000038f5   Thumb Code   164  tasks.o(i.vTaskPriorityInherit)
    vTaskSetTimeOutState                     0x000039a5   Thumb Code    38  tasks.o(i.vTaskSetTimeOutState)
    vTaskStartScheduler                      0x000039d5   Thumb Code   118  tasks.o(i.vTaskStartScheduler)
    vTaskSuspendAll                          0x00003a69   Thumb Code    12  tasks.o(i.vTaskSuspendAll)
    vTaskSwitchContext                       0x00003a79   Thumb Code   174  tasks.o(i.vTaskSwitchContext)
    xPortStartScheduler                      0x00003b3d   Thumb Code   288  port_1.o(i.xPortStartScheduler)
    xQueueGenericCreate                      0x00003c79   Thumb Code    88  queue.o(i.xQueueGenericCreate)
    xQueueGenericReceive                     0x00003cd1   Thumb Code   446  queue.o(i.xQueueGenericReceive)
    xQueueGenericReset                       0x00003e95   Thumb Code   146  queue.o(i.xQueueGenericReset)
    xQueueGenericSend                        0x00003f2d   Thumb Code   420  queue.o(i.xQueueGenericSend)
    xQueueGenericSendFromISR                 0x000040d5   Thumb Code   248  queue.o(i.xQueueGenericSendFromISR)
    xTaskCheckForTimeOut                     0x000041cd   Thumb Code   132  tasks.o(i.xTaskCheckForTimeOut)
    xTaskCreate                              0x00004259   Thumb Code    96  tasks.o(i.xTaskCreate)
    xTaskGetSchedulerState                   0x000042b9   Thumb Code    24  tasks.o(i.xTaskGetSchedulerState)
    xTaskGetTickCount                        0x000042d9   Thumb Code     6  tasks.o(i.xTaskGetTickCount)
    xTaskIncrementTick                       0x000042e5   Thumb Code   296  tasks.o(i.xTaskIncrementTick)
    xTaskPriorityDisinherit                  0x00004439   Thumb Code   188  tasks.o(i.xTaskPriorityDisinherit)
    xTaskRemoveFromEventList                 0x00004501   Thumb Code   128  tasks.o(i.xTaskRemoveFromEventList)
    xTaskResumeAll                           0x00004599   Thumb Code   224  tasks.o(i.xTaskResumeAll)
    xTimerCreateTimerTask                    0x0000469d   Thumb Code    66  timers.o(i.xTimerCreateTimerTask)
    xTimerGenericCommand                     0x000046f5   Thumb Code   126  timers.o(i.xTimerGenericCommand)
    _get_lc_numeric                          0x00004779   Thumb Code    44  lc_numeric_c.o(locale$$code)
    _get_lc_ctype                            0x000047a5   Thumb Code    44  lc_ctype_c.o(locale$$code)
    _fp_init                                 0x000047d1   Thumb Code    10  fpinit.o(x$fpl$fpinit)
    __fplib_config_fpu_vfp                   0x000047d9   Thumb Code     0  fpinit.o(x$fpl$fpinit)
    __fplib_config_pureend_doubles           0x000047d9   Thumb Code     0  fpinit.o(x$fpl$fpinit)
    _printf_fp_dec                           0x000047db   Thumb Code     4  printf1.o(x$fpl$printf1)
    _printf_fp_hex                           0x000047df   Thumb Code     4  printf2.o(x$fpl$printf2)
    __I$use$fp                               0x000047e2   Number         0  usenofp.o(x$fpl$usenofp)
    PortCfgPtr                               0x00004980   Data           4  port_pbcfg.o(.constdata)
    Region$$Table$$Base                      0x00004aac   Number         0  anon$$obj.o(Region$$Table)
    Region$$Table$$Limit                     0x00004adc   Number         0  anon$$obj.o(Region$$Table)
    __ctype                                  0x00004b05   Data           0  lc_ctype_c.o(locale$$data)
    Image$$RW_m_data$$Base                   0x1fff8000   Number         0  anon$$obj.o ABSOLUTE
    result                                   0x20000000   Data           4  test.o(.data)
    RxCODE                                   0x20000008   Data           4  flexcan.o(.data)
    RxID                                     0x2000000c   Data           4  flexcan.o(.data)
    RxLENGTH                                 0x20000010   Data           4  flexcan.o(.data)
    RxDATA                                   0x20000014   Data           8  flexcan.o(.data)
    RxTIMESTAMP                              0x2000001c   Data           4  flexcan.o(.data)
    pxCurrentTCB                             0x20000020   Data           4  tasks.o(.data)
    AppTaskCreate_Handle                     0x20000094   Data           4  main.o(.data)
    Task1_Handle                             0x20000098   Data           4  main.o(.data)
    Task2_Handle                             0x2000009c   Data           4  main.o(.data)
    Test_Task_Handle                         0x200000a0   Data           4  main.o(.data)
    xQueueRegistry                           0x200000a4   Data          64  queue.o(.bss)
    __libspace_start                         0x200001d4   Data          96  libspace.o(.bss)
    Image$$ARM_LIB_HEAP$$ZI$$Base            0x20000234   Number         0  anon$$obj.o ABSOLUTE
    __temporary_stack_top$libspace           0x20000234   Data           0  libspace.o(.bss)
    Image$$ARM_LIB_HEAP$$ZI$$Limit           0x20000634   Number         0  anon$$obj.o ABSOLUTE
    Image$$ARM_LIB_STACK$$ZI$$Limit          0x20007000   Number         0  anon$$obj.o ABSOLUTE



==============================================================================

Memory Map of the image

  Image Entry point : 0x00000411

  Load Region LR_m_text (Base: 0x00000410, Size: 0x0000489c, Max: 0x0007fbf0, ABSOLUTE)

    Execution Region ER_m_text (Exec base: 0x00000410, Load base: 0x00000410, Size: 0x000047f8, Max: 0x0007fbf0, ABSOLUTE)

    Exec Addr    Load Addr    Size         Type   Attr      Idx    E Section Name        Object

    0x00000410   0x00000410   0x00000008   Code   RO         1723  * !!!main             c_w.l(__main.o)
    0x00000418   0x00000418   0x00000034   Code   RO         2061    !!!scatter          c_w.l(__scatter.o)
    0x0000044c   0x0000044c   0x0000001a   Code   RO         2063    !!handler_copy      c_w.l(__scatter_copy.o)
    0x00000466   0x00000466   0x00000002   PAD
    0x00000468   0x00000468   0x0000001c   Code   RO         2065    !!handler_zi        c_w.l(__scatter_zi.o)
    0x00000484   0x00000484   0x00000000   Code   RO         1809    .ARM.Collect$$_printf_percent$$00000000  c_w.l(_printf_percent.o)
    0x00000484   0x00000484   0x00000006   Code   RO         1798    .ARM.Collect$$_printf_percent$$00000001  c_w.l(_printf_n.o)
    0x0000048a   0x0000048a   0x00000006   Code   RO         1800    .ARM.Collect$$_printf_percent$$00000002  c_w.l(_printf_p.o)
    0x00000490   0x00000490   0x00000006   Code   RO         1805    .ARM.Collect$$_printf_percent$$00000003  c_w.l(_printf_f.o)
    0x00000496   0x00000496   0x00000006   Code   RO         1806    .ARM.Collect$$_printf_percent$$00000004  c_w.l(_printf_e.o)
    0x0000049c   0x0000049c   0x00000006   Code   RO         1807    .ARM.Collect$$_printf_percent$$00000005  c_w.l(_printf_g.o)
    0x000004a2   0x000004a2   0x00000006   Code   RO         1808    .ARM.Collect$$_printf_percent$$00000006  c_w.l(_printf_a.o)
    0x000004a8   0x000004a8   0x0000000a   Code   RO         1813    .ARM.Collect$$_printf_percent$$00000007  c_w.l(_printf_ll.o)
    0x000004b2   0x000004b2   0x00000006   Code   RO         1802    .ARM.Collect$$_printf_percent$$00000008  c_w.l(_printf_i.o)
    0x000004b8   0x000004b8   0x00000006   Code   RO         1803    .ARM.Collect$$_printf_percent$$00000009  c_w.l(_printf_d.o)
    0x000004be   0x000004be   0x00000006   Code   RO         1804    .ARM.Collect$$_printf_percent$$0000000A  c_w.l(_printf_u.o)
    0x000004c4   0x000004c4   0x00000006   Code   RO         1801    .ARM.Collect$$_printf_percent$$0000000B  c_w.l(_printf_o.o)
    0x000004ca   0x000004ca   0x00000006   Code   RO         1799    .ARM.Collect$$_printf_percent$$0000000C  c_w.l(_printf_x.o)
    0x000004d0   0x000004d0   0x00000006   Code   RO         1810    .ARM.Collect$$_printf_percent$$0000000D  c_w.l(_printf_lli.o)
    0x000004d6   0x000004d6   0x00000006   Code   RO         1811    .ARM.Collect$$_printf_percent$$0000000E  c_w.l(_printf_lld.o)
    0x000004dc   0x000004dc   0x00000006   Code   RO         1812    .ARM.Collect$$_printf_percent$$0000000F  c_w.l(_printf_llu.o)
    0x000004e2   0x000004e2   0x00000006   Code   RO         1817    .ARM.Collect$$_printf_percent$$00000010  c_w.l(_printf_llo.o)
    0x000004e8   0x000004e8   0x00000006   Code   RO         1818    .ARM.Collect$$_printf_percent$$00000011  c_w.l(_printf_llx.o)
    0x000004ee   0x000004ee   0x0000000a   Code   RO         1814    .ARM.Collect$$_printf_percent$$00000012  c_w.l(_printf_l.o)
    0x000004f8   0x000004f8   0x00000006   Code   RO         1796    .ARM.Collect$$_printf_percent$$00000013  c_w.l(_printf_c.o)
    0x000004fe   0x000004fe   0x00000006   Code   RO         1797    .ARM.Collect$$_printf_percent$$00000014  c_w.l(_printf_s.o)
    0x00000504   0x00000504   0x00000006   Code   RO         1815    .ARM.Collect$$_printf_percent$$00000015  c_w.l(_printf_lc.o)
    0x0000050a   0x0000050a   0x00000006   Code   RO         1816    .ARM.Collect$$_printf_percent$$00000016  c_w.l(_printf_ls.o)
    0x00000510   0x00000510   0x00000004   Code   RO         1866    .ARM.Collect$$_printf_percent$$00000017  c_w.l(_printf_percent_end.o)
    0x00000514   0x00000514   0x00000002   Code   RO         1915    .ARM.Collect$$libinit$$00000000  c_w.l(libinit.o)
    0x00000516   0x00000516   0x00000004   Code   RO         1933    .ARM.Collect$$libinit$$00000001  c_w.l(libinit2.o)
    0x0000051a   0x0000051a   0x00000000   Code   RO         1936    .ARM.Collect$$libinit$$00000004  c_w.l(libinit2.o)
    0x0000051a   0x0000051a   0x00000000   Code   RO         1939    .ARM.Collect$$libinit$$0000000A  c_w.l(libinit2.o)
    0x0000051a   0x0000051a   0x00000000   Code   RO         1941    .ARM.Collect$$libinit$$0000000C  c_w.l(libinit2.o)
    0x0000051a   0x0000051a   0x00000000   Code   RO         1943    .ARM.Collect$$libinit$$0000000E  c_w.l(libinit2.o)
    0x0000051a   0x0000051a   0x00000006   Code   RO         1944    .ARM.Collect$$libinit$$0000000F  c_w.l(libinit2.o)
    0x00000520   0x00000520   0x00000000   Code   RO         1946    .ARM.Collect$$libinit$$00000011  c_w.l(libinit2.o)
    0x00000520   0x00000520   0x0000000c   Code   RO         1947    .ARM.Collect$$libinit$$00000012  c_w.l(libinit2.o)
    0x0000052c   0x0000052c   0x00000000   Code   RO         1948    .ARM.Collect$$libinit$$00000013  c_w.l(libinit2.o)
    0x0000052c   0x0000052c   0x00000000   Code   RO         1950    .ARM.Collect$$libinit$$00000015  c_w.l(libinit2.o)
    0x0000052c   0x0000052c   0x0000000a   Code   RO         1951    .ARM.Collect$$libinit$$00000016  c_w.l(libinit2.o)
    0x00000536   0x00000536   0x00000000   Code   RO         1952    .ARM.Collect$$libinit$$00000017  c_w.l(libinit2.o)
    0x00000536   0x00000536   0x00000000   Code   RO         1954    .ARM.Collect$$libinit$$00000019  c_w.l(libinit2.o)
    0x00000536   0x00000536   0x00000000   Code   RO         1956    .ARM.Collect$$libinit$$0000001B  c_w.l(libinit2.o)
    0x00000536   0x00000536   0x00000000   Code   RO         1958    .ARM.Collect$$libinit$$0000001D  c_w.l(libinit2.o)
    0x00000536   0x00000536   0x00000000   Code   RO         1960    .ARM.Collect$$libinit$$0000001F  c_w.l(libinit2.o)
    0x00000536   0x00000536   0x00000000   Code   RO         1962    .ARM.Collect$$libinit$$00000021  c_w.l(libinit2.o)
    0x00000536   0x00000536   0x00000000   Code   RO         1964    .ARM.Collect$$libinit$$00000023  c_w.l(libinit2.o)
    0x00000536   0x00000536   0x00000000   Code   RO         1966    .ARM.Collect$$libinit$$00000025  c_w.l(libinit2.o)
    0x00000536   0x00000536   0x00000000   Code   RO         1970    .ARM.Collect$$libinit$$0000002C  c_w.l(libinit2.o)
    0x00000536   0x00000536   0x00000000   Code   RO         1972    .ARM.Collect$$libinit$$0000002E  c_w.l(libinit2.o)
    0x00000536   0x00000536   0x00000000   Code   RO         1974    .ARM.Collect$$libinit$$00000030  c_w.l(libinit2.o)
    0x00000536   0x00000536   0x00000000   Code   RO         1976    .ARM.Collect$$libinit$$00000032  c_w.l(libinit2.o)
    0x00000536   0x00000536   0x00000002   Code   RO         1977    .ARM.Collect$$libinit$$00000033  c_w.l(libinit2.o)
    0x00000538   0x00000538   0x00000002   Code   RO         2004    .ARM.Collect$$libshutdown$$00000000  c_w.l(libshutdown.o)
    0x0000053a   0x0000053a   0x00000000   Code   RO         2014    .ARM.Collect$$libshutdown$$00000002  c_w.l(libshutdown2.o)
    0x0000053a   0x0000053a   0x00000000   Code   RO         2016    .ARM.Collect$$libshutdown$$00000004  c_w.l(libshutdown2.o)
    0x0000053a   0x0000053a   0x00000000   Code   RO         2019    .ARM.Collect$$libshutdown$$00000007  c_w.l(libshutdown2.o)
    0x0000053a   0x0000053a   0x00000000   Code   RO         2022    .ARM.Collect$$libshutdown$$0000000A  c_w.l(libshutdown2.o)
    0x0000053a   0x0000053a   0x00000000   Code   RO         2024    .ARM.Collect$$libshutdown$$0000000C  c_w.l(libshutdown2.o)
    0x0000053a   0x0000053a   0x00000000   Code   RO         2027    .ARM.Collect$$libshutdown$$0000000F  c_w.l(libshutdown2.o)
    0x0000053a   0x0000053a   0x00000002   Code   RO         2028    .ARM.Collect$$libshutdown$$00000010  c_w.l(libshutdown2.o)
    0x0000053c   0x0000053c   0x00000000   Code   RO         1725    .ARM.Collect$$rtentry$$00000000  c_w.l(__rtentry.o)
    0x0000053c   0x0000053c   0x00000000   Code   RO         1832    .ARM.Collect$$rtentry$$00000002  c_w.l(__rtentry2.o)
    0x0000053c   0x0000053c   0x00000004   Code   RO         1846    .ARM.Collect$$rtentry$$00000007  c_w.l(__rtentry7.o)
    0x00000540   0x00000540   0x00000000   Code   RO         1834    .ARM.Collect$$rtentry$$00000009  c_w.l(__rtentry2.o)
    0x00000540   0x00000540   0x00000004   Code   RO         1835    .ARM.Collect$$rtentry$$0000000A  c_w.l(__rtentry2.o)
    0x00000544   0x00000544   0x00000000   Code   RO         1837    .ARM.Collect$$rtentry$$0000000C  c_w.l(__rtentry2.o)
    0x00000544   0x00000544   0x00000008   Code   RO         1838    .ARM.Collect$$rtentry$$0000000D  c_w.l(__rtentry2.o)
    0x0000054c   0x0000054c   0x00000004   Code   RO         1847    .ARM.Collect$$rtentry$$00002718  c_w.l(__rtentry7.o)
    0x00000550   0x00000550   0x00000002   Code   RO         1926    .ARM.Collect$$rtexit$$00000000  c_w.l(rtexit.o)
    0x00000552   0x00000552   0x00000000   Code   RO         1986    .ARM.Collect$$rtexit$$00000002  c_w.l(rtexit2.o)
    0x00000552   0x00000552   0x00000004   Code   RO         1987    .ARM.Collect$$rtexit$$00000003  c_w.l(rtexit2.o)
    0x00000556   0x00000556   0x00000006   Code   RO         1988    .ARM.Collect$$rtexit$$00000004  c_w.l(rtexit2.o)
    0x0000055c   0x0000055c   0x000000b6   Code   RO         1432    .emb_text           port_1.o
    0x00000612   0x00000612   0x00000002   PAD
    0x00000614   0x00000614   0x00000038   Code   RO         1709    .text               startup_s32k144.o
    0x0000064c   0x0000064c   0x00000034   Code   RO         1715    .text               c_w.l(vsnprintf.o)
    0x00000680   0x00000680   0x0000008a   Code   RO         1717    .text               c_w.l(rt_memcpy_v6.o)
    0x0000070a   0x0000070a   0x00000010   Code   RO         1719    .text               c_w.l(aeabi_memset.o)
    0x0000071a   0x0000071a   0x0000004e   Code   RO         1721    .text               c_w.l(rt_memclr_w.o)
    0x00000768   0x00000768   0x0000004e   Code   RO         1728    .text               c_w.l(_printf_pad.o)
    0x000007b6   0x000007b6   0x00000024   Code   RO         1730    .text               c_w.l(_printf_truncate.o)
    0x000007da   0x000007da   0x00000052   Code   RO         1732    .text               c_w.l(_printf_str.o)
    0x0000082c   0x0000082c   0x00000078   Code   RO         1734    .text               c_w.l(_printf_dec.o)
    0x000008a4   0x000008a4   0x00000028   Code   RO         1736    .text               c_w.l(_printf_charcount.o)
    0x000008cc   0x000008cc   0x00000030   Code   RO         1738    .text               c_w.l(_printf_char_common.o)
    0x000008fc   0x000008fc   0x0000000a   Code   RO         1740    .text               c_w.l(_sputc.o)
    0x00000906   0x00000906   0x00000010   Code   RO         1742    .text               c_w.l(_snputc.o)
    0x00000916   0x00000916   0x00000002   PAD
    0x00000918   0x00000918   0x000000bc   Code   RO         1744    .text               c_w.l(_printf_wctomb.o)
    0x000009d4   0x000009d4   0x0000007c   Code   RO         1747    .text               c_w.l(_printf_longlong_dec.o)
    0x00000a50   0x00000a50   0x00000070   Code   RO         1753    .text               c_w.l(_printf_oct_int_ll.o)
    0x00000ac0   0x00000ac0   0x00000094   Code   RO         1773    .text               c_w.l(_printf_hex_int_ll_ptr.o)
    0x00000b54   0x00000b54   0x00000188   Code   RO         1793    .text               c_w.l(__printf_flags_ss_wp.o)
    0x00000cdc   0x00000cdc   0x00000064   Code   RO         1819    .text               c_w.l(rt_memcpy_w.o)
    0x00000d40   0x00000d40   0x00000044   Code   RO         1821    .text               c_w.l(rt_memclr.o)
    0x00000d84   0x00000d84   0x0000008a   Code   RO         1851    .text               c_w.l(lludiv10.o)
    0x00000e0e   0x00000e0e   0x000000b2   Code   RO         1853    .text               c_w.l(_printf_intcommon.o)
    0x00000ec0   0x00000ec0   0x0000041e   Code   RO         1855    .text               c_w.l(_printf_fp_dec.o)
    0x000012de   0x000012de   0x00000002   PAD
    0x000012e0   0x000012e0   0x000002fc   Code   RO         1857    .text               c_w.l(_printf_fp_hex.o)
    0x000015dc   0x000015dc   0x0000002c   Code   RO         1862    .text               c_w.l(_printf_char.o)
    0x00001608   0x00001608   0x0000002c   Code   RO         1864    .text               c_w.l(_printf_wchar.o)
    0x00001634   0x00001634   0x00000040   Code   RO         1867    .text               c_w.l(_wcrtomb.o)
    0x00001674   0x00001674   0x00000010   Code   RO         1871    .text               c_w.l(rt_ctype_table.o)
    0x00001684   0x00001684   0x00000008   Code   RO         1876    .text               c_w.l(rt_locale_intlibspace.o)
    0x0000168c   0x0000168c   0x00000080   Code   RO         1878    .text               c_w.l(_printf_fp_infnan.o)
    0x0000170c   0x0000170c   0x000000e4   Code   RO         1880    .text               c_w.l(bigflt0.o)
    0x000017f0   0x000017f0   0x00000012   Code   RO         1908    .text               c_w.l(exit.o)
    0x00001802   0x00001802   0x00000002   PAD
    0x00001804   0x00001804   0x00000080   Code   RO         1931    .text               c_w.l(strcmpv7m.o)
    0x00001884   0x00001884   0x00000002   Code   RO         1982    .text               c_w.l(use_no_semi.o)
    0x00001886   0x00001886   0x00000000   Code   RO         1984    .text               c_w.l(indicate_semi.o)
    0x00001886   0x00001886   0x00000002   PAD
    0x00001888   0x00001888   0x0000000c   Code   RO         1996    .text               c_w.l(sys_exit.o)
    0x00001894   0x00001894   0x0000003e   Code   RO         1883    CL$$btod_d2e        c_w.l(btod.o)
    0x000018d2   0x000018d2   0x00000046   Code   RO         1885    CL$$btod_d2e_denorm_low  c_w.l(btod.o)
    0x00001918   0x00001918   0x00000060   Code   RO         1884    CL$$btod_d2e_norm_op1  c_w.l(btod.o)
    0x00001978   0x00001978   0x00000338   Code   RO         1893    CL$$btod_div_common  c_w.l(btod.o)
    0x00001cb0   0x00001cb0   0x000000dc   Code   RO         1890    CL$$btod_e2e        c_w.l(btod.o)
    0x00001d8c   0x00001d8c   0x0000002a   Code   RO         1887    CL$$btod_ediv       c_w.l(btod.o)
    0x00001db6   0x00001db6   0x0000002a   Code   RO         1886    CL$$btod_emul       c_w.l(btod.o)
    0x00001de0   0x00001de0   0x00000244   Code   RO         1892    CL$$btod_mult_common  c_w.l(btod.o)
    0x00002024   0x00002024   0x00000002   Code   RO            4    i.ADC_Test          test.o
    0x00002026   0x00002026   0x00000002   PAD
    0x00002028   0x00002028   0x000001a0   Code   RO         1511    i.AppTaskCreate     main.o
    0x000021c8   0x000021c8   0x0000000a   Code   RO         1512    i.App_Task1         main.o
    0x000021d2   0x000021d2   0x0000000a   Code   RO         1513    i.App_Task2         main.o
    0x000021dc   0x000021dc   0x00000038   Code   RO         1514    i.Bsp_Init          main.o
    0x00002214   0x00002214   0x00000024   Code   RO          511    i.CAN0_NVIC_init_IRQs  flexcan.o
    0x00002238   0x00002238   0x000000a4   Code   RO          512    i.CAN0_ORed_0_15_MB_IRQHandler  flexcan.o
    0x000022dc   0x000022dc   0x00000010   Code   RO          300    i.Clock_init        mcu.o
    0x000022ec   0x000022ec   0x00000046   Code   RO          138    i.Dbgif_printf      dbgif.o
    0x00002332   0x00002332   0x00000008   Code   RO          513    i.FLEXCAN0_Task     flexcan.o
    0x0000233a   0x0000233a   0x00000002   PAD
    0x0000233c   0x0000233c   0x000000dc   Code   RO          514    i.FLEXCAN0_init     flexcan.o
    0x00002418   0x00002418   0x0000003c   Code   RO          516    i.FLEXCAN0_transmit_msg  flexcan.o
    0x00002454   0x00002454   0x00000008   Code   RO            5    i.Flexcan_Test      test.o
    0x0000245c   0x0000245c   0x00000018   Code   RO          338    i.LPIT0_Ch0_IRQHandler  lpit.o
    0x00002474   0x00002474   0x00000002   Code   RO          339    i.LPIT0_Test        lpit.o
    0x00002476   0x00002476   0x00000002   PAD
    0x00002478   0x00002478   0x0000003c   Code   RO          340    i.LPIT0_init        lpit.o
    0x000024b4   0x000024b4   0x00000024   Code   RO          449    i.LPUART2_RxTx_IRQHandler  lpuart.o
    0x000024d8   0x000024d8   0x00000010   Code   RO            6    i.Lpit_Test         test.o
    0x000024e8   0x000024e8   0x00000050   Code   RO          450    i.Lpuart2_init      lpuart.o
    0x00002538   0x00002538   0x00000018   Code   RO          453    i.Lpuart2_transmit_char  lpuart.o
    0x00002550   0x00002550   0x0000001a   Code   RO          454    i.Lpuart2_transmit_n_size  lpuart.o
    0x0000256a   0x0000256a   0x00000018   Code   RO          455    i.Lpuart2_transmit_string  lpuart.o
    0x00002582   0x00002582   0x00000002   Code   RO            7    i.Lpuart_Test       test.o
    0x00002584   0x00002584   0x00000024   Code   RO          341    i.NVIC_init_IRQs    lpit.o
    0x000025a8   0x000025a8   0x00000030   Code   RO          301    i.NormalRUNMode_80MHz  mcu.o
    0x000025d8   0x000025d8   0x0000007c   Code   RO          205    i.Port_Init         port.o
    0x00002654   0x00002654   0x00000044   Code   RO          302    i.SOSC_Init_8MHz    mcu.o
    0x00002698   0x00002698   0x0000004c   Code   RO          303    i.SPLL_Init_160MHz  mcu.o
    0x000026e4   0x000026e4   0x00000034   Code   RO         1433    i.SysTick_Handler   port_1.o
    0x00002718   0x00002718   0x00000040   Code   RO         1652    i.SystemInit        system_s32k144.o
    0x00002758   0x00002758   0x00000054   Code   RO            9    i.Test_Init         test.o
    0x000027ac   0x000027ac   0x0000001a   Code   RO           10    i.Test_task         test.o
    0x000027c6   0x000027c6   0x00000002   PAD
    0x000027c8   0x000027c8   0x00000020   Code   RO          456    i.UART2_NVIC_init_IRQs  lpuart.o
    0x000027e8   0x000027e8   0x0000001c   Code   RO         1515    i.WDOG_disable      main.o
    0x00002804   0x00002804   0x00000030   Code   RO         1919    i.__ARM_fpclassify  m_wm.l(fpclassify.o)
    0x00002834   0x00002834   0x0000000e   Code   RO         1786    i._is_digit         c_w.l(__printf_wp.o)
    0x00002842   0x00002842   0x00000002   PAD
    0x00002844   0x00002844   0x00000054   Code   RO         1604    i.init_data_bss     startup.o
    0x00002898   0x00002898   0x000000a8   Code   RO         1516    i.main              main.o
    0x00002940   0x00002940   0x00000098   Code   RO          916    i.prvAddCurrentTaskToDelayedList  tasks.o
    0x000029d8   0x000029d8   0x000000b8   Code   RO          917    i.prvAddNewTaskToReadyList  tasks.o
    0x00002a90   0x00002a90   0x00000064   Code   RO         1253    i.prvCheckForValidListAndQueue  timers.o
    0x00002af4   0x00002af4   0x00000064   Code   RO          918    i.prvCheckTasksWaitingTermination  tasks.o
    0x00002b58   0x00002b58   0x0000002a   Code   RO          715    i.prvCopyDataFromQueue  queue.o
    0x00002b82   0x00002b82   0x0000007c   Code   RO          716    i.prvCopyDataToQueue  queue.o
    0x00002bfe   0x00002bfe   0x00000012   Code   RO          919    i.prvDeleteTCB      tasks.o
    0x00002c10   0x00002c10   0x00000028   Code   RO         1254    i.prvGetNextExpireTime  timers.o
    0x00002c38   0x00002c38   0x0000007c   Code   RO         1383    i.prvHeapInit       heap_4.o
    0x00002cb4   0x00002cb4   0x0000002c   Code   RO          920    i.prvIdleTask       tasks.o
    0x00002ce0   0x00002ce0   0x0000002a   Code   RO          718    i.prvInitialiseNewQueue  queue.o
    0x00002d0a   0x00002d0a   0x000000b4   Code   RO          921    i.prvInitialiseNewTask  tasks.o
    0x00002dbe   0x00002dbe   0x00000002   PAD
    0x00002dc0   0x00002dc0   0x00000068   Code   RO          922    i.prvInitialiseTaskLists  tasks.o
    0x00002e28   0x00002e28   0x00000068   Code   RO         1384    i.prvInsertBlockIntoFreeList  heap_4.o
    0x00002e90   0x00002e90   0x00000058   Code   RO         1256    i.prvInsertTimerInActiveList  timers.o
    0x00002ee8   0x00002ee8   0x0000001a   Code   RO          719    i.prvIsQueueEmpty   queue.o
    0x00002f02   0x00002f02   0x0000001e   Code   RO          720    i.prvIsQueueFull    queue.o
    0x00002f20   0x00002f20   0x00000064   Code   RO         1257    i.prvProcessExpiredTimer  timers.o
    0x00002f84   0x00002f84   0x000000f8   Code   RO         1258    i.prvProcessReceivedCommands  timers.o
    0x0000307c   0x0000307c   0x00000074   Code   RO         1259    i.prvProcessTimerOrBlockTask  timers.o
    0x000030f0   0x000030f0   0x00000034   Code   RO          924    i.prvResetNextTaskUnblockTime  tasks.o
    0x00003124   0x00003124   0x0000002c   Code   RO         1260    i.prvSampleTimeNow  timers.o
    0x00003150   0x00003150   0x000000a0   Code   RO         1261    i.prvSwitchTimerLists  timers.o
    0x000031f0   0x000031f0   0x00000040   Code   RO         1434    i.prvTaskExitError  port_1.o
    0x00003230   0x00003230   0x0000001a   Code   RO         1262    i.prvTimerTask      timers.o
    0x0000324a   0x0000324a   0x0000007e   Code   RO          721    i.prvUnlockQueue    queue.o
    0x000032c8   0x000032c8   0x00000148   Code   RO         1385    i.pvPortMalloc      heap_4.o
    0x00003410   0x00003410   0x00000020   Code   RO          927    i.pvTaskIncrementMutexHeldCount  tasks.o
    0x00003430   0x00003430   0x0000002c   Code   RO         1435    i.pxPortInitialiseStack  port_1.o
    0x0000345c   0x0000345c   0x00000028   Code   RO          678    i.uxListRemove      list.o
    0x00003484   0x00003484   0x00000002   Code   RO         1517    i.vApplicationIdleHook  main.o
    0x00003486   0x00003486   0x00000002   Code   RO         1518    i.vApplicationMallocFailedHook  main.o
    0x00003488   0x00003488   0x00000002   Code   RO         1519    i.vApplicationStackOverflowHook  main.o
    0x0000348a   0x0000348a   0x00000002   Code   RO         1520    i.vApplicationTickHook  main.o
    0x0000348c   0x0000348c   0x0000001a   Code   RO          679    i.vListInitialise   list.o
    0x000034a6   0x000034a6   0x00000006   Code   RO          680    i.vListInitialiseItem  list.o
    0x000034ac   0x000034ac   0x00000034   Code   RO          681    i.vListInsert       list.o
    0x000034e0   0x000034e0   0x00000018   Code   RO          682    i.vListInsertEnd    list.o
    0x000034f8   0x000034f8   0x00000054   Code   RO         1437    i.vPortEnterCritical  port_1.o
    0x0000354c   0x0000354c   0x0000003c   Code   RO         1438    i.vPortExitCritical  port_1.o
    0x00003588   0x00003588   0x00000094   Code   RO         1386    i.vPortFree         heap_4.o
    0x0000361c   0x0000361c   0x00000014   Code   RO         1439    i.vPortSetupTimerInterrupt  port_1.o
    0x00003630   0x00003630   0x00000078   Code   RO         1440    i.vPortValidateInterruptPriority  port_1.o
    0x000036a8   0x000036a8   0x0000002c   Code   RO          727    i.vQueueAddToRegistry  queue.o
    0x000036d4   0x000036d4   0x0000004a   Code   RO          731    i.vQueueWaitForMessageRestricted  queue.o
    0x0000371e   0x0000371e   0x00000002   PAD
    0x00003720   0x00003720   0x0000005c   Code   RO          935    i.vTaskDelay        tasks.o
    0x0000377c   0x0000377c   0x000000f4   Code   RO          937    i.vTaskDelete       tasks.o
    0x00003870   0x00003870   0x0000000c   Code   RO          940    i.vTaskMissedYield  tasks.o
    0x0000387c   0x0000387c   0x00000038   Code   RO          942    i.vTaskPlaceOnEventList  tasks.o
    0x000038b4   0x000038b4   0x00000040   Code   RO          943    i.vTaskPlaceOnEventListRestricted  tasks.o
    0x000038f4   0x000038f4   0x000000b0   Code   RO          945    i.vTaskPriorityInherit  tasks.o
    0x000039a4   0x000039a4   0x00000030   Code   RO          949    i.vTaskSetTimeOutState  tasks.o
    0x000039d4   0x000039d4   0x00000094   Code   RO          950    i.vTaskStartScheduler  tasks.o
    0x00003a68   0x00003a68   0x00000010   Code   RO          952    i.vTaskSuspendAll   tasks.o
    0x00003a78   0x00003a78   0x000000c4   Code   RO          953    i.vTaskSwitchContext  tasks.o
    0x00003b3c   0x00003b3c   0x0000013c   Code   RO         1441    i.xPortStartScheduler  port_1.o
    0x00003c78   0x00003c78   0x00000058   Code   RO          734    i.xQueueGenericCreate  queue.o
    0x00003cd0   0x00003cd0   0x000001c4   Code   RO          735    i.xQueueGenericReceive  queue.o
    0x00003e94   0x00003e94   0x00000098   Code   RO          736    i.xQueueGenericReset  queue.o
    0x00003f2c   0x00003f2c   0x000001a8   Code   RO          737    i.xQueueGenericSend  queue.o
    0x000040d4   0x000040d4   0x000000f8   Code   RO          738    i.xQueueGenericSendFromISR  queue.o
    0x000041cc   0x000041cc   0x0000008c   Code   RO          954    i.xTaskCheckForTimeOut  tasks.o
    0x00004258   0x00004258   0x00000060   Code   RO          955    i.xTaskCreate       tasks.o
    0x000042b8   0x000042b8   0x00000020   Code   RO          959    i.xTaskGetSchedulerState  tasks.o
    0x000042d8   0x000042d8   0x0000000c   Code   RO          960    i.xTaskGetTickCount  tasks.o
    0x000042e4   0x000042e4   0x00000154   Code   RO          962    i.xTaskIncrementTick  tasks.o
    0x00004438   0x00004438   0x000000c8   Code   RO          965    i.xTaskPriorityDisinherit  tasks.o
    0x00004500   0x00004500   0x00000098   Code   RO          966    i.xTaskRemoveFromEventList  tasks.o
    0x00004598   0x00004598   0x00000104   Code   RO          968    i.xTaskResumeAll    tasks.o
    0x0000469c   0x0000469c   0x00000058   Code   RO         1266    i.xTimerCreateTimerTask  timers.o
    0x000046f4   0x000046f4   0x00000084   Code   RO         1267    i.xTimerGenericCommand  timers.o
    0x00004778   0x00004778   0x0000002c   Code   RO         1906    locale$$code        c_w.l(lc_numeric_c.o)
    0x000047a4   0x000047a4   0x0000002c   Code   RO         1929    locale$$code        c_w.l(lc_ctype_c.o)
    0x000047d0   0x000047d0   0x0000000a   Code   RO         1994    x$fpl$fpinit        fz_wm.l(fpinit.o)
    0x000047da   0x000047da   0x00000004   Code   RO         1823    x$fpl$printf1       fz_wm.l(printf1.o)
    0x000047de   0x000047de   0x00000004   Code   RO         1825    x$fpl$printf2       fz_wm.l(printf2.o)
    0x000047e2   0x000047e2   0x00000000   Code   RO         1918    x$fpl$usenofp       fz_wm.l(usenofp.o)
    0x000047e2   0x000047e2   0x00000002   PAD
    0x000047e4   0x000047e4   0x000001a0   Data   RO          188    .constdata          port_pbcfg.o
    0x00004984   0x00004984   0x00000028   Data   RO          212    .constdata          port.o
    0x000049ac   0x000049ac   0x00000004   Data   RO         1605    .constdata          startup.o
    0x000049b0   0x000049b0   0x00000008   Data   RO         1745    .constdata          c_w.l(_printf_wctomb.o)
    0x000049b8   0x000049b8   0x00000028   Data   RO         1774    .constdata          c_w.l(_printf_hex_int_ll_ptr.o)
    0x000049e0   0x000049e0   0x00000011   Data   RO         1794    .constdata          c_w.l(__printf_flags_ss_wp.o)
    0x000049f1   0x000049f1   0x00000026   Data   RO         1858    .constdata          c_w.l(_printf_fp_hex.o)
    0x00004a17   0x00004a17   0x00000001   PAD
    0x00004a18   0x00004a18   0x00000094   Data   RO         1881    .constdata          c_w.l(bigflt0.o)
    0x00004aac   0x00004aac   0x00000030   Data   RO         2059    Region$$Table       anon$$obj.o
    0x00004adc   0x00004adc   0x0000001c   Data   RO         1905    locale$$data        c_w.l(lc_numeric_c.o)
    0x00004af8   0x00004af8   0x00000110   Data   RO         1928    locale$$data        c_w.l(lc_ctype_c.o)


    Execution Region RW_m_data (Exec base: 0x1fff8000, Load base: 0x00004c08, Size: 0x00007c00, Max: 0x00008000, ABSOLUTE)

    Exec Addr    Load Addr    Size         Type   Attr      Idx    E Section Name        Object

    0x1fff8000        -       0x00007c00   Zero   RW         1390    .bss                heap_4.o


    Execution Region RW_m_data_2 (Exec base: 0x20000000, Load base: 0x00004c08, Size: 0x00000234, Max: 0x00006800, ABSOLUTE)

    Exec Addr    Load Addr    Size         Type   Attr      Idx    E Section Name        Object

    0x20000000   0x00004c08   0x00000008   Data   RW           11    .data               test.o
    0x20000008   0x00004c10   0x00000018   Data   RW          517    .data               flexcan.o
    0x20000020   0x00004c28   0x0000003c   Data   RW          971    .data               tasks.o
    0x2000005c   0x00004c64   0x00000014   Data   RW         1273    .data               timers.o
    0x20000070   0x00004c78   0x00000018   Data   RW         1391    .data               heap_4.o
    0x20000088   0x00004c90   0x0000000c   Data   RW         1442    .data               port_1.o
    0x20000094   0x00004c9c   0x00000010   Data   RW         1521    .data               main.o
    0x200000a4        -       0x00000040   Zero   RW          746    .bss                queue.o
    0x200000e4        -       0x000000c8   Zero   RW          970    .bss                tasks.o
    0x200001ac        -       0x00000028   Zero   RW         1272    .bss                timers.o
    0x200001d4        -       0x00000060   Zero   RW         1922    .bss                c_w.l(libspace.o)


    Execution Region ARM_LIB_HEAP (Exec base: 0x20000234, Load base: 0x00004cac, Size: 0x00000400, Max: 0x00000400, ABSOLUTE)

    Exec Addr    Load Addr    Size         Type   Attr      Idx    E Section Name        Object

    0x20000234        -       0x00000400   Zero   RW            1    ARM_LIB_HEAP.bss    anon$$obj.o


    Execution Region ARM_LIB_STACK (Exec base: 0x20006c00, Load base: 0x00004cac, Size: 0x00000400, Max: 0x00000400, ABSOLUTE)

    Exec Addr    Load Addr    Size         Type   Attr      Idx    E Section Name        Object

    0x20006c00        -       0x00000400   Zero   RW            2    ARM_LIB_STACK.bss   anon$$obj.o



  Load Region LR_m_interrupts (Base: 0x00000000, Size: 0x00000400, Max: 0x00000400, ABSOLUTE)

    Execution Region VECTOR_RAM (Exec base: 0x00000000, Load base: 0x00000000, Size: 0x00000000, Max: 0x00000000, ABSOLUTE)

    Exec Addr    Load Addr    Size         Type   Attr      Idx    E Section Name        Object

    0x00000000        -       0x00000000   Zero   RW            3    VECTOR_RAM.bss      anon$$obj.o


    Execution Region VECTOR_ROM (Exec base: 0x00000000, Load base: 0x00000000, Size: 0x00000400, Max: 0x00000400, ABSOLUTE)

    Exec Addr    Load Addr    Size         Type   Attr      Idx    E Section Name        Object

    0x00000000   0x00000000   0x00000400   Data   RO         1707    RESET               startup_s32k144.o



  Load Region LR_m_flash_config (Base: 0x00000400, Size: 0x00000010, Max: 0x00000010, ABSOLUTE)

    Execution Region ER_m_flash_config (Exec base: 0x00000400, Load base: 0x00000400, Size: 0x00000010, Max: 0x00000010, ABSOLUTE)

    Exec Addr    Load Addr    Size         Type   Attr      Idx    E Section Name        Object

    0x00000400   0x00000400   0x00000010   Data   RO         1708    FlashConfig         startup_s32k144.o


==============================================================================

Image component sizes


      Code (inc. data)   RO Data    RW Data    ZI Data      Debug   Object Name

        70          0          0          0          0       1307   dbgif.o
         0          0          0          0          0      11844   event_groups.o
       488         92          0         24          0       3511   flexcan.o
       704         64          0         24      31744       4559   heap_4.o
       148          0          0          0          0       3422   list.o
       122         26          0          0          0       1862   lpit.o
       222         34          0          0          0       3224   lpuart.o
       696        410          0         16          0       5276   main.o
       208         30          0          0          0       1903   mcu.o
       124         18         40          0          0     431265   port.o
       942         92          0         12          0      11481   port_1.o
         0          0        416          0          0       1305   port_pbcfg.o
      1872         22          0          0         64      16341   queue.o
        84         16          4          0          0       1685   startup.o
        56         18       1040          0          0        876   startup_s32k144.o
        64         16          0          0          0        533   system_s32k144.o
      3150        408          0         60        200      23879   tasks.o
       138         46          0          8          0      18709   test.o
      1142        118          0         20         40      17671   timers.o

    ----------------------------------------------------------------------
     10244       1410       1548        164      34096     560653   Object Totals
         0          0         48          0       2048          0   (incl. Generated)
        14          0          0          0          0          0   (incl. Padding)

    ----------------------------------------------------------------------

      Code (inc. data)   RO Data    RW Data    ZI Data      Debug   Library Member Name

         8          0          0          0          0         68   __main.o
       392          4         17          0          0         92   __printf_flags_ss_wp.o
        14          0          0          0          0         68   __printf_wp.o
         0          0          0          0          0          0   __rtentry.o
        12          0          0          0          0          0   __rtentry2.o
         8          4          0          0          0          0   __rtentry7.o
        52          8          0          0          0          0   __scatter.o
        26          0          0          0          0          0   __scatter_copy.o
        28          0          0          0          0          0   __scatter_zi.o
         6          0          0          0          0          0   _printf_a.o
         6          0          0          0          0          0   _printf_c.o
        44          0          0          0          0        108   _printf_char.o
        48          6          0          0          0         96   _printf_char_common.o
        40          0          0          0          0         68   _printf_charcount.o
         6          0          0          0          0          0   _printf_d.o
       120         16          0          0          0         92   _printf_dec.o
         6          0          0          0          0          0   _printf_e.o
         6          0          0          0          0          0   _printf_f.o
      1054          0          0          0          0        216   _printf_fp_dec.o
       764          8         38          0          0        100   _printf_fp_hex.o
       128         16          0          0          0         84   _printf_fp_infnan.o
         6          0          0          0          0          0   _printf_g.o
       148          4         40          0          0        160   _printf_hex_int_ll_ptr.o
         6          0          0          0          0          0   _printf_i.o
       178          0          0          0          0         88   _printf_intcommon.o
        10          0          0          0          0          0   _printf_l.o
         6          0          0          0          0          0   _printf_lc.o
        10          0          0          0          0          0   _printf_ll.o
         6          0          0          0          0          0   _printf_lld.o
         6          0          0          0          0          0   _printf_lli.o
         6          0          0          0          0          0   _printf_llo.o
         6          0          0          0          0          0   _printf_llu.o
         6          0          0          0          0          0   _printf_llx.o
       124         16          0          0          0         92   _printf_longlong_dec.o
         6          0          0          0          0          0   _printf_ls.o
         6          0          0          0          0          0   _printf_n.o
         6          0          0          0          0          0   _printf_o.o
       112         10          0          0          0        124   _printf_oct_int_ll.o
         6          0          0          0          0          0   _printf_p.o
        78          0          0          0          0        108   _printf_pad.o
         0          0          0          0          0          0   _printf_percent.o
         4          0          0          0          0          0   _printf_percent_end.o
         6          0          0          0          0          0   _printf_s.o
        82          0          0          0          0         80   _printf_str.o
        36          0          0          0          0         84   _printf_truncate.o
         6          0          0          0          0          0   _printf_u.o
        44          0          0          0          0        108   _printf_wchar.o
       188          6          8          0          0         92   _printf_wctomb.o
         6          0          0          0          0          0   _printf_x.o
        16          0          0          0          0         68   _snputc.o
        10          0          0          0          0         68   _sputc.o
        64          0          0          0          0         92   _wcrtomb.o
        16          0          0          0          0         68   aeabi_memset.o
       228          4        148          0          0         96   bigflt0.o
      1936        128          0          0          0        672   btod.o
        18          0          0          0          0         80   exit.o
         0          0          0          0          0          0   indicate_semi.o
        44         10        272          0          0         76   lc_ctype_c.o
        44         10         28          0          0         76   lc_numeric_c.o
         2          0          0          0          0          0   libinit.o
        34          0          0          0          0          0   libinit2.o
         2          0          0          0          0          0   libshutdown.o
         2          0          0          0          0          0   libshutdown2.o
         0          0          0          0         96          0   libspace.o
       138          0          0          0          0         80   lludiv10.o
        16          4          0          0          0         76   rt_ctype_table.o
         8          4          0          0          0         68   rt_locale_intlibspace.o
        68          0          0          0          0         68   rt_memclr.o
        78          0          0          0          0         80   rt_memclr_w.o
       138          0          0          0          0         68   rt_memcpy_v6.o
       100          0          0          0          0         80   rt_memcpy_w.o
         2          0          0          0          0          0   rtexit.o
        10          0          0          0          0          0   rtexit2.o
       128          0          0          0          0         68   strcmpv7m.o
        12          4          0          0          0         68   sys_exit.o
         2          0          0          0          0         68   use_no_semi.o
        52          4          0          0          0         80   vsnprintf.o
        10          0          0          0          0        116   fpinit.o
         4          0          0          0          0        116   printf1.o
         4          0          0          0          0        116   printf2.o
         0          0          0          0          0          0   usenofp.o
        48          0          0          0          0        124   fpclassify.o

    ----------------------------------------------------------------------
      7120        266        552          0         96       4500   Library Totals
        14          0          1          0          0          0   (incl. Padding)

    ----------------------------------------------------------------------

      Code (inc. data)   RO Data    RW Data    ZI Data      Debug   Library Name

      7040        266        551          0         96       4028   c_w.l
        18          0          0          0          0        348   fz_wm.l
        48          0          0          0          0        124   m_wm.l

    ----------------------------------------------------------------------
      7120        266        552          0         96       4500   Library Totals

    ----------------------------------------------------------------------

==============================================================================


      Code (inc. data)   RO Data    RW Data    ZI Data      Debug   

     17364       1676       2100        164      34192     552369   Grand Totals
     17364       1676       2100        164      34192     552369   ELF Image Totals
     17364       1676       2100        164          0          0   ROM Totals

==============================================================================

    Total RO  Size (Code + RO Data)                19464 (  19.01kB)
    Total RW  Size (RW Data + ZI Data)             34356 (  33.55kB)
    Total ROM Size (Code + RO Data + RW Data)      19628 (  19.17kB)

==============================================================================

