<html>
<body>
<pre>
<h1>µVision Build Log</h1>
<h2>Tool Versions:</h2>
IDE-Version: ¦ÌVision V5.26.2.0
Copyright (C) 2018 ARM Ltd and ARM Germany GmbH. All rights reserved.
License Information: aa wander@3-dragons.com, dad, LIC=ATTQD-8Q0DC-FWA2N-YF8ZA-GG99S-RY7YB
 
Tool Versions:
Toolchain:       MDK-ARM Plus  Version: 5.26.2.0
Toolchain Path:  d:\Keil_v5\ARM\ARMCC\Bin
C Compiler:      Armcc.exe V5.06 update 6 (build 750)
Assembler:       Armasm.exe V5.06 update 6 (build 750)
Linker/Locator:  ArmLink.exe V5.06 update 6 (build 750)
Library Manager: ArmAr.exe V5.06 update 6 (build 750)
Hex Converter:   FromElf.exe V5.06 update 6 (build 750)
CPU DLL:         SARMCM3.DLL V5.26.2.0
Dialog DLL:      DCM.DLL V1.17.2.0
Target DLL:      Segger\JL2CM3.dll V2.99.31.0
Dialog DLL:      TCM.DLL V1.36.1.0
 
<h2>Project:</h2>
D:\GitRes\S32k_FreeRTOS\template\Project\template.uvprojx
Project File Date:  07/24/2020

<h2>Output:</h2>
*** Using Compiler 'V5.06 update 6 (build 750)', folder: 'd:\Keil_v5\ARM\ARMCC\Bin'
Rebuild target 'Target 1'
compiling croutine.c...
compiling event_groups.c...
compiling heap_4.c...
compiling list.c...
compiling timers.c...
compiling queue.c...
compiling tasks.c...
assembling startup_S32K144.s...
compiling port.c...
compiling system_S32K144.c...
compiling pins_port_hw_access.c...
compiling startup.c...
compiling main.c...
compiling pins_driver.c...
linking...
Program Size: Code=10144 RO-data=1104 RW-data=140 ZI-data=10892  
FromELF: creating hex file...
".\Objects\template.axf" - 0 Error(s), 0 Warning(s).

<h2>Software Packages used:</h2>

Package Vendor: ARM
                http://www.keil.com/pack/ARM.CMSIS.5.4.0.pack
                ARM.CMSIS.5.4.0
                CMSIS (Cortex Microcontroller Software Interface Standard)
   * Component: CORE Version: 5.1.2

Package Vendor: Keil
                http://www.keil.com/pack/Keil.S32_SDK_DFP.1.2.0.pack
                Keil.S32_SDK_DFP.1.2.0
                NXP S32 SDK including S32K144HFT0VLLT, S32K144LFT0MLLT basic CMSIS Device Support
   * Component: Startup Version: 2.0.0

<h2>Collection of Component include folders:</h2>
  .\RTE\Device\S32K144HAxxxLHx
  .\RTE\_Target_1
  d:\Keil_v5\ARM\PACK\ARM\CMSIS\5.4.0\CMSIS\Core\Include
  d:\Keil_v5\ARM\PACK\Keil\S32_SDK_DFP\1.2.0\platform\devices
  d:\Keil_v5\ARM\PACK\Keil\S32_SDK_DFP\1.2.0\platform\devices\common

<h2>Collection of Component Files used:</h2>

   * Component: ARM::CMSIS:CORE:5.1.2

   * Component: Keil::Device:Startup:2.0.0
      Include file:  platform\devices\device_registers.h
      Source file:   platform\devices\startup.c
      Source file:   platform\devices\S32K144\startup\arm\startup_S32K144.s
      Source file:   platform\devices\S32K144\startup\system_S32K144.c
      Include file:  platform\devices\S32K144\startup\system_S32K144.h
Build Time Elapsed:  00:00:02
</pre>
</body>
</html>
